job        : 35687
node       : soeepyc10
started    : 2026-08-09T04:40:15Z
model_run  : /vol_efthymios/NFS07/dd1136/T_and_C/model_run
template   : /vol_efthymios/NFS07/dd1136/T_and_C/T_and_C_dynamic_LMA/T&C/Thanos_US_xRM
meteo      : /vol_efthymios/NFS07/dd1136/T_and_C/input_data/meteo

root      : /vol_efthymios/NFS07/dd1136/T_and_C/model_run
template  : /vol_efthymios/NFS07/dd1136/T_and_C/T_and_C_dynamic_LMA/T&C/Thanos_US_xRM
stations  : 2 (17 excluded)
soil      : 101 sites, 101 profiles
canopy    : 117 (GEDI window median 73, AmeriFlux BADM HEIGHTC 44)
ZR95      : 117   EC heights: 511
meteo dir : /vol_efthymios/NFS07/dd1136/T_and_C/input_data/meteo

==================================================================
READY: 2/2 stations have every input
==================================================================
  - US-HBK   ms=17  Kbot=NaN   ZR95=  1000 zatm=   30 hc=   22 Sl=0.02522
  - US-Ha2   ms=16  Kbot=NaN   ZR95=  1100 zatm=   35 hc=   21 Sl=0.01950

finished   : 2026-08-09T04:40:16Z
exit status: 0  (1 = some station blocked or a substitution failed)
