job        : 38867
node       : soeepyc05
cluster    : soe   partition: SOE_main
results    : /vol_efthymios/NFS07/dd1136/T_and_C/result_summary
started    : 2026-08-26T16:39:54Z
model_run  : /vol_efthymios/NFS07/dd1136/T_and_C/model_run

model_run : /vol_efthymios/NFS07/dd1136/T_and_C/model_run
pair      : ssp126/*:*
stations  : 98   drought classes from drought_years_gcm.csv

SKIPPED -- 50 pair(s):
  ! US-CPk    ssp126/GFDL-ESM4:fixed_lma  one arm has no RES
  ! US-CPk    ssp126/IPSL-CM6A-LR:fixed_lmaone arm has no RES
  ! US-CPk    ssp126/MPI-ESM1-2-HR:fixed_lmaone arm has no RES
  ! US-CPk    ssp126/MRI-ESM2-0:fixed_lma one arm has no RES
  ! US-CPk    ssp126/UKESM1-0-LL:fixed_lmaone arm has no RES
  ! US-CZ2    ssp126/GFDL-ESM4:fixed_lma  one arm has no RES
  ! US-CZ2    ssp126/IPSL-CM6A-LR:fixed_lmaone arm has no RES
  ! US-CZ2    ssp126/MPI-ESM1-2-HR:fixed_lmaone arm has no RES
  ! US-CZ2    ssp126/MRI-ESM2-0:fixed_lma one arm has no RES
  ! US-CZ2    ssp126/UKESM1-0-LL:fixed_lmaone arm has no RES
  ! US-DPP    ssp126/GFDL-ESM4:fixed_lma  one arm has no RES
  ! US-DPP    ssp126/IPSL-CM6A-LR:fixed_lmaone arm has no RES
  ! US-DPP    ssp126/MPI-ESM1-2-HR:fixed_lmaone arm has no RES
  ! US-DPP    ssp126/MRI-ESM2-0:fixed_lma one arm has no RES
  ! US-DPP    ssp126/UKESM1-0-LL:fixed_lmaone arm has no RES
  ! US-NMj    ssp126/GFDL-ESM4:fixed_lma  one arm has no RES
  ! US-NMj    ssp126/IPSL-CM6A-LR:fixed_lmaone arm has no RES
  ! US-NMj    ssp126/MPI-ESM1-2-HR:fixed_lmaone arm has no RES
  ! US-NMj    ssp126/MRI-ESM2-0:fixed_lma one arm has no RES
  ! US-NMj    ssp126/UKESM1-0-LL:fixed_lmaone arm has no RES
  ... and 30 more

variable   med |rel| peak |rel|  peak doy   (% of the variable's own annual mean)
LAI_H          2.35%      4.88%       244
GPP            0.72%      2.74%       159
NPP            0.80%      3.15%       159
ET             0.88%      2.18%       183
T              0.97%      2.98%       181
EG             1.75%      3.99%       144
EIn            1.78%      5.06%       161
Lk             2.26%      4.90%       128
QE             0.87%      2.18%       183
H              0.73%      1.63%       182
Rn             0.09%      0.13%       126
Tfrac          0.42%      0.73%       315
Bowen          1.93%      3.99%        72
WUE            0.92%      1.74%       315

410 pair(s), 6280642 row(s) -> /vol_efthymios/NFS07/dd1136/T_and_C/result_summary/gcm_daily_ssp126.csv

finished   : 2026-08-26T17:29:59Z
exit status: 1  (1 = at least one pair was skipped; read the list above)
