job        : 38850
node       : soeepyc13
cluster    : soe   partition: SOE_main
results    : /vol_efthymios/NFS07/dd1136/T_and_C/result_summary
started    : 2026-08-26T15:38:18Z
model_run  : /vol_efthymios/NFS07/dd1136/T_and_C/model_run

model_run : /vol_efthymios/NFS07/dd1136/T_and_C/model_run
pair      : ssp126/*:*
stations  : 98   drought classes from drought_years_gcm.csv

SKIPPED -- 50 pair(s):
  ! US-CPk    ssp126/GFDL-ESM4:fixed_lma  one arm has no RES
  ! US-CPk    ssp126/IPSL-CM6A-LR:fixed_lmaone arm has no RES
  ! US-CPk    ssp126/MPI-ESM1-2-HR:fixed_lmaone arm has no RES
  ! US-CPk    ssp126/MRI-ESM2-0:fixed_lma one arm has no RES
  ! US-CPk    ssp126/UKESM1-0-LL:fixed_lmaone arm has no RES
  ! US-CZ2    ssp126/GFDL-ESM4:fixed_lma  one arm has no RES
  ! US-CZ2    ssp126/IPSL-CM6A-LR:fixed_lmaone arm has no RES
  ! US-CZ2    ssp126/MPI-ESM1-2-HR:fixed_lmaone arm has no RES
  ! US-CZ2    ssp126/MRI-ESM2-0:fixed_lma one arm has no RES
  ! US-CZ2    ssp126/UKESM1-0-LL:fixed_lmaone arm has no RES
  ! US-DPP    ssp126/GFDL-ESM4:fixed_lma  one arm has no RES
  ! US-DPP    ssp126/IPSL-CM6A-LR:fixed_lmaone arm has no RES
  ! US-DPP    ssp126/MPI-ESM1-2-HR:fixed_lmaone arm has no RES
  ! US-DPP    ssp126/MRI-ESM2-0:fixed_lma one arm has no RES
  ! US-DPP    ssp126/UKESM1-0-LL:fixed_lmaone arm has no RES
  ! US-NMj    ssp126/GFDL-ESM4:fixed_lma  one arm has no RES
  ! US-NMj    ssp126/IPSL-CM6A-LR:fixed_lmaone arm has no RES
  ! US-NMj    ssp126/MPI-ESM1-2-HR:fixed_lmaone arm has no RES
  ! US-NMj    ssp126/MRI-ESM2-0:fixed_lma one arm has no RES
  ! US-NMj    ssp126/UKESM1-0-LL:fixed_lmaone arm has no RES
  ... and 30 more

variable  mean |rel| peak |rel|  peak doy   basis
LAI_H          6.10%     10.56%       244   % of annual mean
GPP            3.70%      7.79%       172   % of annual mean
NPP            3.89%      8.25%       172   % of annual mean
ET             2.34%      4.65%       183   % of annual mean
T              3.76%      7.81%       182   % of annual mean
EG            10.54%     18.68%       187   % of annual mean
EIn            5.28%     11.02%       210   % of annual mean
Lk            14.27%     34.74%       163   % of annual mean
QE             2.32%      4.63%       183   % of annual mean
H              1.90%      3.57%       183   % of annual mean
Rn             0.53%      0.78%       117   % of annual mean
Tfrac          6.09%    217.78%        19   % of same day
Bowen         22.83%    169.80%       337   % of same day
WUE            5.24%     12.01%        16   % of same day

410 pair(s), 6280642 row(s) -> /vol_efthymios/NFS07/dd1136/T_and_C/result_summary/gcm_daily_ssp126.csv

finished   : 2026-08-26T16:27:55Z
exit status: 1  (1 = at least one pair was skipped; read the list above)
