job        : 38622
node       : soeepyc07
cluster    : soe   partition: SOE_main
results    : /vol_efthymios/NFS07/dd1136/T_and_C/result_summary
started    : 2026-08-26T06:03:32Z
model_run  : /vol_efthymios/NFS07/dd1136/T_and_C/model_run

model_run : /vol_efthymios/NFS07/dd1136/T_and_C/model_run
pair      : era5_land:*_ic
stations  : 98   drought classes from drought_years.csv

variable  mean |rel| peak |rel|  peak doy   basis
LAI_H          1.19%      2.08%       251   % of annual mean
GPP            0.74%      2.04%       231   % of annual mean
NPP            0.90%      2.63%       231   % of annual mean
ET             0.69%      1.59%       230   % of annual mean
T              0.84%      2.42%       228   % of annual mean
EG             2.26%      6.65%       114   % of annual mean
EIn            1.52%      4.53%       215   % of annual mean
Lk             6.88%     21.36%       121   % of annual mean
QE             0.73%      1.73%       230   % of annual mean
H              0.76%      1.87%       134   % of annual mean
Rn             0.26%      1.11%       142   % of annual mean
Tfrac          6.62%   1695.78%       362   % of same day
Bowen          4.55%     78.55%        56   % of same day
WUE            1.86%     14.49%       109   % of same day

92 pair(s), 1410360 row(s) -> /vol_efthymios/NFS07/dd1136/T_and_C/result_summary/era5_daily.csv

finished   : 2026-08-26T06:27:03Z
exit status: 0  (1 = at least one pair was skipped; read the list above)
