job        : 38868
node       : soeepyc05
cluster    : soe   partition: SOE_main
results    : /vol_efthymios/NFS07/dd1136/T_and_C/result_summary
started    : 2026-08-26T16:39:54Z
model_run  : /vol_efthymios/NFS07/dd1136/T_and_C/model_run

model_run : /vol_efthymios/NFS07/dd1136/T_and_C/model_run
pair      : ssp585/*:*
stations  : 98   drought classes from drought_years_gcm.csv

SKIPPED -- 50 pair(s):
  ! US-CPk    ssp585/GFDL-ESM4:fixed_lma  one arm has no RES
  ! US-CPk    ssp585/IPSL-CM6A-LR:fixed_lmaone arm has no RES
  ! US-CPk    ssp585/MPI-ESM1-2-HR:fixed_lmaone arm has no RES
  ! US-CPk    ssp585/MRI-ESM2-0:fixed_lma one arm has no RES
  ! US-CPk    ssp585/UKESM1-0-LL:fixed_lmaone arm has no RES
  ! US-CZ2    ssp585/GFDL-ESM4:fixed_lma  one arm has no RES
  ! US-CZ2    ssp585/IPSL-CM6A-LR:fixed_lmaone arm has no RES
  ! US-CZ2    ssp585/MPI-ESM1-2-HR:fixed_lmaone arm has no RES
  ! US-CZ2    ssp585/MRI-ESM2-0:fixed_lma one arm has no RES
  ! US-CZ2    ssp585/UKESM1-0-LL:fixed_lmaone arm has no RES
  ! US-DPP    ssp585/GFDL-ESM4:fixed_lma  one arm has no RES
  ! US-DPP    ssp585/IPSL-CM6A-LR:fixed_lmaone arm has no RES
  ! US-DPP    ssp585/MPI-ESM1-2-HR:fixed_lmaone arm has no RES
  ! US-DPP    ssp585/MRI-ESM2-0:fixed_lma one arm has no RES
  ! US-DPP    ssp585/UKESM1-0-LL:fixed_lmaone arm has no RES
  ! US-NMj    ssp585/GFDL-ESM4:fixed_lma  one arm has no RES
  ! US-NMj    ssp585/IPSL-CM6A-LR:fixed_lmaone arm has no RES
  ! US-NMj    ssp585/MPI-ESM1-2-HR:fixed_lmaone arm has no RES
  ! US-NMj    ssp585/MRI-ESM2-0:fixed_lma one arm has no RES
  ! US-NMj    ssp585/UKESM1-0-LL:fixed_lmaone arm has no RES
  ... and 30 more

variable   med |rel| peak |rel|  peak doy   (% of the variable's own annual mean)
LAI_H          4.15%      8.01%       235
GPP            0.93%      4.05%       156
NPP            1.09%      4.38%       154
ET             1.11%      3.45%       191
T              1.61%      5.41%       182
EG             2.17%      6.32%       156
EIn            2.53%      6.32%       180
Lk             3.46%      5.38%       116
QE             1.09%      3.43%       179
H              0.91%      2.67%       194
Rn             0.11%      0.19%       191
Tfrac          0.54%      1.16%       121
Bowen          2.66%      7.84%       261
WUE            1.33%      2.86%       254

410 pair(s), 6271658 row(s) -> /vol_efthymios/NFS07/dd1136/T_and_C/result_summary/gcm_daily_ssp585.csv

finished   : 2026-08-26T17:29:59Z
exit status: 1  (1 = at least one pair was skipped; read the list above)
