job        : 35425
node       : soeepyc16
started    : 2026-08-07T05:35:44Z
pred root  : /vol_efthymios/NFS07/dd1136/ecoregions/PLSR_inputs_pixel_climatology_DOY/LMA
era5       : /vol_efthymios/NFS07/Data/ERA5_Land/monthly
ecoregions : 1   (rows=25 tol=1e-6)

total 143681817
-rw-rw-r-- 1 en279  efthymios          84 Mar 15  2023 $var_ERA5L.err
-rw-rw-r-- 1 en279  efthymios        1580 Mar 15  2023 $var_ERA5L.out
drwxrwsr-x 7 en279  efthymios         190 Apr 28 22:24 .
drwxrwsr-x 3 en279  efthymios           3 Mar 10  2023 ..
-rw-r--r-- 1 en279  efthymios       12288 Mar 15  2023 .ERA5_to_mat_arrays.sh.swo
-rw-rw-r-- 1 en279  efthymios  1711695708 Mar 10  2023 1980.nc
-rw-rw-r-- 1 dd1136 efthymios    56261388 Apr 26 15:58 1980_ssrd.nc
-rw-rw-r-- 1 en279  efthymios  1711695712 Mar 10  2023 1981.nc
-rw-rw-r-- 1 dd1136 efthymios    56391873 Apr 26 15:57 1981_ssrd.nc
-rw-rw-r-- 1 en279  efthymios  1711695712 Mar 10  2023 1982.nc
-rw-rw-r-- 1 dd1136 efthymios    56325276 Apr 26 15:57 1982_ssrd.nc
-rw-rw-r-- 1 en279  efthymios  1711695712 Mar 10  2023 1983.nc
-rw-rw-r-- 1 dd1136 efthymios    56376736 Apr 26 15:56 1983_ssrd.nc
-rw-rw-r-- 1 en279  efthymios  1711695716 Mar 10  2023 1984.nc
-rw-rw-r-- 1 dd1136 efthymios    56295639 Apr 26 15:58 1984_ssrd.nc
-rw-rw-r-- 1 en279  efthymios  1711695712 Mar 10  2023 1985.nc
-rw-rw-r-- 1 dd1136 efthymios    56216352 Apr 26 15:58 1985_ssrd.nc
-rw-rw-r-- 1 en279  efthymios  1711695712 Mar 10  2023 1986.nc
-rw-rw-r-- 1 dd1136 efthymios    56149373 Apr 26 15:58 1986_ssrd.nc

table header first 146 columns match the port: True

=== ecoregion 1 ===
table   : /vol_efthymios/NFS07/dd1136/ecoregions/PLSR_inputs_pixel_climatology_DOY/LMA/LMA_ecoregion_no1.csv
rows    : 16284, 146/146 predictor columns present
compared: 3650 value(s) over 25 row(s) (0 NaN in both)
mismatch: 97 above rel tol 1e-06
    SPI6_ts-sev      table         0.234662  recomputed               -0  rel 1.00e+00  [121/2005]  <-- MISMATCH
    SPI3_ts-sev      table          1.51505  recomputed               -0  rel 1.00e+00  [422/2021]  <-- MISMATCH
    SPI3_ts-sev      table          1.06132  recomputed               -0  rel 1.00e+00  [157/1988]  <-- MISMATCH
    SPI12_ts-sev     table           5.6119  recomputed               -0  rel 1.00e+00  [454/2004]  <-- MISMATCH
    SPI12_ts-sev     table             5.36  recomputed               -0  rel 1.00e+00  [81/2016]  <-- MISMATCH
    SPI12_ts-sev     table          4.39089  recomputed               -0  rel 1.00e+00  [139/1990]  <-- MISMATCH
    SPI12_ts-sev     table          3.90114  recomputed               -0  rel 1.00e+00  [316/1989]  <-- MISMATCH
    SPI12_ts-sev     table         0.543208  recomputed               -0  rel 1.00e+00  [475/1999]  <-- MISMATCH
    SPEI6_ts-sev     table          2.61565  recomputed               -0  rel 1.00e+00  [235/1987]  <-- MISMATCH
    SPEI6_ts-sev     table          1.97459  recomputed               -0  rel 1.00e+00  [61/2019]  <-- MISMATCH

FAILED. Families affected: SPEI12_ts, SPEI3_ts, SPEI6_ts, SPI12_ts, SPI3_ts, SPI6_ts

finished   : 2026-08-07T05:35:50Z
name check : 0 (0 = ok)
exit status: 1
