job        : 37539
node       : soeepyc08
cluster    : soe   partition: SOE_main
started    : 2026-08-18T19:00:29Z
stations   : /vol_efthymios/NFS07/dd1136/T_and_C/input_data/gcm_stations
co2        : /vol_efthymios/NFS07/dd1136/T_and_C/input_data/co2
output     : /vol_efthymios/NFS07/dd1136/T_and_C/input_data/gcm_meteo
precip     : block

args       : --gcm UKESM1-0-LL --scenario historical
/vol_efthymios/NFS07/dd1136/T_and_C/T_and_C_dynamic_LMA/preprocessing/build_gcm_meteo.py:266: DeprecationWarning: The 'generic' unit for NumPy timedelta is deprecated, and will raise an error in the future. This includes implicit conversion of bare integers (e.g. `+ 1`).Please use a specific unit instead.
  out[k] = np.datetime64(f"{yy:04d}-01-01", "D") + min(max(rd, 0), ny - 1)
/vol_efthymios/NFS07/dd1136/T_and_C/T_and_C_dynamic_LMA/preprocessing/build_gcm_meteo.py:266: DeprecationWarning: The 'generic' unit for NumPy timedelta is deprecated, and will raise an error in the future. This includes implicit conversion of bare integers (e.g. `+ 1`).Please use a specific unit instead.
  out[k] = np.datetime64(f"{yy:04d}-01-01", "D") + min(max(rd, 0), ny - 1)
stations : 101   elevation known for 118 (badm_values=110, site_registry=8)
input    : /vol_efthymios/NFS07/dd1136/T_and_C/input_data/gcm_stations
output   : /vol_efthymios/NFS07/dd1136/T_and_C/input_data/gcm_meteo
precip   : block   seed 20260813

  UKESM1-0-LL historical (ECS 5.4 K): 12600 days, 101 stations
    US-Bar: {'hours': 302400, 'calendar': '360_day', 'humidity': 'hurs', 'cal_note': '360-day stretched onto the real year', 'zero_rh_days': 0, 'years': '1980-2014', 'Ta_C': [-40.2, 32.6], 'Ta_mean': 3.65, 'Pre_mbar': 981.1, 'Pr_mm_yr': 1343.4, 'Pr_max_h': 13.08, 'Rsw_max': 985.9, 'Ds_mean': 249.0, 'Ca': [338.7, 397.5]}
    US-Blk: {'hours': 302400, 'calendar': '360_day', 'humidity': 'hurs', 'cal_note': '360-day stretched onto the real year', 'zero_rh_days': 0, 'years': '1980-2014', 'Ta_C': [-51.4, 39.7], 'Ta_mean': 6.55, 'Pre_mbar': 826.5, 'Pr_mm_yr': 414.6, 'Pr_max_h': 6.53, 'Rsw_max': 993.0, 'Ds_mean': 596.0, 'Ca': [338.7, 397.5]}
    -> 101/101 built
BUILT_DIR: /vol_efthymios/NFS07/dd1136/T_and_C/input_data/gcm_meteo/historical/UKESM1_0_LL

next: finish_meteo.m adds SAB/SAD/PAR/N (see slurm/submit_gcm_meteo.sh)
matlab     : /opt/apps/matlab_2025a/bin/matlab  (module Matlab/2025a)
  partition: historical/UKESM1_0_LL -> 1980_2014  (101 file(s))
    ----------------------------------------------------
	Your license will expire in 12 days.
	Please contact your system administrator or
	MathWorks to renew this license.
    ----------------------------------------------------
t_bef/t_aft = 0/1 -- imposed (constructed hourly series)
101 raw file(s) in /vol_efthymios/NFS07/dd1136/T_and_C/input_data/gcm_meteo/historical/UKESM1_0_LL

  US_Bar_UKESM1_0_LL_historical  302400 h  N 0.00-1.00  PARBmax  329.6  Rswmax  985.9  band resid max 103.5 W/m2 (2.69% of hours > 1; reference US_xRM: 77.2, 3.27%)
  US_Blk_UKESM1_0_LL_historical  302400 h  N 0.00-1.00  PARBmax  337.0  Rswmax  993.0  band resid max 113.4 W/m2 (2.28% of hours > 1; reference US_xRM: 77.2, 3.27%)
  US_CPF_UKESM1_0_LL_historical  302400 h  N 0.00-1.00  PARBmax  363.8  Rswmax 1063.9  band resid max 123.8 W/m2 (1.96% of hours > 1; reference US_xRM: 77.2, 3.27%)
  US_CPk_UKESM1_0_LL_historical  302400 h  N 0.00-1.00  PARBmax  363.7  Rswmax 1054.5  band resid max 117.5 W/m2 (1.82% of hours > 1; reference US_xRM: 77.2, 3.27%)
  US_CRK_UKESM1_0_LL_historical  302400 h  N 0.00-1.00  PARBmax  365.5  Rswmax 1047.8  band resid max 121.8 W/m2 (2.54% of hours > 1; reference US_xRM: 77.2, 3.27%)
  US_CS2_UKESM1_0_LL_historical  302400 h  N 0.00-1.00  PARBmax  328.5  Rswmax  977.0  band resid max 104.6 W/m2 (2.13% of hours > 1; reference US_xRM: 77.2, 3.27%)
  US_CZ2_UKESM1_0_LL_historical  302400 h  N 0.00-1.00  PARBmax  374.7  Rswmax 1091.4  band resid max 126.4 W/m2 (1.97% of hours > 1; reference US_xRM: 77.2, 3.27%)
  US_CZ3_UKESM1_0_LL_historical  302400 h  N 0.00-1.00  PARBmax  371.8  Rswmax 1088.0  band resid max 126.0 W/m2 (1.95% of hours > 1; reference US_xRM: 77.2, 3.27%)
  US_CZ4_UKESM1_0_LL_historical  302400 h  N 0.00-1.00  PARBmax  371.3  Rswmax 1086.6  band resid max 127.2 W/m2 (1.93% of hours > 1; reference US_xRM: 77.2, 3.27%)
  US_ChR_UKESM1_0_LL_historical  302400 h  N 0.00-1.00  PARBmax  340.9  Rswmax  993.5  band resid max 115.2 W/m2 (1.75% of hours > 1; reference US_xRM: 77.2, 3.27%)
  US_Cst_UKESM1_0_LL_historical  302400 h  N 0.00-1.00  PARBmax  358.2  Rswmax 1036.6  band resid max 121.0 W/m2 (2.70% of hours > 1; reference US_xRM: 77.2, 3.27%)
  US_Cwt_UKESM1_0_LL_historical  302400 h  N 0.00-1.00  PARBmax  342.2  Rswmax  993.6  band resid max 118.6 W/m2 (1.88% of hours > 1; reference US_xRM: 77.2, 3.27%)
  US_DPP_UKESM1_0_LL_historical  302400 h  N 0.00-1.00  PARBmax  348.4  Rswmax  989.1  band resid max 114.8 W/m2 (1.89% of hours > 1; reference US_xRM: 77.2, 3.27%)
  US_Dk2_UKESM1_0_LL_historical  302400 h  N 0.00-1.00  PARBmax  320.0  Rswmax  959.7  band resid max 112.8 W/m2 (2.85% of hours > 1; reference US_xRM: 77.2, 3.27%)
  US_Dk3_UKESM1_0_LL_historical  302400 h  N 0.00-1.00  PARBmax  320.9  Rswmax  959.7  band resid max 115.2 W/m2 (2.87% of hours > 1; reference US_xRM: 77.2, 3.27%)
  US_Fmf_UKESM1_0_LL_historical  302400 h  N 0.00-1.00  PARBmax  369.5  Rswmax 1080.5  band resid max 125.2 W/m2 (2.23% of hours > 1; reference US_xRM: 77.2, 3.27%)
  US_Fuf_UKESM1_0_LL_historical  302400 h  N 0.00-1.00  PARBmax  368.8  Rswmax 1079.4  band resid max 125.6 W/m2 (2.21% of hours > 1; reference US_xRM: 77.2, 3.27%)
  US_GBT_UKESM1_0_LL_historical  302400 h  N 0.00-1.00  PARBmax  364.6  Rswmax 1047.6  band resid max 116.8 W/m2 (1.75% of hours > 1; reference US_xRM: 77.2, 3.27%)
  US_GLE_UKESM1_0_LL_historical  302400 h  N 0.00-1.00  PARBmax  364.6  Rswmax 1047.6  band resid max 116.8 W/m2 (1.75% of hours > 1; reference US_xRM: 77.2, 3.27%)
  US_HB2_UKESM1_0_LL_historical  302400 h  N 0.00-1.00  PARBmax  323.6  Rswmax  949.9  band resid max 106.3 W/m2 (2.76% of hours > 1; reference US_xRM: 77.2, 3.27%)
  US_HB3_UKESM1_0_LL_historical  302400 h  N 0.00-1.00  PARBmax  323.6  Rswmax  949.8  band resid max 106.0 W/m2 (2.75% of hours > 1; reference US_xRM: 77.2, 3.27%)
  US_HBK_UKESM1_0_LL_historical  302400 h  N 0.00-1.00  PARBmax  332.1  Rswmax  986.3  band resid max 100.1 W/m2 (2.62% of hours > 1; reference US_xRM: 77.2, 3.27%)
  US_Ha1_UKESM1_0_LL_historical  302400 h  N 0.00-1.00  PARBmax  333.4  Rswmax  993.0  band resid max  99.7 W/m2 (2.55% of hours > 1; reference US_xRM: 77.2, 3.27%)
  US_Ha2_UKESM1_0_LL_historical  302400 h  N 0.00-1.00  PARBmax  333.5  Rswmax  993.0  band resid max  99.8 W/m2 (2.55% of hours > 1; reference US_xRM: 77.2, 3.27%)
  US_Ho1_UKESM1_0_LL_historical  302400 h  N 0.00-1.00  PARBmax  329.5  Rswmax  978.2  band resid max  99.2 W/m2 (2.20% of hours > 1; reference US_xRM: 77.2, 3.27%)
  US_Ho2_UKESM1_0_LL_historical  302400 h  N 0.00-1.00  PARBmax  329.5  Rswmax  978.1  band resid max  99.3 W/m2 (2.20% of hours > 1; reference US_xRM: 77.2, 3.27%)
  US_Ho3_UKESM1_0_LL_historical  302400 h  N 0.00-1.00  PARBmax  331.5  Rswmax  978.1  band resid max  99.0 W/m2 (2.19% of hours > 1; reference US_xRM: 77.2, 3.27%)
  US_LPH_UKESM1_0_LL_historical  302400 h  N 0.00-1.00  PARBmax  333.6  Rswmax  993.0  band resid max  99.9 W/m2 (2.56% of hours > 1; reference US_xRM: 77.2, 3.27%)
  US_MEF_UKESM1_0_LL_historical  302400 h  N 0.00-1.00  PARBmax  366.4  Rswmax 1071.2  band resid max 125.1 W/m2 (2.07% of hours > 1; reference US_xRM: 77.2, 3.27%)
  US_MMS_UKESM1_0_LL_historical  302400 h  N 0.00-1.00  PARBmax  340.5  Rswmax  989.6  band resid max 112.8 W/m2 (2.18% of hours > 1; reference US_xRM: 77.2, 3.27%)
  US_MOz_UKESM1_0_LL_historical  302400 h  N 0.00-1.00  PARBmax  350.5  Rswmax 1012.8  band resid max 116.6 W/m2 (2.20% of hours > 1; reference US_xRM: 77.2, 3.27%)
  US_MRf_UKESM1_0_LL_historical  302400 h  N 0.00-1.00  PARBmax  351.5  Rswmax 1048.6  band resid max 109.2 W/m2 (1.40% of hours > 1; reference US_xRM: 77.2, 3.27%)
  US_Me1_UKESM1_0_LL_historical  302400 h  N 0.00-1.00  PARBmax  344.6  Rswmax 1024.1  band resid max 112.1 W/m2 (1.80% of hours > 1; reference US_xRM: 77.2, 3.27%)
  US_Me2_UKESM1_0_LL_historical  302400 h  N 0.00-1.00  PARBmax  348.8  Rswmax 1027.0  band resid max 114.1 W/m2 (1.80% of hours > 1; reference US_xRM: 77.2, 3.27%)
  US_Me4_UKESM1_0_LL_historical  302400 h  N 0.00-1.00  PARBmax  347.0  Rswmax 1026.7  band resid max 114.9 W/m2 (1.81% of hours > 1; reference US_xRM: 77.2, 3.27%)
  US_Me6_UKESM1_0_LL_historical  302400 h  N 0.00-1.00  PARBmax  347.8  Rswmax 1027.8  band resid max 115.3 W/m2 (1.80% of hours > 1; reference US_xRM: 77.2, 3.27%)
  US_Me7_UKESM1_0_LL_historical  302400 h  N 0.00-1.00  PARBmax  348.8  Rswmax 1027.0  band resid max 114.2 W/m2 (1.81% of hours > 1; reference US_xRM: 77.2, 3.27%)
  US_MtB_UKESM1_0_LL_historical  302400 h  N 0.00-1.00  PARBmax  385.9  Rswmax 1110.6  band resid max 127.9 W/m2 (2.62% of hours > 1; reference US_xRM: 77.2, 3.27%)
  US_NC2_UKESM1_0_LL_historical  302400 h  N 0.00-1.00  PARBmax  320.3  Rswmax  947.0  band resid max 112.0 W/m2 (2.33% of hours > 1; reference US_xRM: 77.2, 3.27%)
  US_NC3_UKESM1_0_LL_historical  302400 h  N 0.00-1.00  PARBmax  320.3  Rswmax  947.1  band resid max 111.8 W/m2 (2.35% of hours > 1; reference US_xRM: 77.2, 3.27%)
  US_NC5_UKESM1_0_LL_historical  302400 h  N 0.00-1.00  PARBmax  319.2  Rswmax  953.5  band resid max 113.6 W/m2 (2.88% of hours > 1; reference US_xRM: 77.2, 3.27%)
  US_NMj_UKESM1_0_LL_historical  302400 h  N 0.00-1.00  PARBmax  320.1  Rswmax  953.1  band resid max 102.3 W/m2 (2.19% of hours > 1; reference US_xRM: 77.2, 3.27%)
  US_NR1_UKESM1_0_LL_historical  302400 h  N 0.00-1.00  PARBmax  363.9  Rswmax 1059.0  band resid max 122.2 W/m2 (2.12% of hours > 1; reference US_xRM: 77.2, 3.27%)
  US_Oho_UKESM1_0_LL_historical  302400 h  N 0.00-1.00  PARBmax  327.0  Rswmax  975.0  band resid max 111.7 W/m2 (2.39% of hours > 1; reference US_xRM: 77.2, 3.27%)
  US_PFL_UKESM1_0_LL_historical  302400 h  N 0.00-1.00  PARBmax  323.4  Rswmax  959.7  band resid max 103.3 W/m2 (2.03% of hours > 1; reference US_xRM: 77.2, 3.27%)
  US_PFb_UKESM1_0_LL_historical  302400 h  N 0.00-1.00  PARBmax  323.3  Rswmax  959.5  band resid max 103.1 W/m2 (2.03% of hours > 1; reference US_xRM: 77.2, 3.27%)
  US_PFc_UKESM1_0_LL_historical  302400 h  N 0.00-1.00  PARBmax  321.0  Rswmax  959.6  band resid max 105.7 W/m2 (2.05% of hours > 1; reference US_xRM: 77.2, 3.27%)
  US_PFg_UKESM1_0_LL_historical  302400 h  N 0.00-1.00  PARBmax  323.3  Rswmax  959.5  band resid max 106.5 W/m2 (2.07% of hours > 1; reference US_xRM: 77.2, 3.27%)
  US_PFh_UKESM1_0_LL_historical  302400 h  N 0.00-1.00  PARBmax  322.8  Rswmax  960.0  band resid max 106.1 W/m2 (2.07% of hours > 1; reference US_xRM: 77.2, 3.27%)
  US_PFi_UKESM1_0_LL_historical  302400 h  N 0.00-1.00  PARBmax  322.9  Rswmax  959.9  band resid max 105.9 W/m2 (2.06% of hours > 1; reference US_xRM: 77.2, 3.27%)
  US_PFj_UKESM1_0_LL_historical  302400 h  N 0.00-1.00  PARBmax  320.0  Rswmax  960.0  band resid max 105.9 W/m2 (2.06% of hours > 1; reference US_xRM: 77.2, 3.27%)
  US_PFk_UKESM1_0_LL_historical  302400 h  N 0.00-1.00  PARBmax  323.5  Rswmax  959.9  band resid max 103.9 W/m2 (2.01% of hours > 1; reference US_xRM: 77.2, 3.27%)
  US_PFm_UKESM1_0_LL_historical  302400 h  N 0.00-1.00  PARBmax  323.5  Rswmax  959.8  band resid max 103.4 W/m2 (2.03% of hours > 1; reference US_xRM: 77.2, 3.27%)
  US_PFn_UKESM1_0_LL_historical  302400 h  N 0.00-1.00  PARBmax  323.4  Rswmax  959.7  band resid max 105.6 W/m2 (2.05% of hours > 1; reference US_xRM: 77.2, 3.27%)
  US_PFp_UKESM1_0_LL_historical  302400 h  N 0.00-1.00  PARBmax  323.5  Rswmax  959.7  band resid max 106.5 W/m2 (2.07% of hours > 1; reference US_xRM: 77.2, 3.27%)
  US_PFq_UKESM1_0_LL_historical  302400 h  N 0.00-1.00  PARBmax  322.9  Rswmax  960.2  band resid max 106.3 W/m2 (2.07% of hours > 1; reference US_xRM: 77.2, 3.27%)
  US_PFs_UKESM1_0_LL_historical  302400 h  N 0.00-1.00  PARBmax  323.0  Rswmax  960.1  band resid max 106.1 W/m2 (2.07% of hours > 1; reference US_xRM: 77.2, 3.27%)
  US_PFt_UKESM1_0_LL_historical  302400 h  N 0.00-1.00  PARBmax  320.0  Rswmax  960.2  band resid max 106.0 W/m2 (2.07% of hours > 1; reference US_xRM: 77.2, 3.27%)
  US_SB1_UKESM1_0_LL_historical  302400 h  N 0.00-1.00  PARBmax  323.1  Rswmax  964.7  band resid max 115.3 W/m2 (2.28% of hours > 1; reference US_xRM: 77.2, 3.27%)
  US_SHC_UKESM1_0_LL_historical  302400 h  N 0.00-1.00  PARBmax  366.9  Rswmax 1088.2  band resid max 126.2 W/m2 (2.09% of hours > 1; reference US_xRM: 77.2, 3.27%)
  US_SP1_UKESM1_0_LL_historical  302400 h  N 0.00-1.00  PARBmax  346.6  Rswmax  998.0  band resid max 115.9 W/m2 (2.00% of hours > 1; reference US_xRM: 77.2, 3.27%)
  US_SP2_UKESM1_0_LL_historical  302400 h  N 0.00-1.00  PARBmax  346.1  Rswmax  997.8  band resid max 116.2 W/m2 (2.00% of hours > 1; reference US_xRM: 77.2, 3.27%)
  US_SP3_UKESM1_0_LL_historical  302400 h  N 0.00-1.00  PARBmax  346.0  Rswmax  998.0  band resid max 119.0 W/m2 (2.01% of hours > 1; reference US_xRM: 77.2, 3.27%)
  US_SP4_UKESM1_0_LL_historical  302400 h  N 0.00-1.00  PARBmax  346.0  Rswmax  997.7  band resid max 119.6 W/m2 (2.03% of hours > 1; reference US_xRM: 77.2, 3.27%)
  US_SSH_UKESM1_0_LL_historical  302400 h  N 0.00-1.00  PARBmax  326.4  Rswmax  949.1  band resid max 117.6 W/m2 (1.78% of hours > 1; reference US_xRM: 77.2, 3.27%)
  US_Slt_UKESM1_0_LL_historical  302400 h  N 0.00-1.00  PARBmax  338.6  Rswmax  998.7  band resid max 103.6 W/m2 (2.02% of hours > 1; reference US_xRM: 77.2, 3.27%)
  US_TEF_UKESM1_0_LL_historical  302400 h  N 0.00-1.00  PARBmax  335.0  Rswmax  983.9  band resid max 112.8 W/m2 (1.89% of hours > 1; reference US_xRM: 77.2, 3.27%)
  US_UMB_UKESM1_0_LL_historical  302400 h  N 0.00-1.00  PARBmax  315.4  Rswmax  949.6  band resid max 104.9 W/m2 (2.33% of hours > 1; reference US_xRM: 77.2, 3.27%)
  US_UMd_UKESM1_0_LL_historical  302400 h  N 0.00-1.00  PARBmax  315.4  Rswmax  949.6  band resid max 104.7 W/m2 (2.32% of hours > 1; reference US_xRM: 77.2, 3.27%)
  US_Vcm_UKESM1_0_LL_historical  302400 h  N 0.00-1.00  PARBmax  382.3  Rswmax 1093.0  band resid max 125.5 W/m2 (2.33% of hours > 1; reference US_xRM: 77.2, 3.27%)
  US_Vcp_UKESM1_0_LL_historical  302400 h  N 0.00-1.00  PARBmax  380.3  Rswmax 1093.1  band resid max 126.7 W/m2 (2.33% of hours > 1; reference US_xRM: 77.2, 3.27%)
  US_Vcs_UKESM1_0_LL_historical  302400 h  N 0.00-1.00  PARBmax  381.1  Rswmax 1092.8  band resid max 126.8 W/m2 (2.35% of hours > 1; reference US_xRM: 77.2, 3.27%)
  US_WBW_UKESM1_0_LL_historical  302400 h  N 0.00-1.00  PARBmax  340.8  Rswmax  993.3  band resid max 115.5 W/m2 (1.77% of hours > 1; reference US_xRM: 77.2, 3.27%)
  US_WCr_UKESM1_0_LL_historical  302400 h  N 0.00-1.00  PARBmax  323.5  Rswmax  960.9  band resid max 104.3 W/m2 (2.05% of hours > 1; reference US_xRM: 77.2, 3.27%)
  US_Wi1_UKESM1_0_LL_historical  302400 h  N 0.00-1.00  PARBmax  323.1  Rswmax  950.0  band resid max 104.0 W/m2 (1.92% of hours > 1; reference US_xRM: 77.2, 3.27%)
  US_Wi2_UKESM1_0_LL_historical  302400 h  N 0.00-1.00  PARBmax  323.5  Rswmax  950.2  band resid max 105.5 W/m2 (1.96% of hours > 1; reference US_xRM: 77.2, 3.27%)
  US_Wi3_UKESM1_0_LL_historical  302400 h  N 0.00-1.00  PARBmax  323.7  Rswmax  950.5  band resid max 105.3 W/m2 (1.96% of hours > 1; reference US_xRM: 77.2, 3.27%)
  US_Wi4_UKESM1_0_LL_historical  302400 h  N 0.00-1.00  PARBmax  323.1  Rswmax  949.9  band resid max 105.3 W/m2 (1.94% of hours > 1; reference US_xRM: 77.2, 3.27%)
  US_Wrc_UKESM1_0_LL_historical  302400 h  N 0.00-1.00  PARBmax  339.3  Rswmax 1009.3  band resid max 110.4 W/m2 (1.83% of hours > 1; reference US_xRM: 77.2, 3.27%)
  US_xAB_UKESM1_0_LL_historical  302400 h  N 0.00-1.00  PARBmax  341.8  Rswmax 1009.3  band resid max 108.8 W/m2 (1.77% of hours > 1; reference US_xRM: 77.2, 3.27%)
  US_xBL_UKESM1_0_LL_historical  302400 h  N 0.00-1.00  PARBmax  328.8  Rswmax  963.9  band resid max 115.8 W/m2 (1.98% of hours > 1; reference US_xRM: 77.2, 3.27%)
  US_xBR_UKESM1_0_LL_historical  302400 h  N 0.00-1.00  PARBmax  329.4  Rswmax  985.9  band resid max 103.5 W/m2 (2.69% of hours > 1; reference US_xRM: 77.2, 3.27%)
  US_xGR_UKESM1_0_LL_historical  302400 h  N 0.00-1.00  PARBmax  340.3  Rswmax  992.6  band resid max 118.6 W/m2 (1.90% of hours > 1; reference US_xRM: 77.2, 3.27%)
  US_xHA_UKESM1_0_LL_historical  302400 h  N 0.00-1.00  PARBmax  333.0  Rswmax  993.0  band resid max  99.8 W/m2 (2.55% of hours > 1; reference US_xRM: 77.2, 3.27%)
  US_xJE_UKESM1_0_LL_historical  302400 h  N 0.00-1.00  PARBmax  341.9  Rswmax  984.8  band resid max 114.1 W/m2 (1.57% of hours > 1; reference US_xRM: 77.2, 3.27%)
  US_xLE_UKESM1_0_LL_historical  302400 h  N 0.00-1.00  PARBmax  354.1  Rswmax 1025.2  band resid max 115.2 W/m2 (1.54% of hours > 1; reference US_xRM: 77.2, 3.27%)
  US_xML_UKESM1_0_LL_historical  302400 h  N 0.00-1.00  PARBmax  331.4  Rswmax  980.1  band resid max 114.9 W/m2 (2.35% of hours > 1; reference US_xRM: 77.2, 3.27%)
  US_xNW_UKESM1_0_LL_historical  302400 h  N 0.00-1.00  PARBmax  365.7  Rswmax 1058.9  band resid max 122.7 W/m2 (2.12% of hours > 1; reference US_xRM: 77.2, 3.27%)
  US_xRM_UKESM1_0_LL_historical  302400 h  N 0.00-1.00  PARBmax  362.8  Rswmax 1058.6  band resid max 120.5 W/m2 (2.11% of hours > 1; reference US_xRM: 77.2, 3.27%)
  US_xRN_UKESM1_0_LL_historical  302400 h  N 0.00-1.00  PARBmax  341.0  Rswmax  993.2  band resid max 115.4 W/m2 (1.77% of hours > 1; reference US_xRM: 77.2, 3.27%)
  US_xSB_UKESM1_0_LL_historical  302400 h  N 0.00-1.00  PARBmax  345.7  Rswmax  995.6  band resid max 116.3 W/m2 (1.98% of hours > 1; reference US_xRM: 77.2, 3.27%)
  US_xSC_UKESM1_0_LL_historical  302400 h  N 0.00-1.00  PARBmax  322.8  Rswmax  961.2  band resid max 118.1 W/m2 (2.00% of hours > 1; reference US_xRM: 77.2, 3.27%)
  US_xSE_UKESM1_0_LL_historical  302400 h  N 0.00-1.00  PARBmax  326.9  Rswmax  950.9  band resid max 112.8 W/m2 (2.24% of hours > 1; reference US_xRM: 77.2, 3.27%)
  US_xSP_UKESM1_0_LL_historical  302400 h  N 0.00-1.00  PARBmax  374.7  Rswmax 1091.4  band resid max 126.5 W/m2 (1.97% of hours > 1; reference US_xRM: 77.2, 3.27%)
  US_xST_UKESM1_0_LL_historical  302400 h  N 0.00-1.00  PARBmax  324.4  Rswmax  965.7  band resid max 106.4 W/m2 (2.11% of hours > 1; reference US_xRM: 77.2, 3.27%)
  US_xTA_UKESM1_0_LL_historical  302400 h  N 0.00-1.00  PARBmax  351.0  Rswmax 1019.0  band resid max 118.5 W/m2 (1.44% of hours > 1; reference US_xRM: 77.2, 3.27%)
  US_xTE_UKESM1_0_LL_historical  302400 h  N 0.00-1.00  PARBmax  372.5  Rswmax 1088.4  band resid max 127.2 W/m2 (1.95% of hours > 1; reference US_xRM: 77.2, 3.27%)
  US_xTR_UKESM1_0_LL_historical  302400 h  N 0.00-1.00  PARBmax  323.6  Rswmax  966.8  band resid max 107.2 W/m2 (2.11% of hours > 1; reference US_xRM: 77.2, 3.27%)
  US_xUK_UKESM1_0_LL_historical  302400 h  N 0.00-1.00  PARBmax  350.6  Rswmax 1009.5  band resid max 113.9 W/m2 (2.08% of hours > 1; reference US_xRM: 77.2, 3.27%)
  US_xWR_UKESM1_0_LL_historical  302400 h  N 0.00-1.00  PARBmax  339.5  Rswmax 1009.3  band resid max 110.4 W/m2 (1.83% of hours > 1; reference US_xRM: 77.2, 3.27%)
  US_xYE_UKESM1_0_LL_historical  302400 h  N 0.00-1.00  PARBmax  346.6  Rswmax 1018.5  band resid max 115.1 W/m2 (1.77% of hours > 1; reference US_xRM: 77.2, 3.27%)

101/101 written to /vol_efthymios/NFS07/dd1136/T_and_C/input_data/gcm_meteo/historical/UKESM1_0_LL

raw  files : 2930
final files: 2930
164G	/vol_efthymios/NFS07/dd1136/T_and_C/input_data/gcm_meteo
finished   : 2026-08-18T19:10:15Z
exit status: stage1=0 stage2=0
