job        : 37247  task 14
node       : soeepyc06
started    : 2026-08-14T18:34:51Z
stations   : /vol_efthymios/NFS07/dd1136/T_and_C/input_data/gcm_stations
co2        : /vol_efthymios/NFS07/dd1136/T_and_C/input_data/co2
output     : /vol_efthymios/NFS07/dd1136/T_and_C/input_data/gcm_meteo
precip     : block

args       : --index 14
stations : 101   elevation known for 118 (badm_values=110, site_registry=8)
input    : /vol_efthymios/NFS07/dd1136/T_and_C/input_data/gcm_stations
output   : /vol_efthymios/NFS07/dd1136/T_and_C/input_data/gcm_meteo
precip   : block   seed 20260813

  UKESM1-0-LL ssp126 (ECS 5.4 K): 30960 days, 101 stations
    US-Bar: {'hours': 743040, 'calendar': '360_day', 'humidity': 'hurs', 'cal_note': '360-day stretched onto the real year', 'years': '2015-2100', 'Ta_C': [-35.0, 40.6], 'Ta_mean': 7.49, 'Pre_mbar': 981.1, 'Pr_mm_yr': 1453.5, 'Pr_max_h': 14.3, 'Rsw_max': 989.9, 'Ds_mean': 332.4, 'Ca': [399.9, 474.0]}
    US-Blk: FAILED -- Tetens inverse disagrees by 1.00e-03 Pa
    US-CPF: {'hours': 743040, 'calendar': '360_day', 'humidity': 'hurs', 'cal_note': '360-day stretched onto the real year', 'years': '2015-2100', 'Ta_C': [-57.8, 34.6], 'Ta_mean': 3.99, 'Pre_mbar': 701.6, 'Pr_mm_yr': 455.0, 'Pr_max_h': 8.23, 'Rsw_max': 1047.6, 'Ds_mean': 518.0, 'Ca': [399.9, 474.0]}
    US-Me2: FAILED -- Tetens inverse disagrees by 1.00e-03 Pa
    US-Me4: FAILED -- Tetens inverse disagrees by 1.00e-03 Pa
    US-Me6: FAILED -- Tetens inverse disagrees by 1.00e-03 Pa
    US-Me7: FAILED -- Tetens inverse disagrees by 1.00e-03 Pa
    US-MtB: FAILED -- Tetens inverse disagrees by 1.00e-03 Pa
    US-TEF: FAILED -- Tetens inverse disagrees by 1.00e-03 Pa
    US-Wrc: FAILED -- Tetens inverse disagrees by 1.00e-03 Pa
    US-xAB: FAILED -- Tetens inverse disagrees by 1.00e-03 Pa
    US-xWR: FAILED -- Tetens inverse disagrees by 1.00e-03 Pa
    -> 91/101 built

next: finish_meteo.m adds SAB/SAD/PAR/N (see slurm/submit_gcm_meteo.sh)
