job        : 37490  task 14
node       : soeepyc10
cluster    : soe   partition: SOE_main
started    : 2026-08-17T18:25:37Z
stations   : /vol_efthymios/NFS07/dd1136/T_and_C/input_data/gcm_stations
co2        : /vol_efthymios/NFS07/dd1136/T_and_C/input_data/co2
output     : /vol_efthymios/NFS07/dd1136/T_and_C/input_data/gcm_meteo
precip     : block

args       : --index 14
/vol_efthymios/NFS07/dd1136/T_and_C/T_and_C_dynamic_LMA/preprocessing/build_gcm_meteo.py:266: DeprecationWarning: The 'generic' unit for NumPy timedelta is deprecated, and will raise an error in the future. This includes implicit conversion of bare integers (e.g. `+ 1`).Please use a specific unit instead.
  out[k] = np.datetime64(f"{yy:04d}-01-01", "D") + min(max(rd, 0), ny - 1)
/vol_efthymios/NFS07/dd1136/T_and_C/T_and_C_dynamic_LMA/preprocessing/build_gcm_meteo.py:266: DeprecationWarning: The 'generic' unit for NumPy timedelta is deprecated, and will raise an error in the future. This includes implicit conversion of bare integers (e.g. `+ 1`).Please use a specific unit instead.
  out[k] = np.datetime64(f"{yy:04d}-01-01", "D") + min(max(rd, 0), ny - 1)
stations : 101   elevation known for 118 (badm_values=110, site_registry=8)
input    : /vol_efthymios/NFS07/dd1136/T_and_C/input_data/gcm_stations
output   : /vol_efthymios/NFS07/dd1136/T_and_C/input_data/gcm_meteo
precip   : block   seed 20260813

  UKESM1-0-LL ssp126 (ECS 5.4 K): 30960 days, 101 stations
    US-Bar: {'hours': 743040, 'calendar': '360_day', 'humidity': 'hurs', 'cal_note': '360-day stretched onto the real year', 'zero_rh_days': 0, 'years': '2015-2100', 'Ta_C': [-35.0, 40.6], 'Ta_mean': 7.49, 'Pre_mbar': 981.1, 'Pr_mm_yr': 1453.5, 'Pr_max_h': 14.3, 'Rsw_max': 989.9, 'Ds_mean': 332.4, 'Ca': [399.9, 474.0]}
    US-Blk: {'hours': 743040, 'calendar': '360_day', 'humidity': 'hurs', 'cal_note': '360-day stretched onto the real year', 'zero_rh_days': 3, 'years': '2015-2100', 'Ta_C': [-48.0, 43.2], 'Ta_mean': 9.81, 'Pre_mbar': 826.5, 'Pr_mm_yr': 412.1, 'Pr_max_h': 8.26, 'Rsw_max': 990.5, 'Ds_mean': 825.3, 'Ca': [399.9, 474.0]}
    -> 101/101 built
BUILT_DIR: /vol_efthymios/NFS07/dd1136/T_and_C/input_data/gcm_meteo/ssp126/UKESM1_0_LL

next: finish_meteo.m adds SAB/SAD/PAR/N (see slurm/submit_gcm_meteo.sh)
matlab     : /opt/apps/matlab_2025a/bin/matlab  (module Matlab/2025a)
  partition: ssp126/UKESM1_0_LL -> 2015_2100  (101 file(s))
    ----------------------------------------------------
	Your license will expire in 13 days.
	Please contact your system administrator or
	MathWorks to renew this license.
    ----------------------------------------------------
t_bef/t_aft = 0/1 -- imposed (constructed hourly series)
101 raw file(s) in /vol_efthymios/NFS07/dd1136/T_and_C/input_data/gcm_meteo/ssp126/UKESM1_0_LL

  US_Bar_UKESM1_0_LL_ssp126  743040 h  N 0.00-1.00  PARBmax  335.9  Rswmax  989.9  band resid max 103.9 W/m2 (2.69% of hours > 1; reference US_xRM: 77.2, 3.27%)
  US_Blk_UKESM1_0_LL_ssp126  743040 h  N 0.00-1.00  PARBmax  342.8  Rswmax  990.5  band resid max 116.5 W/m2 (2.28% of hours > 1; reference US_xRM: 77.2, 3.27%)
  US_CPF_UKESM1_0_LL_ssp126  743040 h  N 0.00-1.00  PARBmax  361.6  Rswmax 1047.6  band resid max 122.5 W/m2 (1.96% of hours > 1; reference US_xRM: 77.2, 3.27%)
  US_CPk_UKESM1_0_LL_ssp126  743040 h  N 0.00-1.00  PARBmax  359.5  Rswmax 1041.6  band resid max 118.5 W/m2 (1.82% of hours > 1; reference US_xRM: 77.2, 3.27%)
  US_CRK_UKESM1_0_LL_ssp126  743040 h  N 0.00-1.00  PARBmax  368.0  Rswmax 1060.8  band resid max 125.4 W/m2 (2.54% of hours > 1; reference US_xRM: 77.2, 3.27%)
  US_CS2_UKESM1_0_LL_ssp126  743040 h  N 0.00-1.00  PARBmax  330.6  Rswmax  977.2  band resid max 105.2 W/m2 (2.13% of hours > 1; reference US_xRM: 77.2, 3.27%)
  US_CZ2_UKESM1_0_LL_ssp126  743040 h  N 0.00-1.00  PARBmax  374.3  Rswmax 1085.9  band resid max 125.3 W/m2 (1.97% of hours > 1; reference US_xRM: 77.2, 3.27%)
  US_CZ3_UKESM1_0_LL_ssp126  743040 h  N 0.00-1.00  PARBmax  371.2  Rswmax 1083.4  band resid max 124.4 W/m2 (1.95% of hours > 1; reference US_xRM: 77.2, 3.27%)
  US_CZ4_UKESM1_0_LL_ssp126  743040 h  N 0.00-1.00  PARBmax  370.7  Rswmax 1084.5  band resid max 127.6 W/m2 (1.93% of hours > 1; reference US_xRM: 77.2, 3.27%)
  US_ChR_UKESM1_0_LL_ssp126  743040 h  N 0.00-1.00  PARBmax  346.3  Rswmax  995.5  band resid max 113.9 W/m2 (1.75% of hours > 1; reference US_xRM: 77.2, 3.27%)
  US_Cst_UKESM1_0_LL_ssp126  743040 h  N 0.00-1.00  PARBmax  369.1  Rswmax 1037.1  band resid max 121.5 W/m2 (2.70% of hours > 1; reference US_xRM: 77.2, 3.27%)
  US_Cwt_UKESM1_0_LL_ssp126  743040 h  N 0.00-1.00  PARBmax  344.3  Rswmax  994.7  band resid max 117.3 W/m2 (1.88% of hours > 1; reference US_xRM: 77.2, 3.27%)
  US_DPP_UKESM1_0_LL_ssp126  743040 h  N 0.00-1.00  PARBmax  345.9  Rswmax  975.6  band resid max 116.5 W/m2 (1.89% of hours > 1; reference US_xRM: 77.2, 3.27%)
  US_Dk2_UKESM1_0_LL_ssp126  743040 h  N 0.00-1.00  PARBmax  327.1  Rswmax  964.0  band resid max 112.0 W/m2 (2.85% of hours > 1; reference US_xRM: 77.2, 3.27%)
  US_Dk3_UKESM1_0_LL_ssp126  743040 h  N 0.00-1.00  PARBmax  327.1  Rswmax  963.9  band resid max 116.4 W/m2 (2.87% of hours > 1; reference US_xRM: 77.2, 3.27%)
  US_Fmf_UKESM1_0_LL_ssp126  743040 h  N 0.00-1.00  PARBmax  373.0  Rswmax 1079.6  band resid max 124.8 W/m2 (2.23% of hours > 1; reference US_xRM: 77.2, 3.27%)
  US_Fuf_UKESM1_0_LL_ssp126  743040 h  N 0.00-1.00  PARBmax  372.4  Rswmax 1078.3  band resid max 124.9 W/m2 (2.21% of hours > 1; reference US_xRM: 77.2, 3.27%)
  US_GBT_UKESM1_0_LL_ssp126  743040 h  N 0.00-1.00  PARBmax  359.7  Rswmax 1037.7  band resid max 118.1 W/m2 (1.75% of hours > 1; reference US_xRM: 77.2, 3.27%)
  US_GLE_UKESM1_0_LL_ssp126  743040 h  N 0.00-1.00  PARBmax  359.7  Rswmax 1037.7  band resid max 118.1 W/m2 (1.75% of hours > 1; reference US_xRM: 77.2, 3.27%)
  US_HB2_UKESM1_0_LL_ssp126  743040 h  N 0.00-1.00  PARBmax  331.7  Rswmax  956.5  band resid max 109.2 W/m2 (2.76% of hours > 1; reference US_xRM: 77.2, 3.27%)
  US_HB3_UKESM1_0_LL_ssp126  743040 h  N 0.00-1.00  PARBmax  331.7  Rswmax  956.4  band resid max 109.0 W/m2 (2.75% of hours > 1; reference US_xRM: 77.2, 3.27%)
  US_HBK_UKESM1_0_LL_ssp126  743040 h  N 0.00-1.00  PARBmax  338.2  Rswmax  990.6  band resid max  99.2 W/m2 (2.62% of hours > 1; reference US_xRM: 77.2, 3.27%)
  US_Ha1_UKESM1_0_LL_ssp126  743040 h  N 0.00-1.00  PARBmax  337.3  Rswmax  993.4  band resid max  98.6 W/m2 (2.55% of hours > 1; reference US_xRM: 77.2, 3.27%)
  US_Ha2_UKESM1_0_LL_ssp126  743040 h  N 0.00-1.00  PARBmax  337.4  Rswmax  993.4  band resid max  98.7 W/m2 (2.55% of hours > 1; reference US_xRM: 77.2, 3.27%)
  US_Ho1_UKESM1_0_LL_ssp126  743040 h  N 0.00-1.00  PARBmax  335.7  Rswmax  983.0  band resid max  98.7 W/m2 (2.19% of hours > 1; reference US_xRM: 77.2, 3.27%)
  US_Ho2_UKESM1_0_LL_ssp126  743040 h  N 0.00-1.00  PARBmax  335.7  Rswmax  983.0  band resid max  98.8 W/m2 (2.20% of hours > 1; reference US_xRM: 77.2, 3.27%)
  US_Ho3_UKESM1_0_LL_ssp126  743040 h  N 0.00-1.00  PARBmax  335.7  Rswmax  983.0  band resid max  98.5 W/m2 (2.19% of hours > 1; reference US_xRM: 77.2, 3.27%)
  US_LPH_UKESM1_0_LL_ssp126  743040 h  N 0.00-1.00  PARBmax  337.4  Rswmax  993.4  band resid max  98.8 W/m2 (2.56% of hours > 1; reference US_xRM: 77.2, 3.27%)
  US_MEF_UKESM1_0_LL_ssp126  743040 h  N 0.00-1.00  PARBmax  368.0  Rswmax 1060.8  band resid max 125.1 W/m2 (2.07% of hours > 1; reference US_xRM: 77.2, 3.27%)
  US_MMS_UKESM1_0_LL_ssp126  743040 h  N 0.00-1.00  PARBmax  345.9  Rswmax  989.7  band resid max 111.9 W/m2 (2.18% of hours > 1; reference US_xRM: 77.2, 3.27%)
  US_MOz_UKESM1_0_LL_ssp126  743040 h  N 0.00-1.00  PARBmax  354.7  Rswmax 1019.9  band resid max 117.9 W/m2 (2.20% of hours > 1; reference US_xRM: 77.2, 3.27%)
  US_MRf_UKESM1_0_LL_ssp126  743040 h  N 0.00-1.00  PARBmax  362.4  Rswmax 1034.5  band resid max 107.5 W/m2 (1.40% of hours > 1; reference US_xRM: 77.2, 3.27%)
  US_Me1_UKESM1_0_LL_ssp126  743040 h  N 0.00-1.00  PARBmax  346.8  Rswmax 1023.4  band resid max 110.3 W/m2 (1.80% of hours > 1; reference US_xRM: 77.2, 3.27%)
  US_Me2_UKESM1_0_LL_ssp126  743040 h  N 0.00-1.00  PARBmax  350.4  Rswmax 1026.1  band resid max 112.3 W/m2 (1.81% of hours > 1; reference US_xRM: 77.2, 3.27%)
  US_Me4_UKESM1_0_LL_ssp126  743040 h  N 0.00-1.00  PARBmax  348.7  Rswmax 1025.8  band resid max 113.2 W/m2 (1.82% of hours > 1; reference US_xRM: 77.2, 3.27%)
  US_Me6_UKESM1_0_LL_ssp126  743040 h  N 0.00-1.00  PARBmax  349.5  Rswmax 1026.9  band resid max 113.5 W/m2 (1.80% of hours > 1; reference US_xRM: 77.2, 3.27%)
  US_Me7_UKESM1_0_LL_ssp126  743040 h  N 0.00-1.00  PARBmax  350.4  Rswmax 1026.0  band resid max 112.4 W/m2 (1.81% of hours > 1; reference US_xRM: 77.2, 3.27%)
  US_MtB_UKESM1_0_LL_ssp126  743040 h  N 0.00-1.00  PARBmax  388.0  Rswmax 1107.7  band resid max 129.9 W/m2 (2.62% of hours > 1; reference US_xRM: 77.2, 3.27%)
  US_NC2_UKESM1_0_LL_ssp126  743040 h  N 0.00-1.00  PARBmax  332.0  Rswmax  955.5  band resid max 112.4 W/m2 (2.33% of hours > 1; reference US_xRM: 77.2, 3.27%)
  US_NC3_UKESM1_0_LL_ssp126  743040 h  N 0.00-1.00  PARBmax  332.0  Rswmax  955.5  band resid max 112.2 W/m2 (2.35% of hours > 1; reference US_xRM: 77.2, 3.27%)
  US_NC5_UKESM1_0_LL_ssp126  743040 h  N 0.00-1.00  PARBmax  325.4  Rswmax  958.9  band resid max 114.5 W/m2 (2.88% of hours > 1; reference US_xRM: 77.2, 3.27%)
  US_NMj_UKESM1_0_LL_ssp126  743040 h  N 0.00-1.00  PARBmax  319.4  Rswmax  948.4  band resid max 105.7 W/m2 (2.19% of hours > 1; reference US_xRM: 77.2, 3.27%)
  US_NR1_UKESM1_0_LL_ssp126  743040 h  N 0.00-1.00  PARBmax  362.8  Rswmax 1048.5  band resid max 121.0 W/m2 (2.12% of hours > 1; reference US_xRM: 77.2, 3.27%)
  US_Oho_UKESM1_0_LL_ssp126  743040 h  N 0.00-1.00  PARBmax  329.9  Rswmax  965.2  band resid max 108.8 W/m2 (2.39% of hours > 1; reference US_xRM: 77.2, 3.27%)
  US_PFL_UKESM1_0_LL_ssp126  743040 h  N 0.00-1.00  PARBmax  323.5  Rswmax  958.1  band resid max 101.7 W/m2 (2.03% of hours > 1; reference US_xRM: 77.2, 3.27%)
  US_PFb_UKESM1_0_LL_ssp126  743040 h  N 0.00-1.00  PARBmax  323.4  Rswmax  957.9  band resid max 101.7 W/m2 (2.03% of hours > 1; reference US_xRM: 77.2, 3.27%)
  US_PFc_UKESM1_0_LL_ssp126  743040 h  N 0.00-1.00  PARBmax  323.4  Rswmax  957.9  band resid max 104.5 W/m2 (2.05% of hours > 1; reference US_xRM: 77.2, 3.27%)
  US_PFg_UKESM1_0_LL_ssp126  743040 h  N 0.00-1.00  PARBmax  323.4  Rswmax  957.9  band resid max 106.3 W/m2 (2.07% of hours > 1; reference US_xRM: 77.2, 3.27%)
  US_PFh_UKESM1_0_LL_ssp126  743040 h  N 0.00-1.00  PARBmax  322.2  Rswmax  956.5  band resid max 105.8 W/m2 (2.07% of hours > 1; reference US_xRM: 77.2, 3.27%)
  US_PFi_UKESM1_0_LL_ssp126  743040 h  N 0.00-1.00  PARBmax  322.2  Rswmax  956.4  band resid max 105.7 W/m2 (2.06% of hours > 1; reference US_xRM: 77.2, 3.27%)
  US_PFj_UKESM1_0_LL_ssp126  743040 h  N 0.00-1.00  PARBmax  322.3  Rswmax  956.5  band resid max 105.6 W/m2 (2.06% of hours > 1; reference US_xRM: 77.2, 3.27%)
  US_PFk_UKESM1_0_LL_ssp126  743040 h  N 0.00-1.00  PARBmax  323.6  Rswmax  958.2  band resid max 102.2 W/m2 (2.01% of hours > 1; reference US_xRM: 77.2, 3.27%)
  US_PFm_UKESM1_0_LL_ssp126  743040 h  N 0.00-1.00  PARBmax  323.6  Rswmax  958.2  band resid max 101.7 W/m2 (2.03% of hours > 1; reference US_xRM: 77.2, 3.27%)
  US_PFn_UKESM1_0_LL_ssp126  743040 h  N 0.00-1.00  PARBmax  323.5  Rswmax  958.1  band resid max 104.4 W/m2 (2.05% of hours > 1; reference US_xRM: 77.2, 3.27%)
  US_PFp_UKESM1_0_LL_ssp126  743040 h  N 0.00-1.00  PARBmax  323.6  Rswmax  958.1  band resid max 106.3 W/m2 (2.07% of hours > 1; reference US_xRM: 77.2, 3.27%)
  US_PFq_UKESM1_0_LL_ssp126  743040 h  N 0.00-1.00  PARBmax  322.3  Rswmax  956.7  band resid max 106.0 W/m2 (2.07% of hours > 1; reference US_xRM: 77.2, 3.27%)
  US_PFs_UKESM1_0_LL_ssp126  743040 h  N 0.00-1.00  PARBmax  322.3  Rswmax  956.6  band resid max 105.8 W/m2 (2.07% of hours > 1; reference US_xRM: 77.2, 3.27%)
  US_PFt_UKESM1_0_LL_ssp126  743040 h  N 0.00-1.00  PARBmax  322.3  Rswmax  956.7  band resid max 105.8 W/m2 (2.07% of hours > 1; reference US_xRM: 77.2, 3.27%)
  US_SB1_UKESM1_0_LL_ssp126  743040 h  N 0.00-1.00  PARBmax  334.5  Rswmax  964.1  band resid max 115.5 W/m2 (2.28% of hours > 1; reference US_xRM: 77.2, 3.27%)
  US_SHC_UKESM1_0_LL_ssp126  743040 h  N 0.00-1.00  PARBmax  367.7  Rswmax 1078.4  band resid max 124.2 W/m2 (2.09% of hours > 1; reference US_xRM: 77.2, 3.27%)
  US_SP1_UKESM1_0_LL_ssp126  743040 h  N 0.00-1.00  PARBmax  350.4  Rswmax  985.1  band resid max 117.3 W/m2 (2.00% of hours > 1; reference US_xRM: 77.2, 3.27%)
  US_SP2_UKESM1_0_LL_ssp126  743040 h  N 0.00-1.00  PARBmax  350.1  Rswmax  985.3  band resid max 117.5 W/m2 (2.01% of hours > 1; reference US_xRM: 77.2, 3.27%)
  US_SP3_UKESM1_0_LL_ssp126  743040 h  N 0.00-1.00  PARBmax  343.7  Rswmax  985.5  band resid max 121.1 W/m2 (2.02% of hours > 1; reference US_xRM: 77.2, 3.27%)
  US_SP4_UKESM1_0_LL_ssp126  743040 h  N 0.00-1.00  PARBmax  350.0  Rswmax  985.3  band resid max 121.8 W/m2 (2.03% of hours > 1; reference US_xRM: 77.2, 3.27%)
  US_SSH_UKESM1_0_LL_ssp126  743040 h  N 0.00-1.00  PARBmax  333.7  Rswmax  954.7  band resid max 117.4 W/m2 (1.78% of hours > 1; reference US_xRM: 77.2, 3.27%)
  US_Slt_UKESM1_0_LL_ssp126  743040 h  N 0.00-1.00  PARBmax  345.5  Rswmax 1007.9  band resid max 105.6 W/m2 (2.02% of hours > 1; reference US_xRM: 77.2, 3.27%)
  US_TEF_UKESM1_0_LL_ssp126  743040 h  N 0.00-1.00  PARBmax  338.3  Rswmax  982.0  band resid max 112.0 W/m2 (1.89% of hours > 1; reference US_xRM: 77.2, 3.27%)
  US_UMB_UKESM1_0_LL_ssp126  743040 h  N 0.00-1.00  PARBmax  317.4  Rswmax  941.4  band resid max 105.0 W/m2 (2.33% of hours > 1; reference US_xRM: 77.2, 3.27%)
  US_UMd_UKESM1_0_LL_ssp126  743040 h  N 0.00-1.00  PARBmax  317.4  Rswmax  941.4  band resid max 104.8 W/m2 (2.32% of hours > 1; reference US_xRM: 77.2, 3.27%)
  US_Vcm_UKESM1_0_LL_ssp126  743040 h  N 0.00-1.00  PARBmax  381.9  Rswmax 1092.2  band resid max 124.9 W/m2 (2.33% of hours > 1; reference US_xRM: 77.2, 3.27%)
  US_Vcp_UKESM1_0_LL_ssp126  743040 h  N 0.00-1.00  PARBmax  379.9  Rswmax 1092.3  band resid max 125.9 W/m2 (2.33% of hours > 1; reference US_xRM: 77.2, 3.27%)
  US_Vcs_UKESM1_0_LL_ssp126  743040 h  N 0.00-1.00  PARBmax  380.8  Rswmax 1092.1  band resid max 126.4 W/m2 (2.35% of hours > 1; reference US_xRM: 77.2, 3.27%)
  US_WBW_UKESM1_0_LL_ssp126  743040 h  N 0.00-1.00  PARBmax  346.2  Rswmax  995.3  band resid max 114.9 W/m2 (1.76% of hours > 1; reference US_xRM: 77.2, 3.27%)
  US_WCr_UKESM1_0_LL_ssp126  743040 h  N 0.00-1.00  PARBmax  322.8  Rswmax  957.3  band resid max 104.0 W/m2 (2.05% of hours > 1; reference US_xRM: 77.2, 3.27%)
  US_Wi1_UKESM1_0_LL_ssp126  743040 h  N 0.00-1.00  PARBmax  320.1  Rswmax  954.8  band resid max 104.5 W/m2 (1.92% of hours > 1; reference US_xRM: 77.2, 3.27%)
  US_Wi2_UKESM1_0_LL_ssp126  743040 h  N 0.00-1.00  PARBmax  320.4  Rswmax  955.1  band resid max 103.6 W/m2 (1.96% of hours > 1; reference US_xRM: 77.2, 3.27%)
  US_Wi3_UKESM1_0_LL_ssp126  743040 h  N 0.00-1.00  PARBmax  320.6  Rswmax  955.4  band resid max 103.0 W/m2 (1.96% of hours > 1; reference US_xRM: 77.2, 3.27%)
  US_Wi4_UKESM1_0_LL_ssp126  743040 h  N 0.00-1.00  PARBmax  320.1  Rswmax  954.8  band resid max 103.6 W/m2 (1.94% of hours > 1; reference US_xRM: 77.2, 3.27%)
  US_Wrc_UKESM1_0_LL_ssp126  743040 h  N 0.00-1.00  PARBmax  341.4  Rswmax 1008.7  band resid max 108.7 W/m2 (1.83% of hours > 1; reference US_xRM: 77.2, 3.27%)
  US_xAB_UKESM1_0_LL_ssp126  743040 h  N 0.00-1.00  PARBmax  344.1  Rswmax 1007.3  band resid max 108.1 W/m2 (1.77% of hours > 1; reference US_xRM: 77.2, 3.27%)
  US_xBL_UKESM1_0_LL_ssp126  743040 h  N 0.00-1.00  PARBmax  336.3  Rswmax  959.8  band resid max 115.4 W/m2 (1.98% of hours > 1; reference US_xRM: 77.2, 3.27%)
  US_xBR_UKESM1_0_LL_ssp126  743040 h  N 0.00-1.00  PARBmax  335.7  Rswmax  990.0  band resid max 103.9 W/m2 (2.69% of hours > 1; reference US_xRM: 77.2, 3.27%)
  US_xGR_UKESM1_0_LL_ssp126  743040 h  N 0.00-1.00  PARBmax  344.3  Rswmax  993.3  band resid max 116.9 W/m2 (1.90% of hours > 1; reference US_xRM: 77.2, 3.27%)
  US_xHA_UKESM1_0_LL_ssp126  743040 h  N 0.00-1.00  PARBmax  337.3  Rswmax  993.4  band resid max  98.7 W/m2 (2.55% of hours > 1; reference US_xRM: 77.2, 3.27%)
  US_xJE_UKESM1_0_LL_ssp126  743040 h  N 0.00-1.00  PARBmax  342.1  Rswmax  988.1  band resid max 114.5 W/m2 (1.57% of hours > 1; reference US_xRM: 77.2, 3.27%)
  US_xLE_UKESM1_0_LL_ssp126  743040 h  N 0.00-1.00  PARBmax  353.6  Rswmax 1022.0  band resid max 113.7 W/m2 (1.54% of hours > 1; reference US_xRM: 77.2, 3.27%)
  US_xML_UKESM1_0_LL_ssp126  743040 h  N 0.00-1.00  PARBmax  335.2  Rswmax  977.5  band resid max 115.2 W/m2 (2.35% of hours > 1; reference US_xRM: 77.2, 3.27%)
  US_xNW_UKESM1_0_LL_ssp126  743040 h  N 0.00-1.00  PARBmax  364.7  Rswmax 1048.4  band resid max 121.5 W/m2 (2.12% of hours > 1; reference US_xRM: 77.2, 3.27%)
  US_xRM_UKESM1_0_LL_ssp126  743040 h  N 0.00-1.00  PARBmax  360.9  Rswmax 1045.6  band resid max 119.2 W/m2 (2.11% of hours > 1; reference US_xRM: 77.2, 3.27%)
  US_xRN_UKESM1_0_LL_ssp126  743040 h  N 0.00-1.00  PARBmax  346.5  Rswmax  995.2  band resid max 114.8 W/m2 (1.76% of hours > 1; reference US_xRM: 77.2, 3.27%)
  US_xSB_UKESM1_0_LL_ssp126  743040 h  N 0.00-1.00  PARBmax  348.4  Rswmax  982.2  band resid max 118.3 W/m2 (1.98% of hours > 1; reference US_xRM: 77.2, 3.27%)
  US_xSC_UKESM1_0_LL_ssp126  743040 h  N 0.00-1.00  PARBmax  336.2  Rswmax  958.3  band resid max 117.5 W/m2 (2.01% of hours > 1; reference US_xRM: 77.2, 3.27%)
  US_xSE_UKESM1_0_LL_ssp126  743040 h  N 0.00-1.00  PARBmax  333.4  Rswmax  956.1  band resid max 112.4 W/m2 (2.24% of hours > 1; reference US_xRM: 77.2, 3.27%)
  US_xSP_UKESM1_0_LL_ssp126  743040 h  N 0.00-1.00  PARBmax  374.3  Rswmax 1085.9  band resid max 125.4 W/m2 (1.97% of hours > 1; reference US_xRM: 77.2, 3.27%)
  US_xST_UKESM1_0_LL_ssp126  743040 h  N 0.00-1.00  PARBmax  325.4  Rswmax  959.5  band resid max 104.0 W/m2 (2.11% of hours > 1; reference US_xRM: 77.2, 3.27%)
  US_xTA_UKESM1_0_LL_ssp126  743040 h  N 0.00-1.00  PARBmax  353.8  Rswmax 1021.0  band resid max 119.6 W/m2 (1.44% of hours > 1; reference US_xRM: 77.2, 3.27%)
  US_xTE_UKESM1_0_LL_ssp126  743040 h  N 0.00-1.00  PARBmax  371.9  Rswmax 1083.8  band resid max 127.6 W/m2 (1.95% of hours > 1; reference US_xRM: 77.2, 3.27%)
  US_xTR_UKESM1_0_LL_ssp126  743040 h  N 0.00-1.00  PARBmax  324.1  Rswmax  960.1  band resid max 105.2 W/m2 (2.11% of hours > 1; reference US_xRM: 77.2, 3.27%)
  US_xUK_UKESM1_0_LL_ssp126  743040 h  N 0.00-1.00  PARBmax  353.7  Rswmax 1010.1  band resid max 116.6 W/m2 (2.08% of hours > 1; reference US_xRM: 77.2, 3.27%)
  US_xWR_UKESM1_0_LL_ssp126  743040 h  N 0.00-1.00  PARBmax  341.6  Rswmax 1008.7  band resid max 108.7 W/m2 (1.83% of hours > 1; reference US_xRM: 77.2, 3.27%)
  US_xYE_UKESM1_0_LL_ssp126  743040 h  N 0.00-1.00  PARBmax  352.5  Rswmax 1023.3  band resid max 113.6 W/m2 (1.77% of hours > 1; reference US_xRM: 77.2, 3.27%)

101/101 written to /vol_efthymios/NFS07/dd1136/T_and_C/input_data/gcm_meteo/ssp126/UKESM1_0_LL

raw  files : 2930
final files: 2930
164G	/vol_efthymios/NFS07/dd1136/T_and_C/input_data/gcm_meteo
finished   : 2026-08-17T18:53:35Z
exit status: stage1=0 stage2=0
