job        : 37287  task 8
node       : soeepyc06
started    : 2026-08-15T02:18:31Z
stations   : /vol_efthymios/NFS07/dd1136/T_and_C/input_data/gcm_stations
co2        : /vol_efthymios/NFS07/dd1136/T_and_C/input_data/co2
output     : /vol_efthymios/NFS07/dd1136/T_and_C/input_data/gcm_meteo
precip     : block

args       : --index 8
stations : 101   elevation known for 118 (badm_values=110, site_registry=8)
input    : /vol_efthymios/NFS07/dd1136/T_and_C/input_data/gcm_stations
output   : /vol_efthymios/NFS07/dd1136/T_and_C/input_data/gcm_meteo
precip   : block   seed 20260813

  MPI-ESM1-2-HR ssp126 (ECS 3.0 K): 31411 days, 101 stations
    US-Bar: {'hours': 753864, 'calendar': 'proleptic_gregorian', 'humidity': 'hurs', 'cal_note': None, 'years': '2015-2100', 'Ta_C': [-34.2, 33.9], 'Ta_mean': 4.81, 'Pre_mbar': 981.1, 'Pr_mm_yr': 1419.5, 'Pr_max_h': 18.62, 'Rsw_max': 995.2, 'Ds_mean': 266.8, 'Ca': [399.9, 474.0]}
    US-Blk: {'hours': 753864, 'calendar': 'proleptic_gregorian', 'humidity': 'hurs', 'cal_note': None, 'years': '2015-2100', 'Ta_C': [-47.4, 44.1], 'Ta_mean': 7.52, 'Pre_mbar': 826.5, 'Pr_mm_yr': 385.8, 'Pr_max_h': 8.5, 'Rsw_max': 992.1, 'Ds_mean': 674.9, 'Ca': [399.9, 474.0]}
    -> 101/101 built

next: finish_meteo.m adds SAB/SAD/PAR/N (see slurm/submit_gcm_meteo.sh)
  partition: historical/GFDL_ESM4 -> 1980_2014  (101 file(s))
t_bef/t_aft = 0/1 -- imposed (constructed hourly series)
101 raw file(s) in /vol_efthymios/NFS07/dd1136/T_and_C/input_data/gcm_meteo/historical/GFDL_ESM4/

  US_Bar_GFDL_ESM4_historical  306600 h  N 0.00-1.00  PARBmax  328.5  Rswmax  986.5  band resid max 107.5 W/m2 (2.68% of hours > 1; reference US_xRM: 77.2, 3.27%)
  US_Blk_GFDL_ESM4_historical  306600 h  N 0.00-1.00  PARBmax  338.2  Rswmax  991.8  band resid max 114.4 W/m2 (2.28% of hours > 1; reference US_xRM: 77.2, 3.27%)
  US_CPF_GFDL_ESM4_historical  306600 h  N 0.00-1.00  PARBmax  363.8  Rswmax 1051.1  band resid max 128.1 W/m2 (1.96% of hours > 1; reference US_xRM: 77.2, 3.27%)
  US_CPk_GFDL_ESM4_historical  306600 h  N 0.00-1.00  PARBmax  360.2  Rswmax 1046.8  band resid max 121.6 W/m2 (1.83% of hours > 1; reference US_xRM: 77.2, 3.27%)
  US_CRK_GFDL_ESM4_historical  306600 h  N 0.00-1.00  PARBmax  368.8  Rswmax 1054.5  band resid max 126.2 W/m2 (2.55% of hours > 1; reference US_xRM: 77.2, 3.27%)
  US_CS2_GFDL_ESM4_historical  306600 h  N 0.00-1.00  PARBmax  331.9  Rswmax  972.9  band resid max 107.5 W/m2 (2.15% of hours > 1; reference US_xRM: 77.2, 3.27%)
  US_CZ2_GFDL_ESM4_historical  306600 h  N 0.00-1.00  PARBmax  371.3  Rswmax 1083.6  band resid max 120.9 W/m2 (1.97% of hours > 1; reference US_xRM: 77.2, 3.27%)
  US_CZ3_GFDL_ESM4_historical  306600 h  N 0.00-1.00  PARBmax  368.2  Rswmax 1083.7  band resid max 119.9 W/m2 (1.95% of hours > 1; reference US_xRM: 77.2, 3.27%)
  US_CZ4_GFDL_ESM4_historical  306600 h  N 0.00-1.00  PARBmax  367.9  Rswmax 1084.1  band resid max 123.6 W/m2 (1.93% of hours > 1; reference US_xRM: 77.2, 3.27%)
  US_ChR_GFDL_ESM4_historical  306600 h  N 0.00-1.00  PARBmax  342.7  Rswmax  996.5  band resid max 118.7 W/m2 (1.77% of hours > 1; reference US_xRM: 77.2, 3.27%)
  US_Cst_GFDL_ESM4_historical  306600 h  N 0.00-1.00  PARBmax  359.5  Rswmax 1046.0  band resid max 119.8 W/m2 (2.69% of hours > 1; reference US_xRM: 77.2, 3.27%)
  US_Cwt_GFDL_ESM4_historical  306600 h  N 0.00-1.00  PARBmax  343.7  Rswmax  991.6  band resid max 119.4 W/m2 (1.89% of hours > 1; reference US_xRM: 77.2, 3.27%)
