job        : 37476  task 15
node       : soeepyc10
cluster    : soe   partition: SOE_main
started    : 2026-08-17T18:25:37Z
stations   : /vol_efthymios/NFS07/dd1136/T_and_C/input_data/gcm_stations
co2        : /vol_efthymios/NFS07/dd1136/T_and_C/input_data/co2
output     : /vol_efthymios/NFS07/dd1136/T_and_C/input_data/gcm_meteo
precip     : block

args       : --index 15
/vol_efthymios/NFS07/dd1136/T_and_C/T_and_C_dynamic_LMA/preprocessing/build_gcm_meteo.py:266: DeprecationWarning: The 'generic' unit for NumPy timedelta is deprecated, and will raise an error in the future. This includes implicit conversion of bare integers (e.g. `+ 1`).Please use a specific unit instead.
  out[k] = np.datetime64(f"{yy:04d}-01-01", "D") + min(max(rd, 0), ny - 1)
/vol_efthymios/NFS07/dd1136/T_and_C/T_and_C_dynamic_LMA/preprocessing/build_gcm_meteo.py:266: DeprecationWarning: The 'generic' unit for NumPy timedelta is deprecated, and will raise an error in the future. This includes implicit conversion of bare integers (e.g. `+ 1`).Please use a specific unit instead.
  out[k] = np.datetime64(f"{yy:04d}-01-01", "D") + min(max(rd, 0), ny - 1)
stations : 101   elevation known for 118 (badm_values=110, site_registry=8)
input    : /vol_efthymios/NFS07/dd1136/T_and_C/input_data/gcm_stations
output   : /vol_efthymios/NFS07/dd1136/T_and_C/input_data/gcm_meteo
precip   : block   seed 20260813

  UKESM1-0-LL ssp585 (ECS 5.4 K): 30960 days, 101 stations
    US-Bar: {'hours': 743040, 'calendar': '360_day', 'humidity': 'hurs', 'cal_note': '360-day stretched onto the real year', 'zero_rh_days': 0, 'years': '2015-2100', 'Ta_C': [-34.0, 42.3], 'Ta_mean': 10.18, 'Pre_mbar': 981.1, 'Pr_mm_yr': 1492.2, 'Pr_max_h': 16.46, 'Rsw_max': 989.3, 'Ds_mean': 440.4, 'Ca': [399.9, 1135.2]}
    US-Blk: {'hours': 743040, 'calendar': '360_day', 'humidity': 'hurs', 'cal_note': '360-day stretched onto the real year', 'zero_rh_days': 2, 'years': '2015-2100', 'Ta_C': [-48.1, 50.5], 'Ta_mean': 12.19, 'Pre_mbar': 826.5, 'Pr_mm_yr': 416.8, 'Pr_max_h': 8.6, 'Rsw_max': 991.4, 'Ds_mean': 1029.4, 'Ca': [399.9, 1135.2]}
    -> 101/101 built
BUILT_DIR: /vol_efthymios/NFS07/dd1136/T_and_C/input_data/gcm_meteo/ssp585/UKESM1_0_LL

next: finish_meteo.m adds SAB/SAD/PAR/N (see slurm/submit_gcm_meteo.sh)
matlab     : /opt/apps/matlab_2025a/bin/matlab  (module Matlab/2025a)
  partition: ssp585/UKESM1_0_LL -> 2015_2100  (101 file(s))
    ----------------------------------------------------
	Your license will expire in 13 days.
	Please contact your system administrator or
	MathWorks to renew this license.
    ----------------------------------------------------
t_bef/t_aft = 0/1 -- imposed (constructed hourly series)
101 raw file(s) in /vol_efthymios/NFS07/dd1136/T_and_C/input_data/gcm_meteo/ssp585/UKESM1_0_LL

  US_Bar_UKESM1_0_LL_ssp585  743040 h  N 0.00-1.00  PARBmax  331.4  Rswmax  989.3  band resid max 104.1 W/m2 (2.69% of hours > 1; reference US_xRM: 77.2, 3.27%)
  US_Blk_UKESM1_0_LL_ssp585  743040 h  N 0.00-1.00  PARBmax  339.1  Rswmax  991.4  band resid max 112.3 W/m2 (2.28% of hours > 1; reference US_xRM: 77.2, 3.27%)
  US_CPF_UKESM1_0_LL_ssp585  743040 h  N 0.00-1.00  PARBmax  363.3  Rswmax 1053.9  band resid max 121.3 W/m2 (1.96% of hours > 1; reference US_xRM: 77.2, 3.27%)
  US_CPk_UKESM1_0_LL_ssp585  743040 h  N 0.00-1.00  PARBmax  361.8  Rswmax 1044.1  band resid max 118.0 W/m2 (1.82% of hours > 1; reference US_xRM: 77.2, 3.27%)
  US_CRK_UKESM1_0_LL_ssp585  743040 h  N 0.00-1.00  PARBmax  364.4  Rswmax 1054.4  band resid max 121.0 W/m2 (2.54% of hours > 1; reference US_xRM: 77.2, 3.27%)
  US_CS2_UKESM1_0_LL_ssp585  743040 h  N 0.00-1.00  PARBmax  328.2  Rswmax  969.2  band resid max 104.1 W/m2 (2.13% of hours > 1; reference US_xRM: 77.2, 3.27%)
  US_CZ2_UKESM1_0_LL_ssp585  743040 h  N 0.00-1.00  PARBmax  369.8  Rswmax 1092.2  band resid max 127.4 W/m2 (1.97% of hours > 1; reference US_xRM: 77.2, 3.27%)
  US_CZ3_UKESM1_0_LL_ssp585  743040 h  N 0.00-1.00  PARBmax  366.9  Rswmax 1089.9  band resid max 126.5 W/m2 (1.95% of hours > 1; reference US_xRM: 77.2, 3.27%)
  US_CZ4_UKESM1_0_LL_ssp585  743040 h  N 0.00-1.00  PARBmax  366.7  Rswmax 1089.4  band resid max 125.8 W/m2 (1.93% of hours > 1; reference US_xRM: 77.2, 3.27%)
  US_ChR_UKESM1_0_LL_ssp585  743040 h  N 0.00-1.00  PARBmax  343.9  Rswmax  987.4  band resid max 114.7 W/m2 (1.75% of hours > 1; reference US_xRM: 77.2, 3.27%)
  US_Cst_UKESM1_0_LL_ssp585  743040 h  N 0.00-1.00  PARBmax  358.5  Rswmax 1034.5  band resid max 120.2 W/m2 (2.70% of hours > 1; reference US_xRM: 77.2, 3.27%)
  US_Cwt_UKESM1_0_LL_ssp585  743040 h  N 0.00-1.00  PARBmax  343.9  Rswmax  989.2  band resid max 117.8 W/m2 (1.88% of hours > 1; reference US_xRM: 77.2, 3.27%)
  US_DPP_UKESM1_0_LL_ssp585  743040 h  N 0.00-1.00  PARBmax  343.2  Rswmax  976.2  band resid max 116.4 W/m2 (1.89% of hours > 1; reference US_xRM: 77.2, 3.27%)
  US_Dk2_UKESM1_0_LL_ssp585  743040 h  N 0.00-1.00  PARBmax  328.9  Rswmax  958.1  band resid max 113.5 W/m2 (2.85% of hours > 1; reference US_xRM: 77.2, 3.27%)
  US_Dk3_UKESM1_0_LL_ssp585  743040 h  N 0.00-1.00  PARBmax  328.9  Rswmax  958.1  band resid max 117.0 W/m2 (2.87% of hours > 1; reference US_xRM: 77.2, 3.27%)
  US_Fmf_UKESM1_0_LL_ssp585  743040 h  N 0.00-1.00  PARBmax  373.5  Rswmax 1074.3  band resid max 127.2 W/m2 (2.23% of hours > 1; reference US_xRM: 77.2, 3.27%)
  US_Fuf_UKESM1_0_LL_ssp585  743040 h  N 0.00-1.00  PARBmax  372.4  Rswmax 1074.0  band resid max 127.2 W/m2 (2.21% of hours > 1; reference US_xRM: 77.2, 3.27%)
  US_GBT_UKESM1_0_LL_ssp585  743040 h  N 0.00-1.00  PARBmax  361.4  Rswmax 1039.3  band resid max 117.8 W/m2 (1.75% of hours > 1; reference US_xRM: 77.2, 3.27%)
  US_GLE_UKESM1_0_LL_ssp585  743040 h  N 0.00-1.00  PARBmax  361.4  Rswmax 1039.3  band resid max 117.8 W/m2 (1.75% of hours > 1; reference US_xRM: 77.2, 3.27%)
  US_HB2_UKESM1_0_LL_ssp585  743040 h  N 0.00-1.00  PARBmax  329.9  Rswmax  947.5  band resid max 108.3 W/m2 (2.76% of hours > 1; reference US_xRM: 77.2, 3.27%)
  US_HB3_UKESM1_0_LL_ssp585  743040 h  N 0.00-1.00  PARBmax  329.8  Rswmax  947.4  band resid max 108.2 W/m2 (2.75% of hours > 1; reference US_xRM: 77.2, 3.27%)
  US_HBK_UKESM1_0_LL_ssp585  743040 h  N 0.00-1.00  PARBmax  331.7  Rswmax  989.4  band resid max  98.5 W/m2 (2.62% of hours > 1; reference US_xRM: 77.2, 3.27%)
  US_Ha1_UKESM1_0_LL_ssp585  743040 h  N 0.00-1.00  PARBmax  334.7  Rswmax  985.4  band resid max  97.7 W/m2 (2.55% of hours > 1; reference US_xRM: 77.2, 3.27%)
  US_Ha2_UKESM1_0_LL_ssp585  743040 h  N 0.00-1.00  PARBmax  334.8  Rswmax  985.4  band resid max  97.8 W/m2 (2.55% of hours > 1; reference US_xRM: 77.2, 3.27%)
  US_Ho1_UKESM1_0_LL_ssp585  743040 h  N 0.00-1.00  PARBmax  332.9  Rswmax  978.6  band resid max 100.5 W/m2 (2.20% of hours > 1; reference US_xRM: 77.2, 3.27%)
  US_Ho2_UKESM1_0_LL_ssp585  743040 h  N 0.00-1.00  PARBmax  332.5  Rswmax  978.6  band resid max 100.5 W/m2 (2.20% of hours > 1; reference US_xRM: 77.2, 3.27%)
  US_Ho3_UKESM1_0_LL_ssp585  743040 h  N 0.00-1.00  PARBmax  332.9  Rswmax  978.6  band resid max 100.3 W/m2 (2.19% of hours > 1; reference US_xRM: 77.2, 3.27%)
  US_LPH_UKESM1_0_LL_ssp585  743040 h  N 0.00-1.00  PARBmax  334.9  Rswmax  985.4  band resid max  97.9 W/m2 (2.56% of hours > 1; reference US_xRM: 77.2, 3.27%)
  US_MEF_UKESM1_0_LL_ssp585  743040 h  N 0.00-1.00  PARBmax  370.2  Rswmax 1058.8  band resid max 123.7 W/m2 (2.07% of hours > 1; reference US_xRM: 77.2, 3.27%)
  US_MMS_UKESM1_0_LL_ssp585  743040 h  N 0.00-1.00  PARBmax  340.5  Rswmax  988.1  band resid max 112.3 W/m2 (2.18% of hours > 1; reference US_xRM: 77.2, 3.27%)
  US_MOz_UKESM1_0_LL_ssp585  743040 h  N 0.00-1.00  PARBmax  351.3  Rswmax 1012.8  band resid max 118.3 W/m2 (2.19% of hours > 1; reference US_xRM: 77.2, 3.27%)
  US_MRf_UKESM1_0_LL_ssp585  743040 h  N 0.00-1.00  PARBmax  353.3  Rswmax 1028.3  band resid max 107.1 W/m2 (1.40% of hours > 1; reference US_xRM: 77.2, 3.27%)
  US_Me1_UKESM1_0_LL_ssp585  743040 h  N 0.00-1.00  PARBmax  345.7  Rswmax 1020.9  band resid max 109.4 W/m2 (1.80% of hours > 1; reference US_xRM: 77.2, 3.27%)
  US_Me2_UKESM1_0_LL_ssp585  743040 h  N 0.00-1.00  PARBmax  349.9  Rswmax 1027.1  band resid max 111.3 W/m2 (1.81% of hours > 1; reference US_xRM: 77.2, 3.27%)
  US_Me4_UKESM1_0_LL_ssp585  743040 h  N 0.00-1.00  PARBmax  348.1  Rswmax 1026.8  band resid max 112.1 W/m2 (1.82% of hours > 1; reference US_xRM: 77.2, 3.27%)
  US_Me6_UKESM1_0_LL_ssp585  743040 h  N 0.00-1.00  PARBmax  349.0  Rswmax 1027.9  band resid max 112.5 W/m2 (1.80% of hours > 1; reference US_xRM: 77.2, 3.27%)
  US_Me7_UKESM1_0_LL_ssp585  743040 h  N 0.00-1.00  PARBmax  349.9  Rswmax 1027.1  band resid max 111.4 W/m2 (1.81% of hours > 1; reference US_xRM: 77.2, 3.27%)
  US_MtB_UKESM1_0_LL_ssp585  743040 h  N 0.00-1.00  PARBmax  387.4  Rswmax 1099.7  band resid max 128.2 W/m2 (2.62% of hours > 1; reference US_xRM: 77.2, 3.27%)
  US_NC2_UKESM1_0_LL_ssp585  743040 h  N 0.00-1.00  PARBmax  319.6  Rswmax  952.2  band resid max 111.1 W/m2 (2.34% of hours > 1; reference US_xRM: 77.2, 3.27%)
  US_NC3_UKESM1_0_LL_ssp585  743040 h  N 0.00-1.00  PARBmax  319.6  Rswmax  952.2  band resid max 111.0 W/m2 (2.35% of hours > 1; reference US_xRM: 77.2, 3.27%)
  US_NC5_UKESM1_0_LL_ssp585  743040 h  N 0.00-1.00  PARBmax  326.1  Rswmax  953.6  band resid max 114.4 W/m2 (2.88% of hours > 1; reference US_xRM: 77.2, 3.27%)
  US_NMj_UKESM1_0_LL_ssp585  743040 h  N 0.00-1.00  PARBmax  318.1  Rswmax  948.3  band resid max 101.4 W/m2 (2.19% of hours > 1; reference US_xRM: 77.2, 3.27%)
  US_NR1_UKESM1_0_LL_ssp585  743040 h  N 0.00-1.00  PARBmax  363.8  Rswmax 1046.0  band resid max 119.3 W/m2 (2.12% of hours > 1; reference US_xRM: 77.2, 3.27%)
  US_Oho_UKESM1_0_LL_ssp585  743040 h  N 0.00-1.00  PARBmax  331.3  Rswmax  961.1  band resid max 109.3 W/m2 (2.39% of hours > 1; reference US_xRM: 77.2, 3.27%)
  US_PFL_UKESM1_0_LL_ssp585  743040 h  N 0.00-1.00  PARBmax  322.4  Rswmax  954.7  band resid max 102.1 W/m2 (2.03% of hours > 1; reference US_xRM: 77.2, 3.27%)
  US_PFb_UKESM1_0_LL_ssp585  743040 h  N 0.00-1.00  PARBmax  322.4  Rswmax  954.6  band resid max 102.1 W/m2 (2.03% of hours > 1; reference US_xRM: 77.2, 3.27%)
  US_PFc_UKESM1_0_LL_ssp585  743040 h  N 0.00-1.00  PARBmax  322.8  Rswmax  954.6  band resid max 103.6 W/m2 (2.05% of hours > 1; reference US_xRM: 77.2, 3.27%)
  US_PFg_UKESM1_0_LL_ssp585  743040 h  N 0.00-1.00  PARBmax  322.8  Rswmax  954.6  band resid max 104.3 W/m2 (2.07% of hours > 1; reference US_xRM: 77.2, 3.27%)
  US_PFh_UKESM1_0_LL_ssp585  743040 h  N 0.00-1.00  PARBmax  322.4  Rswmax  953.4  band resid max 103.7 W/m2 (2.07% of hours > 1; reference US_xRM: 77.2, 3.27%)
  US_PFi_UKESM1_0_LL_ssp585  743040 h  N 0.00-1.00  PARBmax  321.5  Rswmax  953.3  band resid max 103.6 W/m2 (2.06% of hours > 1; reference US_xRM: 77.2, 3.27%)
  US_PFj_UKESM1_0_LL_ssp585  743040 h  N 0.00-1.00  PARBmax  322.5  Rswmax  953.4  band resid max 103.5 W/m2 (2.06% of hours > 1; reference US_xRM: 77.2, 3.27%)
  US_PFk_UKESM1_0_LL_ssp585  743040 h  N 0.00-1.00  PARBmax  323.0  Rswmax  954.9  band resid max 102.5 W/m2 (2.01% of hours > 1; reference US_xRM: 77.2, 3.27%)
  US_PFm_UKESM1_0_LL_ssp585  743040 h  N 0.00-1.00  PARBmax  322.6  Rswmax  954.9  band resid max 102.0 W/m2 (2.03% of hours > 1; reference US_xRM: 77.2, 3.27%)
  US_PFn_UKESM1_0_LL_ssp585  743040 h  N 0.00-1.00  PARBmax  322.5  Rswmax  954.8  band resid max 103.5 W/m2 (2.05% of hours > 1; reference US_xRM: 77.2, 3.27%)
  US_PFp_UKESM1_0_LL_ssp585  743040 h  N 0.00-1.00  PARBmax  322.6  Rswmax  954.8  band resid max 104.3 W/m2 (2.07% of hours > 1; reference US_xRM: 77.2, 3.27%)
  US_PFq_UKESM1_0_LL_ssp585  743040 h  N 0.00-1.00  PARBmax  322.5  Rswmax  953.6  band resid max 103.9 W/m2 (2.07% of hours > 1; reference US_xRM: 77.2, 3.27%)
  US_PFs_UKESM1_0_LL_ssp585  743040 h  N 0.00-1.00  PARBmax  321.6  Rswmax  953.5  band resid max 103.7 W/m2 (2.07% of hours > 1; reference US_xRM: 77.2, 3.27%)
  US_PFt_UKESM1_0_LL_ssp585  743040 h  N 0.00-1.00  PARBmax  321.5  Rswmax  953.6  band resid max 103.7 W/m2 (2.07% of hours > 1; reference US_xRM: 77.2, 3.27%)
  US_SB1_UKESM1_0_LL_ssp585  743040 h  N 0.00-1.00  PARBmax  326.7  Rswmax  959.8  band resid max 115.6 W/m2 (2.28% of hours > 1; reference US_xRM: 77.2, 3.27%)
  US_SHC_UKESM1_0_LL_ssp585  743040 h  N 0.00-1.00  PARBmax  365.4  Rswmax 1077.7  band resid max 123.1 W/m2 (2.08% of hours > 1; reference US_xRM: 77.2, 3.27%)
  US_SP1_UKESM1_0_LL_ssp585  743040 h  N 0.00-1.00  PARBmax  346.3  Rswmax  982.1  band resid max 115.8 W/m2 (2.00% of hours > 1; reference US_xRM: 77.2, 3.27%)
  US_SP2_UKESM1_0_LL_ssp585  743040 h  N 0.00-1.00  PARBmax  345.6  Rswmax  981.9  band resid max 116.1 W/m2 (2.00% of hours > 1; reference US_xRM: 77.2, 3.27%)
  US_SP3_UKESM1_0_LL_ssp585  743040 h  N 0.00-1.00  PARBmax  345.5  Rswmax  982.1  band resid max 117.6 W/m2 (2.02% of hours > 1; reference US_xRM: 77.2, 3.27%)
  US_SP4_UKESM1_0_LL_ssp585  743040 h  N 0.00-1.00  PARBmax  345.5  Rswmax  981.8  band resid max 118.2 W/m2 (2.03% of hours > 1; reference US_xRM: 77.2, 3.27%)
  US_SSH_UKESM1_0_LL_ssp585  743040 h  N 0.00-1.00  PARBmax  325.9  Rswmax  953.7  band resid max 115.9 W/m2 (1.78% of hours > 1; reference US_xRM: 77.2, 3.27%)
  US_Slt_UKESM1_0_LL_ssp585  743040 h  N 0.00-1.00  PARBmax  345.2  Rswmax 1009.2  band resid max 103.8 W/m2 (2.02% of hours > 1; reference US_xRM: 77.2, 3.27%)
  US_TEF_UKESM1_0_LL_ssp585  743040 h  N 0.00-1.00  PARBmax  337.2  Rswmax  981.3  band resid max 110.8 W/m2 (1.89% of hours > 1; reference US_xRM: 77.2, 3.27%)
  US_UMB_UKESM1_0_LL_ssp585  743040 h  N 0.00-1.00  PARBmax  315.9  Rswmax  941.8  band resid max 105.3 W/m2 (2.33% of hours > 1; reference US_xRM: 77.2, 3.27%)
  US_UMd_UKESM1_0_LL_ssp585  743040 h  N 0.00-1.00  PARBmax  316.0  Rswmax  941.7  band resid max 105.0 W/m2 (2.32% of hours > 1; reference US_xRM: 77.2, 3.27%)
  US_Vcm_UKESM1_0_LL_ssp585  743040 h  N 0.00-1.00  PARBmax  382.2  Rswmax 1090.3  band resid max 124.6 W/m2 (2.32% of hours > 1; reference US_xRM: 77.2, 3.27%)
  US_Vcp_UKESM1_0_LL_ssp585  743040 h  N 0.00-1.00  PARBmax  380.1  Rswmax 1090.5  band resid max 125.8 W/m2 (2.33% of hours > 1; reference US_xRM: 77.2, 3.27%)
  US_Vcs_UKESM1_0_LL_ssp585  743040 h  N 0.00-1.00  PARBmax  381.0  Rswmax 1090.1  band resid max 125.9 W/m2 (2.35% of hours > 1; reference US_xRM: 77.2, 3.27%)
  US_WBW_UKESM1_0_LL_ssp585  743040 h  N 0.00-1.00  PARBmax  343.8  Rswmax  987.2  band resid max 114.0 W/m2 (1.76% of hours > 1; reference US_xRM: 77.2, 3.27%)
  US_WCr_UKESM1_0_LL_ssp585  743040 h  N 0.00-1.00  PARBmax  322.1  Rswmax  954.3  band resid max 102.0 W/m2 (2.05% of hours > 1; reference US_xRM: 77.2, 3.27%)
  US_Wi1_UKESM1_0_LL_ssp585  743040 h  N 0.00-1.00  PARBmax  321.8  Rswmax  952.6  band resid max 103.5 W/m2 (1.92% of hours > 1; reference US_xRM: 77.2, 3.27%)
  US_Wi2_UKESM1_0_LL_ssp585  743040 h  N 0.00-1.00  PARBmax  321.7  Rswmax  952.9  band resid max 102.6 W/m2 (1.96% of hours > 1; reference US_xRM: 77.2, 3.27%)
  US_Wi3_UKESM1_0_LL_ssp585  743040 h  N 0.00-1.00  PARBmax  320.6  Rswmax  953.2  band resid max 102.0 W/m2 (1.96% of hours > 1; reference US_xRM: 77.2, 3.27%)
  US_Wi4_UKESM1_0_LL_ssp585  743040 h  N 0.00-1.00  PARBmax  321.3  Rswmax  952.6  band resid max 102.6 W/m2 (1.94% of hours > 1; reference US_xRM: 77.2, 3.27%)
  US_Wrc_UKESM1_0_LL_ssp585  743040 h  N 0.00-1.00  PARBmax  339.2  Rswmax 1004.9  band resid max 109.3 W/m2 (1.83% of hours > 1; reference US_xRM: 77.2, 3.27%)
  US_xAB_UKESM1_0_LL_ssp585  743040 h  N 0.00-1.00  PARBmax  342.4  Rswmax 1003.9  band resid max 110.4 W/m2 (1.77% of hours > 1; reference US_xRM: 77.2, 3.27%)
  US_xBL_UKESM1_0_LL_ssp585  743040 h  N 0.00-1.00  PARBmax  330.6  Rswmax  962.4  band resid max 114.8 W/m2 (1.98% of hours > 1; reference US_xRM: 77.2, 3.27%)
  US_xBR_UKESM1_0_LL_ssp585  743040 h  N 0.00-1.00  PARBmax  331.2  Rswmax  989.3  band resid max 104.0 W/m2 (2.69% of hours > 1; reference US_xRM: 77.2, 3.27%)
  US_xGR_UKESM1_0_LL_ssp585  743040 h  N 0.00-1.00  PARBmax  339.6  Rswmax  989.6  band resid max 117.8 W/m2 (1.90% of hours > 1; reference US_xRM: 77.2, 3.27%)
  US_xHA_UKESM1_0_LL_ssp585  743040 h  N 0.00-1.00  PARBmax  334.8  Rswmax  985.4  band resid max  97.7 W/m2 (2.55% of hours > 1; reference US_xRM: 77.2, 3.27%)
  US_xJE_UKESM1_0_LL_ssp585  743040 h  N 0.00-1.00  PARBmax  341.2  Rswmax  984.2  band resid max 115.3 W/m2 (1.57% of hours > 1; reference US_xRM: 77.2, 3.27%)
  US_xLE_UKESM1_0_LL_ssp585  743040 h  N 0.00-1.00  PARBmax  353.9  Rswmax 1014.6  band resid max 113.4 W/m2 (1.54% of hours > 1; reference US_xRM: 77.2, 3.27%)
  US_xML_UKESM1_0_LL_ssp585  743040 h  N 0.00-1.00  PARBmax  333.3  Rswmax  976.4  band resid max 114.9 W/m2 (2.35% of hours > 1; reference US_xRM: 77.2, 3.27%)
  US_xNW_UKESM1_0_LL_ssp585  743040 h  N 0.00-1.00  PARBmax  365.6  Rswmax 1045.8  band resid max 119.8 W/m2 (2.12% of hours > 1; reference US_xRM: 77.2, 3.27%)
  US_xRM_UKESM1_0_LL_ssp585  743040 h  N 0.00-1.00  PARBmax  361.9  Rswmax 1044.1  band resid max 117.5 W/m2 (2.11% of hours > 1; reference US_xRM: 77.2, 3.27%)
  US_xRN_UKESM1_0_LL_ssp585  743040 h  N 0.00-1.00  PARBmax  344.1  Rswmax  987.2  band resid max 113.9 W/m2 (1.76% of hours > 1; reference US_xRM: 77.2, 3.27%)
  US_xSB_UKESM1_0_LL_ssp585  743040 h  N 0.00-1.00  PARBmax  344.7  Rswmax  978.2  band resid max 114.8 W/m2 (1.98% of hours > 1; reference US_xRM: 77.2, 3.27%)
  US_xSC_UKESM1_0_LL_ssp585  743040 h  N 0.00-1.00  PARBmax  329.0  Rswmax  961.4  band resid max 116.8 W/m2 (2.01% of hours > 1; reference US_xRM: 77.2, 3.27%)
  US_xSE_UKESM1_0_LL_ssp585  743040 h  N 0.00-1.00  PARBmax  327.5  Rswmax  962.3  band resid max 113.3 W/m2 (2.24% of hours > 1; reference US_xRM: 77.2, 3.27%)
  US_xSP_UKESM1_0_LL_ssp585  743040 h  N 0.00-1.00  PARBmax  369.8  Rswmax 1092.2  band resid max 127.5 W/m2 (1.97% of hours > 1; reference US_xRM: 77.2, 3.27%)
  US_xST_UKESM1_0_LL_ssp585  743040 h  N 0.00-1.00  PARBmax  324.5  Rswmax  954.6  band resid max 102.3 W/m2 (2.11% of hours > 1; reference US_xRM: 77.2, 3.27%)
  US_xTA_UKESM1_0_LL_ssp585  743040 h  N 0.00-1.00  PARBmax  353.5  Rswmax 1019.8  band resid max 117.7 W/m2 (1.44% of hours > 1; reference US_xRM: 77.2, 3.27%)
  US_xTE_UKESM1_0_LL_ssp585  743040 h  N 0.00-1.00  PARBmax  367.7  Rswmax 1090.3  band resid max 126.0 W/m2 (1.94% of hours > 1; reference US_xRM: 77.2, 3.27%)
  US_xTR_UKESM1_0_LL_ssp585  743040 h  N 0.00-1.00  PARBmax  323.3  Rswmax  954.4  band resid max 103.5 W/m2 (2.11% of hours > 1; reference US_xRM: 77.2, 3.27%)
  US_xUK_UKESM1_0_LL_ssp585  743040 h  N 0.00-1.00  PARBmax  354.7  Rswmax 1011.2  band resid max 116.0 W/m2 (2.08% of hours > 1; reference US_xRM: 77.2, 3.27%)
  US_xWR_UKESM1_0_LL_ssp585  743040 h  N 0.00-1.00  PARBmax  339.4  Rswmax 1004.9  band resid max 109.3 W/m2 (1.83% of hours > 1; reference US_xRM: 77.2, 3.27%)
  US_xYE_UKESM1_0_LL_ssp585  743040 h  N 0.00-1.00  PARBmax  347.7  Rswmax 1026.6  band resid max 113.9 W/m2 (1.77% of hours > 1; reference US_xRM: 77.2, 3.27%)

101/101 written to /vol_efthymios/NFS07/dd1136/T_and_C/input_data/gcm_meteo/ssp585/UKESM1_0_LL

raw  files : 2930
final files: 2930
164G	/vol_efthymios/NFS07/dd1136/T_and_C/input_data/gcm_meteo
finished   : 2026-08-17T18:53:34Z
exit status: stage1=0 stage2=0
