job        : 37236  task 4
node       : soeepyc05
started    : 2026-08-14T18:27:12Z
stations   : /vol_efthymios/NFS07/dd1136/T_and_C/input_data/gcm_stations
co2        : /vol_efthymios/NFS07/dd1136/T_and_C/input_data/co2
output     : /vol_efthymios/NFS07/dd1136/T_and_C/input_data/gcm_meteo
precip     : block

args       : --index 4
stations : 101   elevation known for 118 (badm_values=110, site_registry=8)
input    : /vol_efthymios/NFS07/dd1136/T_and_C/input_data/gcm_stations
output   : /vol_efthymios/NFS07/dd1136/T_and_C/input_data/gcm_meteo
precip   : block   seed 20260813

  IPSL-CM6A-LR historical (ECS 4.6 K): 12784 days, 101 stations
    US-Bar: {'hours': 306816, 'calendar': 'standard', 'humidity': 'hurs', 'cal_note': None, 'years': '1980-2014', 'Ta_C': [-43.3, 31.9], 'Ta_mean': 3.41, 'Pre_mbar': 981.1, 'Pr_mm_yr': 1352.4, 'Pr_max_h': 13.39, 'Rsw_max': 983.9, 'Ds_mean': 241.1, 'Ca': [338.7, 397.5]}
    US-Blk: {'hours': 306816, 'calendar': 'standard', 'humidity': 'hurs', 'cal_note': None, 'years': '1980-2014', 'Ta_C': [-55.6, 39.0], 'Ta_mean': 6.2, 'Pre_mbar': 826.5, 'Pr_mm_yr': 430.0, 'Pr_max_h': 7.6, 'Rsw_max': 987.2, 'Ds_mean': 564.3, 'Ca': [338.7, 397.5]}
    -> 101/101 built

next: finish_meteo.m adds SAB/SAD/PAR/N (see slurm/submit_gcm_meteo.sh)
  partition: historical -> 1980_2014  (303 file(s))
t_bef/t_aft = 0/1 -- imposed (constructed hourly series)
303 raw file(s) in /vol_efthymios/NFS07/dd1136/T_and_C/input_data/gcm_meteo/historical/

  partition: ssp126 -> 2015_2100  (187 file(s))
t_bef/t_aft = 0/1 -- imposed (constructed hourly series)
212 raw file(s) in /vol_efthymios/NFS07/dd1136/T_and_C/input_data/gcm_meteo/ssp126/

  US_Bar_GFDL_ESM4_ssp126  753360 h  N 0.00-1.00  PARBmax  330.8  Rswmax  990.7  band resid max 108.7 W/m2 (2.68% of hours > 1; reference US_xRM: 77.2, 3.27%)
  US_Bar_IPSL_CM6A_LR_ssp126  753864 h  N 0.00-1.00  PARBmax  332.0  Rswmax  982.2  band resid max 110.8 W/m2 (2.68% of hours > 1; reference US_xRM: 77.2, 3.27%)
  US_Bar_MPI_ESM1_2_HR_ssp126  753864 h  N 0.00-1.00  PARBmax  339.7  Rswmax  995.2  band resid max 107.4 W/m2 (2.68% of hours > 1; reference US_xRM: 77.2, 3.27%)
  US_Blk_GFDL_ESM4_ssp126  753360 h  N 0.00-1.00  PARBmax  341.1  Rswmax  992.4  band resid max 114.3 W/m2 (2.28% of hours > 1; reference US_xRM: 77.2, 3.27%)
  US_Blk_IPSL_CM6A_LR_ssp126  753864 h  N 0.00-1.00  PARBmax  338.3  Rswmax  991.0  band resid max 113.8 W/m2 (2.28% of hours > 1; reference US_xRM: 77.2, 3.27%)
  US_Blk_MPI_ESM1_2_HR_ssp126  753864 h  N 0.00-1.00  PARBmax  341.5  Rswmax  992.1  band resid max 113.1 W/m2 (2.28% of hours > 1; reference US_xRM: 77.2, 3.27%)
  US_CPF_GFDL_ESM4_ssp126  753360 h  N 0.00-1.00  PARBmax  364.4  Rswmax 1053.5  band resid max 126.9 W/m2 (1.96% of hours > 1; reference US_xRM: 77.2, 3.27%)
  US_CPF_IPSL_CM6A_LR_ssp126  753864 h  N 0.00-1.00  PARBmax  364.6  Rswmax 1056.2  band resid max 126.0 W/m2 (1.96% of hours > 1; reference US_xRM: 77.2, 3.27%)
  US_CPF_MPI_ESM1_2_HR_ssp126  753864 h  N 0.00-1.00  PARBmax  364.0  Rswmax 1053.8  band resid max 123.8 W/m2 (1.96% of hours > 1; reference US_xRM: 77.2, 3.27%)
  US_CPk_GFDL_ESM4_ssp126  753360 h  N 0.00-1.00  PARBmax  362.5  Rswmax 1046.5  band resid max 122.0 W/m2 (1.83% of hours > 1; reference US_xRM: 77.2, 3.27%)
  US_CPk_IPSL_CM6A_LR_ssp126  753864 h  N 0.00-1.00  PARBmax  362.5  Rswmax 1047.1  band resid max 122.4 W/m2 (1.83% of hours > 1; reference US_xRM: 77.2, 3.27%)
  US_CPk_MPI_ESM1_2_HR_ssp126  753864 h  N 0.00-1.00  PARBmax  363.5  Rswmax 1046.7  band resid max 118.7 W/m2 (1.83% of hours > 1; reference US_xRM: 77.2, 3.27%)
  US_CRK_GFDL_ESM4_ssp126  753360 h  N 0.00-1.00  PARBmax  373.5  Rswmax 1058.9  band resid max 124.9 W/m2 (2.55% of hours > 1; reference US_xRM: 77.2, 3.27%)
  US_CRK_IPSL_CM6A_LR_ssp126  753864 h  N 0.00-1.00  PARBmax  366.2  Rswmax 1042.4  band resid max 122.3 W/m2 (2.55% of hours > 1; reference US_xRM: 77.2, 3.27%)
  US_CRK_MPI_ESM1_2_HR_ssp126  753864 h  N 0.00-1.00  PARBmax  376.3  Rswmax 1073.4  band resid max 127.4 W/m2 (2.55% of hours > 1; reference US_xRM: 77.2, 3.27%)
  US_CS2_GFDL_ESM4_ssp126  753360 h  N 0.00-1.00  PARBmax  333.0  Rswmax  980.2  band resid max 107.5 W/m2 (2.15% of hours > 1; reference US_xRM: 77.2, 3.27%)
  US_CS2_IPSL_CM6A_LR_ssp126  753864 h  N 0.00-1.00  PARBmax  328.4  Rswmax  971.5  band resid max 109.1 W/m2 (2.15% of hours > 1; reference US_xRM: 77.2, 3.27%)
  US_CS2_MPI_ESM1_2_HR_ssp126  753864 h  N 0.00-1.00  PARBmax  336.3  Rswmax  989.8  band resid max 108.2 W/m2 (2.15% of hours > 1; reference US_xRM: 77.2, 3.27%)
  US_CZ2_GFDL_ESM4_ssp126  753360 h  N 0.00-1.00  PARBmax  373.6  Rswmax 1087.2  band resid max 121.9 W/m2 (1.97% of hours > 1; reference US_xRM: 77.2, 3.27%)
  US_CZ2_MPI_ESM1_2_HR_ssp126  753864 h  N 0.00-1.00  PARBmax  373.7  Rswmax 1083.4  band resid max 121.4 W/m2 (1.97% of hours > 1; reference US_xRM: 77.2, 3.27%)
  US_CZ3_GFDL_ESM4_ssp126  753360 h  N 0.00-1.00  PARBmax  371.1  Rswmax 1087.2  band resid max 121.3 W/m2 (1.95% of hours > 1; reference US_xRM: 77.2, 3.27%)
  US_CZ3_MPI_ESM1_2_HR_ssp126  753864 h  N 0.00-1.00  PARBmax  371.0  Rswmax 1085.0  band resid max 120.7 W/m2 (1.95% of hours > 1; reference US_xRM: 77.2, 3.27%)
  US_CZ4_GFDL_ESM4_ssp126  753360 h  N 0.00-1.00  PARBmax  370.5  Rswmax 1087.5  band resid max 123.5 W/m2 (1.93% of hours > 1; reference US_xRM: 77.2, 3.27%)
  US_CZ4_MPI_ESM1_2_HR_ssp126  753864 h  N 0.00-1.00  PARBmax  369.8  Rswmax 1088.4  band resid max 125.4 W/m2 (1.93% of hours > 1; reference US_xRM: 77.2, 3.27%)
  US_ChR_GFDL_ESM4_ssp126  753360 h  N 0.00-1.00  PARBmax  346.5  Rswmax 1002.4  band resid max 120.3 W/m2 (1.77% of hours > 1; reference US_xRM: 77.2, 3.27%)
  US_ChR_IPSL_CM6A_LR_ssp126  753864 h  N 0.00-1.00  PARBmax  346.9  Rswmax  991.6  band resid max 118.7 W/m2 (1.77% of hours > 1; reference US_xRM: 77.2, 3.27%)
  US_ChR_MPI_ESM1_2_HR_ssp126  753864 h  N 0.00-1.00  PARBmax  357.7  Rswmax 1016.9  band resid max 120.8 W/m2 (1.77% of hours > 1; reference US_xRM: 77.2, 3.27%)
  US_Cst_GFDL_ESM4_ssp126  753360 h  N 0.00-1.00  PARBmax  368.5  Rswmax 1049.0  band resid max 123.0 W/m2 (2.70% of hours > 1; reference US_xRM: 77.2, 3.27%)
  US_Cst_IPSL_CM6A_LR_ssp126  753864 h  N 0.00-1.00  PARBmax  363.9  Rswmax 1037.3  band resid max 117.8 W/m2 (2.69% of hours > 1; reference US_xRM: 77.2, 3.27%)
  US_Cst_MPI_ESM1_2_HR_ssp126  753864 h  N 0.00-1.00  PARBmax  376.7  Rswmax 1054.8  band resid max 124.1 W/m2 (2.70% of hours > 1; reference US_xRM: 77.2, 3.27%)
  US_Cwt_GFDL_ESM4_ssp126  753360 h  N 0.00-1.00  PARBmax  347.1  Rswmax 1002.5  band resid max 120.3 W/m2 (1.89% of hours > 1; reference US_xRM: 77.2, 3.27%)
  US_Cwt_IPSL_CM6A_LR_ssp126  753864 h  N 0.00-1.00  PARBmax  346.8  Rswmax  991.2  band resid max 120.4 W/m2 (1.90% of hours > 1; reference US_xRM: 77.2, 3.27%)
  US_Cwt_MPI_ESM1_2_HR_ssp126  753864 h  N 0.00-1.00  PARBmax  353.1  Rswmax 1008.5  band resid max 120.1 W/m2 (1.90% of hours > 1; reference US_xRM: 77.2, 3.27%)
  US_DPP_GFDL_ESM4_ssp126  753360 h  N 0.00-1.00  PARBmax  348.3  Rswmax  983.5  band resid max 117.4 W/m2 (1.90% of hours > 1; reference US_xRM: 77.2, 3.27%)
  US_DPP_IPSL_CM6A_LR_ssp126  753864 h  N 0.00-1.00  PARBmax  344.1  Rswmax  992.6  band resid max 114.9 W/m2 (1.91% of hours > 1; reference US_xRM: 77.2, 3.27%)
  US_DPP_MPI_ESM1_2_HR_ssp126  753864 h  N 0.00-1.00  PARBmax  344.5  Rswmax  991.6  band resid max 114.9 W/m2 (1.91% of hours > 1; reference US_xRM: 77.2, 3.27%)
  US_Dk2_GFDL_ESM4_ssp126  753360 h  N 0.00-1.00  PARBmax  341.1  Rswmax  963.1  band resid max 113.4 W/m2 (2.85% of hours > 1; reference US_xRM: 77.2, 3.27%)
  US_Dk2_IPSL_CM6A_LR_ssp126  753864 h  N 0.00-1.00  PARBmax  327.4  Rswmax  957.3  band resid max 113.6 W/m2 (2.85% of hours > 1; reference US_xRM: 77.2, 3.27%)
  US_Dk2_MPI_ESM1_2_HR_ssp126  753864 h  N 0.00-1.00  PARBmax  348.7  Rswmax  974.1  band resid max 114.4 W/m2 (2.85% of hours > 1; reference US_xRM: 77.2, 3.27%)
  US_Dk3_GFDL_ESM4_ssp126  753360 h  N 0.00-1.00  PARBmax  341.0  Rswmax  963.1  band resid max 117.8 W/m2 (2.88% of hours > 1; reference US_xRM: 77.2, 3.27%)
  US_Dk3_IPSL_CM6A_LR_ssp126  753864 h  N 0.00-1.00  PARBmax  327.4  Rswmax  957.3  band resid max 118.5 W/m2 (2.87% of hours > 1; reference US_xRM: 77.2, 3.27%)
  US_Dk3_MPI_ESM1_2_HR_ssp126  753864 h  N 0.00-1.00  PARBmax  348.6  Rswmax  974.1  band resid max 117.4 W/m2 (2.87% of hours > 1; reference US_xRM: 77.2, 3.27%)
  US_Fmf_GFDL_ESM4_ssp126  753360 h  N 0.00-1.00  PARBmax  373.9  Rswmax 1096.0  band resid max 127.8 W/m2 (2.23% of hours > 1; reference US_xRM: 77.2, 3.27%)
  US_Fmf_IPSL_CM6A_LR_ssp126  753864 h  N 0.00-1.00  PARBmax  372.1  Rswmax 1084.2  band resid max 128.8 W/m2 (2.23% of hours > 1; reference US_xRM: 77.2, 3.27%)
  US_Fmf_MPI_ESM1_2_HR_ssp126  753864 h  N 0.00-1.00  PARBmax  371.1  Rswmax 1087.3  band resid max 128.7 W/m2 (2.23% of hours > 1; reference US_xRM: 77.2, 3.27%)
  US_Fuf_GFDL_ESM4_ssp126  753360 h  N 0.00-1.00  PARBmax  373.6  Rswmax 1095.5  band resid max 128.3 W/m2 (2.21% of hours > 1; reference US_xRM: 77.2, 3.27%)
  US_Fuf_MPI_ESM1_2_HR_ssp126  753864 h  N 0.00-1.00  PARBmax  370.8  Rswmax 1087.2  band resid max 129.2 W/m2 (2.21% of hours > 1; reference US_xRM: 77.2, 3.27%)
  US_GBT_GFDL_ESM4_ssp126  753360 h  N 0.00-1.00  PARBmax  363.3  Rswmax 1041.3  band resid max 121.5 W/m2 (1.76% of hours > 1; reference US_xRM: 77.2, 3.27%)
  US_GBT_IPSL_CM6A_LR_ssp126  753864 h  N 0.00-1.00  PARBmax  362.5  Rswmax 1045.3  band resid max 121.8 W/m2 (1.76% of hours > 1; reference US_xRM: 77.2, 3.27%)
  US_GBT_MPI_ESM1_2_HR_ssp126  753864 h  N 0.00-1.00  PARBmax  363.9  Rswmax 1042.0  band resid max 118.3 W/m2 (1.76% of hours > 1; reference US_xRM: 77.2, 3.27%)
  US_GLE_GFDL_ESM4_ssp126  753360 h  N 0.00-1.00  PARBmax  363.4  Rswmax 1041.3  band resid max 121.5 W/m2 (1.76% of hours > 1; reference US_xRM: 77.2, 3.27%)
  US_GLE_IPSL_CM6A_LR_ssp126  753864 h  N 0.00-1.00  PARBmax  362.6  Rswmax 1045.3  band resid max 121.8 W/m2 (1.76% of hours > 1; reference US_xRM: 77.2, 3.27%)
  US_GLE_MPI_ESM1_2_HR_ssp126  753864 h  N 0.00-1.00  PARBmax  363.9  Rswmax 1042.0  band resid max 118.3 W/m2 (1.76% of hours > 1; reference US_xRM: 77.2, 3.27%)
  US_HB2_GFDL_ESM4_ssp126  753360 h  N 0.00-1.00  PARBmax  335.0  Rswmax  957.7  band resid max 110.6 W/m2 (2.75% of hours > 1; reference US_xRM: 77.2, 3.27%)
  US_HB2_IPSL_CM6A_LR_ssp126  753864 h  N 0.00-1.00  PARBmax  322.0  Rswmax  949.8  band resid max 107.6 W/m2 (2.75% of hours > 1; reference US_xRM: 77.2, 3.27%)
  US_HB2_MPI_ESM1_2_HR_ssp126  753864 h  N 0.00-1.00  PARBmax  347.9  Rswmax  973.9  band resid max 113.9 W/m2 (2.75% of hours > 1; reference US_xRM: 77.2, 3.27%)
  US_HB3_GFDL_ESM4_ssp126  753360 h  N 0.00-1.00  PARBmax  333.5  Rswmax  957.6  band resid max 110.5 W/m2 (2.74% of hours > 1; reference US_xRM: 77.2, 3.27%)
  US_HB3_IPSL_CM6A_LR_ssp126  753864 h  N 0.00-1.00  PARBmax  321.9  Rswmax  949.8  band resid max 107.4 W/m2 (2.74% of hours > 1; reference US_xRM: 77.2, 3.27%)
  US_HB3_MPI_ESM1_2_HR_ssp126  753864 h  N 0.00-1.00  PARBmax  347.9  Rswmax  973.9  band resid max 113.7 W/m2 (2.74% of hours > 1; reference US_xRM: 77.2, 3.27%)
  US_HBK_GFDL_ESM4_ssp126  753360 h  N 0.00-1.00  PARBmax  335.6  Rswmax  990.5  band resid max 102.6 W/m2 (2.61% of hours > 1; reference US_xRM: 77.2, 3.27%)
  US_HBK_IPSL_CM6A_LR_ssp126  753864 h  N 0.00-1.00  PARBmax  333.0  Rswmax  985.8  band resid max 104.1 W/m2 (2.62% of hours > 1; reference US_xRM: 77.2, 3.27%)
  US_HBK_MPI_ESM1_2_HR_ssp126  753864 h  N 0.00-1.00  PARBmax  340.3  Rswmax  992.6  band resid max 103.4 W/m2 (2.62% of hours > 1; reference US_xRM: 77.2, 3.27%)
  US_Ha1_GFDL_ESM4_ssp126  753360 h  N 0.00-1.00  PARBmax  339.5  Rswmax  995.0  band resid max 104.6 W/m2 (2.55% of hours > 1; reference US_xRM: 77.2, 3.27%)
  US_Ha1_IPSL_CM6A_LR_ssp126  753864 h  N 0.00-1.00  PARBmax  337.2  Rswmax  992.9  band resid max 103.1 W/m2 (2.55% of hours > 1; reference US_xRM: 77.2, 3.27%)
  US_Ha1_MPI_ESM1_2_HR_ssp126  753864 h  N 0.00-1.00  PARBmax  348.9  Rswmax 1006.5  band resid max 101.7 W/m2 (2.55% of hours > 1; reference US_xRM: 77.2, 3.27%)
  US_Ha2_GFDL_ESM4_ssp126  753360 h  N 0.00-1.00  PARBmax  339.6  Rswmax  995.0  band resid max 104.7 W/m2 (2.55% of hours > 1; reference US_xRM: 77.2, 3.27%)
  US_Ha2_IPSL_CM6A_LR_ssp126  753864 h  N 0.00-1.00  PARBmax  337.3  Rswmax  992.9  band resid max 103.2 W/m2 (2.55% of hours > 1; reference US_xRM: 77.2, 3.27%)
  US_Ha2_MPI_ESM1_2_HR_ssp126  753864 h  N 0.00-1.00  PARBmax  349.0  Rswmax 1006.5  band resid max 101.8 W/m2 (2.55% of hours > 1; reference US_xRM: 77.2, 3.27%)
  US_Ho1_GFDL_ESM4_ssp126  753360 h  N 0.00-1.00  PARBmax  334.5  Rswmax  983.9  band resid max 101.4 W/m2 (2.19% of hours > 1; reference US_xRM: 77.2, 3.27%)
  US_Ho1_IPSL_CM6A_LR_ssp126  753864 h  N 0.00-1.00  PARBmax  333.7  Rswmax  985.7  band resid max 102.2 W/m2 (2.19% of hours > 1; reference US_xRM: 77.2, 3.27%)
  US_Ho1_MPI_ESM1_2_HR_ssp126  753864 h  N 0.00-1.00  PARBmax  338.7  Rswmax  991.8  band resid max 101.7 W/m2 (2.19% of hours > 1; reference US_xRM: 77.2, 3.27%)
  US_Ho2_GFDL_ESM4_ssp126  753360 h  N 0.00-1.00  PARBmax  334.5  Rswmax  983.9  band resid max 101.5 W/m2 (2.19% of hours > 1; reference US_xRM: 77.2, 3.27%)
  US_Ho2_IPSL_CM6A_LR_ssp126  753864 h  N 0.00-1.00  PARBmax  333.7  Rswmax  985.7  band resid max 102.3 W/m2 (2.19% of hours > 1; reference US_xRM: 77.2, 3.27%)
  US_Ho2_MPI_ESM1_2_HR_ssp126  753864 h  N 0.00-1.00  PARBmax  338.7  Rswmax  991.7  band resid max 101.8 W/m2 (2.19% of hours > 1; reference US_xRM: 77.2, 3.27%)
  US_Ho3_GFDL_ESM4_ssp126  753360 h  N 0.00-1.00  PARBmax  334.5  Rswmax  983.9  band resid max 101.2 W/m2 (2.18% of hours > 1; reference US_xRM: 77.2, 3.27%)
  US_Ho3_IPSL_CM6A_LR_ssp126  753864 h  N 0.00-1.00  PARBmax  333.7  Rswmax  985.7  band resid max 102.0 W/m2 (2.19% of hours > 1; reference US_xRM: 77.2, 3.27%)
  US_Ho3_MPI_ESM1_2_HR_ssp126  753864 h  N 0.00-1.00  PARBmax  338.7  Rswmax  991.8  band resid max 101.5 W/m2 (2.19% of hours > 1; reference US_xRM: 77.2, 3.27%)
  US_LPH_GFDL_ESM4_ssp126  753360 h  N 0.00-1.00  PARBmax  339.6  Rswmax  995.0  band resid max 104.8 W/m2 (2.55% of hours > 1; reference US_xRM: 77.2, 3.27%)
  US_LPH_IPSL_CM6A_LR_ssp126  753864 h  N 0.00-1.00  PARBmax  336.6  Rswmax  992.9  band resid max 103.3 W/m2 (2.56% of hours > 1; reference US_xRM: 77.2, 3.27%)
  US_LPH_MPI_ESM1_2_HR_ssp126  753864 h  N 0.00-1.00  PARBmax  346.0  Rswmax 1006.5  band resid max 101.9 W/m2 (2.55% of hours > 1; reference US_xRM: 77.2, 3.27%)
  US_MEF_GFDL_ESM4_ssp126  753360 h  N 0.00-1.00  PARBmax  371.4  Rswmax 1074.2  band resid max 129.6 W/m2 (2.07% of hours > 1; reference US_xRM: 77.2, 3.27%)
  US_MEF_IPSL_CM6A_LR_ssp126  753864 h  N 0.00-1.00  PARBmax  375.8  Rswmax 1081.2  band resid max 129.3 W/m2 (2.07% of hours > 1; reference US_xRM: 77.2, 3.27%)
  US_MEF_MPI_ESM1_2_HR_ssp126  753864 h  N 0.00-1.00  PARBmax  369.2  Rswmax 1079.5  band resid max 126.2 W/m2 (2.07% of hours > 1; reference US_xRM: 77.2, 3.27%)
  US_MMS_GFDL_ESM4_ssp126  753360 h  N 0.00-1.00  PARBmax  346.3  Rswmax  998.5  band resid max 113.0 W/m2 (2.18% of hours > 1; reference US_xRM: 77.2, 3.27%)
  US_MMS_IPSL_CM6A_LR_ssp126  753864 h  N 0.00-1.00  PARBmax  341.9  Rswmax  987.8  band resid max 114.5 W/m2 (2.18% of hours > 1; reference US_xRM: 77.2, 3.27%)
  US_MMS_MPI_ESM1_2_HR_ssp126  753864 h  N 0.00-1.00  PARBmax  353.2  Rswmax 1005.7  band resid max 113.2 W/m2 (2.18% of hours > 1; reference US_xRM: 77.2, 3.27%)
  US_MOz_GFDL_ESM4_ssp126  753360 h  N 0.00-1.00  PARBmax  355.0  Rswmax 1029.1  band resid max 119.6 W/m2 (2.19% of hours > 1; reference US_xRM: 77.2, 3.27%)
  US_MOz_IPSL_CM6A_LR_ssp126  753864 h  N 0.00-1.00  PARBmax  358.0  Rswmax 1021.9  band resid max 116.0 W/m2 (2.19% of hours > 1; reference US_xRM: 77.2, 3.27%)
  US_MOz_MPI_ESM1_2_HR_ssp126  753864 h  N 0.00-1.00  PARBmax  363.9  Rswmax 1038.1  band resid max 117.6 W/m2 (2.19% of hours > 1; reference US_xRM: 77.2, 3.27%)
  US_MRf_GFDL_ESM4_ssp126  753360 h  N 0.00-1.00  PARBmax  352.0  Rswmax 1035.7  band resid max 102.0 W/m2 (1.41% of hours > 1; reference US_xRM: 77.2, 3.27%)
  US_MRf_IPSL_CM6A_LR_ssp126  753864 h  N 0.00-1.00  PARBmax  351.4  Rswmax 1038.7  band resid max  99.9 W/m2 (1.41% of hours > 1; reference US_xRM: 77.2, 3.27%)
  US_MRf_MPI_ESM1_2_HR_ssp126  753864 h  N 0.00-1.00  PARBmax  345.9  Rswmax 1017.3  band resid max 101.8 W/m2 (1.41% of hours > 1; reference US_xRM: 77.2, 3.27%)
  US_Me1_IPSL_CM6A_LR_ssp126  753864 h  N 0.00-1.00  PARBmax  354.0  Rswmax 1027.9  band resid max 104.4 W/m2 (1.81% of hours > 1; reference US_xRM: 77.2, 3.27%)
  US_Me1_MPI_ESM1_2_HR_ssp126  753864 h  N 0.00-1.00  PARBmax  346.9  Rswmax 1020.5  band resid max 104.0 W/m2 (1.81% of hours > 1; reference US_xRM: 77.2, 3.27%)
  US_Me2_IPSL_CM6A_LR_ssp126  753864 h  N 0.00-1.00  PARBmax  359.1  Rswmax 1032.5  band resid max 107.0 W/m2 (1.81% of hours > 1; reference US_xRM: 77.2, 3.27%)
  US_Me2_MPI_ESM1_2_HR_ssp126  753864 h  N 0.00-1.00  PARBmax  351.9  Rswmax 1023.0  band resid max 105.8 W/m2 (1.81% of hours > 1; reference US_xRM: 77.2, 3.27%)
  US_Me4_IPSL_CM6A_LR_ssp126  753864 h  N 0.00-1.00  PARBmax  357.3  Rswmax 1032.2  band resid max 107.8 W/m2 (1.83% of hours > 1; reference US_xRM: 77.2, 3.27%)
  US_Me4_MPI_ESM1_2_HR_ssp126  753864 h  N 0.00-1.00  PARBmax  350.1  Rswmax 1022.7  band resid max 106.5 W/m2 (1.83% of hours > 1; reference US_xRM: 77.2, 3.27%)
  US_Me6_IPSL_CM6A_LR_ssp126  753864 h  N 0.00-1.00  PARBmax  358.1  Rswmax 1033.3  band resid max 108.2 W/m2 (1.80% of hours > 1; reference US_xRM: 77.2, 3.27%)
  US_Me6_MPI_ESM1_2_HR_ssp126  753864 h  N 0.00-1.00  PARBmax  350.9  Rswmax 1023.8  band resid max 106.9 W/m2 (1.80% of hours > 1; reference US_xRM: 77.2, 3.27%)
  US_Me7_IPSL_CM6A_LR_ssp126  753864 h  N 0.00-1.00  PARBmax  359.1  Rswmax 1032.5  band resid max 107.1 W/m2 (1.81% of hours > 1; reference US_xRM: 77.2, 3.27%)
  US_Me7_MPI_ESM1_2_HR_ssp126  753864 h  N 0.00-1.00  PARBmax  351.9  Rswmax 1022.9  band resid max 105.8 W/m2 (1.81% of hours > 1; reference US_xRM: 77.2, 3.27%)
  US_MtB_MPI_ESM1_2_HR_ssp126  753864 h  N 0.00-1.00  PARBmax  387.2  Rswmax 1119.8  band resid max 130.3 W/m2 (2.62% of hours > 1; reference US_xRM: 77.2, 3.27%)
  US_NC2_GFDL_ESM4_ssp126  753360 h  N 0.00-1.00  PARBmax  324.3  Rswmax  958.2  band resid max 112.6 W/m2 (2.32% of hours > 1; reference US_xRM: 77.2, 3.27%)
  US_NC2_IPSL_CM6A_LR_ssp126  753864 h  N 0.00-1.00  PARBmax  332.1  Rswmax  956.1  band resid max 113.8 W/m2 (2.32% of hours > 1; reference US_xRM: 77.2, 3.27%)
  US_NC2_MPI_ESM1_2_HR_ssp126  753864 h  N 0.00-1.00  PARBmax  345.8  Rswmax  961.9  band resid max 113.1 W/m2 (2.32% of hours > 1; reference US_xRM: 77.2, 3.27%)
  US_NC3_GFDL_ESM4_ssp126  753360 h  N 0.00-1.00  PARBmax  325.4  Rswmax  958.2  band resid max 112.4 W/m2 (2.34% of hours > 1; reference US_xRM: 77.2, 3.27%)
  US_NC3_IPSL_CM6A_LR_ssp126  753864 h  N 0.00-1.00  PARBmax  332.1  Rswmax  956.1  band resid max 113.7 W/m2 (2.34% of hours > 1; reference US_xRM: 77.2, 3.27%)
  US_NC3_MPI_ESM1_2_HR_ssp126  753864 h  N 0.00-1.00  PARBmax  345.8  Rswmax  961.9  band resid max 112.9 W/m2 (2.34% of hours > 1; reference US_xRM: 77.2, 3.27%)
  US_NC5_GFDL_ESM4_ssp126  753360 h  N 0.00-1.00  PARBmax  339.1  Rswmax  958.1  band resid max 116.0 W/m2 (2.89% of hours > 1; reference US_xRM: 77.2, 3.27%)
  US_NC5_IPSL_CM6A_LR_ssp126  753864 h  N 0.00-1.00  PARBmax  326.3  Rswmax  953.7  band resid max 117.1 W/m2 (2.89% of hours > 1; reference US_xRM: 77.2, 3.27%)
  US_NC5_MPI_ESM1_2_HR_ssp126  753864 h  N 0.00-1.00  PARBmax  347.4  Rswmax  972.5  band resid max 115.2 W/m2 (2.89% of hours > 1; reference US_xRM: 77.2, 3.27%)
  US_NMj_GFDL_ESM4_ssp126  753360 h  N 0.00-1.00  PARBmax  321.9  Rswmax  953.2  band resid max 105.4 W/m2 (2.19% of hours > 1; reference US_xRM: 77.2, 3.27%)
  US_NMj_IPSL_CM6A_LR_ssp126  753864 h  N 0.00-1.00  PARBmax  319.9  Rswmax  949.5  band resid max  98.1 W/m2 (2.19% of hours > 1; reference US_xRM: 77.2, 3.27%)
  US_NMj_MPI_ESM1_2_HR_ssp126  753864 h  N 0.00-1.00  PARBmax  324.0  Rswmax  957.7  band resid max 104.9 W/m2 (2.19% of hours > 1; reference US_xRM: 77.2, 3.27%)
  US_NR1_GFDL_ESM4_ssp126  753360 h  N 0.00-1.00  PARBmax  366.8  Rswmax 1059.0  band resid max 124.4 W/m2 (2.11% of hours > 1; reference US_xRM: 77.2, 3.27%)
  US_NR1_IPSL_CM6A_LR_ssp126  753864 h  N 0.00-1.00  PARBmax  367.4  Rswmax 1062.2  band resid max 124.3 W/m2 (2.11% of hours > 1; reference US_xRM: 77.2, 3.27%)
  US_NR1_MPI_ESM1_2_HR_ssp126  753864 h  N 0.00-1.00  PARBmax  363.3  Rswmax 1063.7  band resid max 121.1 W/m2 (2.11% of hours > 1; reference US_xRM: 77.2, 3.27%)
  US_Oho_GFDL_ESM4_ssp126  753360 h  N 0.00-1.00  PARBmax  334.9  Rswmax  972.1  band resid max 111.9 W/m2 (2.39% of hours > 1; reference US_xRM: 77.2, 3.27%)
  US_Oho_IPSL_CM6A_LR_ssp126  753864 h  N 0.00-1.00  PARBmax  330.2  Rswmax  969.5  band resid max 111.7 W/m2 (2.39% of hours > 1; reference US_xRM: 77.2, 3.27%)
  US_Oho_MPI_ESM1_2_HR_ssp126  753864 h  N 0.00-1.00  PARBmax  343.9  Rswmax  981.9  band resid max 111.5 W/m2 (2.39% of hours > 1; reference US_xRM: 77.2, 3.27%)
  US_PFL_GFDL_ESM4_ssp126  753360 h  N 0.00-1.00  PARBmax  326.5  Rswmax  964.3  band resid max 105.4 W/m2 (2.03% of hours > 1; reference US_xRM: 77.2, 3.27%)
  US_PFL_IPSL_CM6A_LR_ssp126  753864 h  N 0.00-1.00  PARBmax  323.7  Rswmax  957.4  band resid max 103.5 W/m2 (2.03% of hours > 1; reference US_xRM: 77.2, 3.27%)
  US_PFL_MPI_ESM1_2_HR_ssp126  753864 h  N 0.00-1.00  PARBmax  326.9  Rswmax  966.2  band resid max 107.2 W/m2 (2.03% of hours > 1; reference US_xRM: 77.2, 3.27%)
  US_PFb_GFDL_ESM4_ssp126  753360 h  N 0.00-1.00  PARBmax  326.5  Rswmax  964.1  band resid max 105.4 W/m2 (2.03% of hours > 1; reference US_xRM: 77.2, 3.27%)
  US_PFb_IPSL_CM6A_LR_ssp126  753864 h  N 0.00-1.00  PARBmax  323.6  Rswmax  957.2  band resid max 103.5 W/m2 (2.03% of hours > 1; reference US_xRM: 77.2, 3.27%)
  US_PFb_MPI_ESM1_2_HR_ssp126  753864 h  N 0.00-1.00  PARBmax  326.9  Rswmax  966.0  band resid max 107.2 W/m2 (2.03% of hours > 1; reference US_xRM: 77.2, 3.27%)
  US_PFc_GFDL_ESM4_ssp126  753360 h  N 0.00-1.00  PARBmax  326.5  Rswmax  964.1  band resid max 105.2 W/m2 (2.05% of hours > 1; reference US_xRM: 77.2, 3.27%)
  US_PFc_IPSL_CM6A_LR_ssp126  753864 h  N 0.00-1.00  PARBmax  323.6  Rswmax  957.2  band resid max 103.3 W/m2 (2.06% of hours > 1; reference US_xRM: 77.2, 3.27%)
  US_PFc_MPI_ESM1_2_HR_ssp126  753864 h  N 0.00-1.00  PARBmax  326.9  Rswmax  966.1  band resid max 107.0 W/m2 (2.06% of hours > 1; reference US_xRM: 77.2, 3.27%)
  US_PFg_GFDL_ESM4_ssp126  753360 h  N 0.00-1.00  PARBmax  326.5  Rswmax  964.1  band resid max 108.2 W/m2 (2.08% of hours > 1; reference US_xRM: 77.2, 3.27%)
  US_PFg_IPSL_CM6A_LR_ssp126  753864 h  N 0.00-1.00  PARBmax  323.6  Rswmax  957.2  band resid max 110.4 W/m2 (2.08% of hours > 1; reference US_xRM: 77.2, 3.27%)
  US_PFg_MPI_ESM1_2_HR_ssp126  753864 h  N 0.00-1.00  PARBmax  326.9  Rswmax  966.0  band resid max 113.7 W/m2 (2.08% of hours > 1; reference US_xRM: 77.2, 3.27%)
  US_PFh_GFDL_ESM4_ssp126  753360 h  N 0.00-1.00  PARBmax  326.2  Rswmax  963.6  band resid max 107.9 W/m2 (2.07% of hours > 1; reference US_xRM: 77.2, 3.27%)
  US_PFh_IPSL_CM6A_LR_ssp126  753864 h  N 0.00-1.00  PARBmax  323.3  Rswmax  957.6  band resid max 110.2 W/m2 (2.07% of hours > 1; reference US_xRM: 77.2, 3.27%)
  US_PFh_MPI_ESM1_2_HR_ssp126  753864 h  N 0.00-1.00  PARBmax  326.4  Rswmax  966.6  band resid max 113.6 W/m2 (2.07% of hours > 1; reference US_xRM: 77.2, 3.27%)
  US_PFi_GFDL_ESM4_ssp126  753360 h  N 0.00-1.00  PARBmax  326.3  Rswmax  963.5  band resid max 107.8 W/m2 (2.06% of hours > 1; reference US_xRM: 77.2, 3.27%)
  US_PFi_IPSL_CM6A_LR_ssp126  753864 h  N 0.00-1.00  PARBmax  323.4  Rswmax  957.4  band resid max 110.1 W/m2 (2.06% of hours > 1; reference US_xRM: 77.2, 3.27%)
  US_PFi_MPI_ESM1_2_HR_ssp126  753864 h  N 0.00-1.00  PARBmax  326.5  Rswmax  966.5  band resid max 113.4 W/m2 (2.07% of hours > 1; reference US_xRM: 77.2, 3.27%)
  US_PFj_GFDL_ESM4_ssp126  753360 h  N 0.00-1.00  PARBmax  326.3  Rswmax  963.6  band resid max 107.7 W/m2 (2.07% of hours > 1; reference US_xRM: 77.2, 3.27%)
  US_PFj_IPSL_CM6A_LR_ssp126  753864 h  N 0.00-1.00  PARBmax  323.4  Rswmax  957.5  band resid max 110.0 W/m2 (2.06% of hours > 1; reference US_xRM: 77.2, 3.27%)
  US_PFj_MPI_ESM1_2_HR_ssp126  753864 h  N 0.00-1.00  PARBmax  326.5  Rswmax  966.6  band resid max 113.4 W/m2 (2.07% of hours > 1; reference US_xRM: 77.2, 3.27%)
  US_PFk_GFDL_ESM4_ssp126  753360 h  N 0.00-1.00  PARBmax  326.7  Rswmax  964.4  band resid max 105.8 W/m2 (2.01% of hours > 1; reference US_xRM: 77.2, 3.27%)
  US_PFk_IPSL_CM6A_LR_ssp126  753864 h  N 0.00-1.00  PARBmax  323.8  Rswmax  957.5  band resid max 103.9 W/m2 (2.01% of hours > 1; reference US_xRM: 77.2, 3.27%)
  US_PFk_MPI_ESM1_2_HR_ssp126  753864 h  N 0.00-1.00  PARBmax  327.1  Rswmax  966.4  band resid max 107.7 W/m2 (2.01% of hours > 1; reference US_xRM: 77.2, 3.27%)
  US_PFm_GFDL_ESM4_ssp126  753360 h  N 0.00-1.00  PARBmax  326.7  Rswmax  964.4  band resid max 105.3 W/m2 (2.03% of hours > 1; reference US_xRM: 77.2, 3.27%)
  US_PFm_IPSL_CM6A_LR_ssp126  753864 h  N 0.00-1.00  PARBmax  323.8  Rswmax  957.5  band resid max 103.4 W/m2 (2.03% of hours > 1; reference US_xRM: 77.2, 3.27%)
  US_PFm_MPI_ESM1_2_HR_ssp126  753864 h  N 0.00-1.00  PARBmax  327.1  Rswmax  966.3  band resid max 107.2 W/m2 (2.03% of hours > 1; reference US_xRM: 77.2, 3.27%)
  US_PFn_GFDL_ESM4_ssp126  753360 h  N 0.00-1.00  PARBmax  326.6  Rswmax  964.3  band resid max 104.9 W/m2 (2.05% of hours > 1; reference US_xRM: 77.2, 3.27%)
  US_PFn_IPSL_CM6A_LR_ssp126  753864 h  N 0.00-1.00  PARBmax  323.7  Rswmax  957.4  band resid max 103.0 W/m2 (2.05% of hours > 1; reference US_xRM: 77.2, 3.27%)
  US_PFn_MPI_ESM1_2_HR_ssp126  753864 h  N 0.00-1.00  PARBmax  327.0  Rswmax  966.2  band resid max 106.7 W/m2 (2.06% of hours > 1; reference US_xRM: 77.2, 3.27%)
  US_PFp_GFDL_ESM4_ssp126  753360 h  N 0.00-1.00  PARBmax  326.7  Rswmax  964.3  band resid max 108.2 W/m2 (2.08% of hours > 1; reference US_xRM: 77.2, 3.27%)
  US_PFp_IPSL_CM6A_LR_ssp126  753864 h  N 0.00-1.00  PARBmax  323.8  Rswmax  957.4  band resid max 110.4 W/m2 (2.08% of hours > 1; reference US_xRM: 77.2, 3.27%)
  US_PFp_MPI_ESM1_2_HR_ssp126  753864 h  N 0.00-1.00  PARBmax  327.1  Rswmax  966.2  band resid max 113.7 W/m2 (2.08% of hours > 1; reference US_xRM: 77.2, 3.27%)
  US_PFq_GFDL_ESM4_ssp126  753360 h  N 0.00-1.00  PARBmax  326.3  Rswmax  963.8  band resid max 108.1 W/m2 (2.08% of hours > 1; reference US_xRM: 77.2, 3.27%)
  US_PFq_IPSL_CM6A_LR_ssp126  753864 h  N 0.00-1.00  PARBmax  323.4  Rswmax  957.7  band resid max 110.4 W/m2 (2.08% of hours > 1; reference US_xRM: 77.2, 3.27%)
  US_PFq_MPI_ESM1_2_HR_ssp126  753864 h  N 0.00-1.00  PARBmax  326.5  Rswmax  966.8  band resid max 113.8 W/m2 (2.08% of hours > 1; reference US_xRM: 77.2, 3.27%)
  US_PFs_GFDL_ESM4_ssp126  753360 h  N 0.00-1.00  PARBmax  326.4  Rswmax  963.7  band resid max 107.9 W/m2 (2.07% of hours > 1; reference US_xRM: 77.2, 3.27%)
  US_PFs_IPSL_CM6A_LR_ssp126  753864 h  N 0.00-1.00  PARBmax  323.5  Rswmax  957.7  band resid max 110.2 W/m2 (2.07% of hours > 1; reference US_xRM: 77.2, 3.27%)
  US_PFs_MPI_ESM1_2_HR_ssp126  753864 h  N 0.00-1.00  PARBmax  326.6  Rswmax  966.7  band resid max 113.6 W/m2 (2.07% of hours > 1; reference US_xRM: 77.2, 3.27%)
  US_PFt_GFDL_ESM4_ssp126  753360 h  N 0.00-1.00  PARBmax  326.3  Rswmax  963.8  band resid max 107.9 W/m2 (2.07% of hours > 1; reference US_xRM: 77.2, 3.27%)
  US_PFt_IPSL_CM6A_LR_ssp126  753864 h  N 0.00-1.00  PARBmax  323.4  Rswmax  957.8  band resid max 110.2 W/m2 (2.07% of hours > 1; reference US_xRM: 77.2, 3.27%)
  US_PFt_MPI_ESM1_2_HR_ssp126  753864 h  N 0.00-1.00  PARBmax  326.5  Rswmax  966.8  band resid max 113.5 W/m2 (2.07% of hours > 1; reference US_xRM: 77.2, 3.27%)
  US_SB1_GFDL_ESM4_ssp126  753360 h  N 0.00-1.00  PARBmax  340.5  Rswmax  978.4  band resid max 117.4 W/m2 (2.28% of hours > 1; reference US_xRM: 77.2, 3.27%)
  US_SB1_IPSL_CM6A_LR_ssp126  753864 h  N 0.00-1.00  PARBmax  331.9  Rswmax  964.1  band resid max 120.2 W/m2 (2.28% of hours > 1; reference US_xRM: 77.2, 3.27%)
  US_SB1_MPI_ESM1_2_HR_ssp126  753864 h  N 0.00-1.00  PARBmax  345.9  Rswmax  978.5  band resid max 117.2 W/m2 (2.28% of hours > 1; reference US_xRM: 77.2, 3.27%)
  US_SHC_GFDL_ESM4_ssp126  753360 h  N 0.00-1.00  PARBmax  368.9  Rswmax 1081.1  band resid max 119.2 W/m2 (2.08% of hours > 1; reference US_xRM: 77.2, 3.27%)
  US_SHC_IPSL_CM6A_LR_ssp126  753864 h  N 0.00-1.00  PARBmax  371.5  Rswmax 1079.9  band resid max 120.3 W/m2 (2.08% of hours > 1; reference US_xRM: 77.2, 3.27%)
  US_SHC_MPI_ESM1_2_HR_ssp126  753864 h  N 0.00-1.00  PARBmax  366.8  Rswmax 1068.3  band resid max 121.3 W/m2 (2.08% of hours > 1; reference US_xRM: 77.2, 3.27%)
  US_SP1_GFDL_ESM4_ssp126  753360 h  N 0.00-1.00  PARBmax  353.4  Rswmax  986.9  band resid max 116.1 W/m2 (2.02% of hours > 1; reference US_xRM: 77.2, 3.27%)
  US_SP1_IPSL_CM6A_LR_ssp126  753864 h  N 0.00-1.00  PARBmax  343.0  Rswmax  985.1  band resid max 112.5 W/m2 (2.02% of hours > 1; reference US_xRM: 77.2, 3.27%)
  US_SP1_MPI_ESM1_2_HR_ssp126  753864 h  N 0.00-1.00  PARBmax  349.0  Rswmax  995.1  band resid max 115.9 W/m2 (2.02% of hours > 1; reference US_xRM: 77.2, 3.27%)
  US_SP2_GFDL_ESM4_ssp126  753360 h  N 0.00-1.00  PARBmax  353.8  Rswmax  987.6  band resid max 116.5 W/m2 (2.02% of hours > 1; reference US_xRM: 77.2, 3.27%)
  US_SP2_IPSL_CM6A_LR_ssp126  753864 h  N 0.00-1.00  PARBmax  342.5  Rswmax  982.6  band resid max 113.2 W/m2 (2.02% of hours > 1; reference US_xRM: 77.2, 3.27%)
  US_SP2_MPI_ESM1_2_HR_ssp126  753864 h  N 0.00-1.00  PARBmax  349.7  Rswmax  995.0  band resid max 116.3 W/m2 (2.02% of hours > 1; reference US_xRM: 77.2, 3.27%)
  US_SP3_GFDL_ESM4_ssp126  753360 h  N 0.00-1.00  PARBmax  353.8  Rswmax  987.8  band resid max 118.1 W/m2 (2.03% of hours > 1; reference US_xRM: 77.2, 3.27%)
  US_SP3_IPSL_CM6A_LR_ssp126  753864 h  N 0.00-1.00  PARBmax  342.4  Rswmax  982.8  band resid max 116.0 W/m2 (2.03% of hours > 1; reference US_xRM: 77.2, 3.27%)
  US_SP3_MPI_ESM1_2_HR_ssp126  753864 h  N 0.00-1.00  PARBmax  349.8  Rswmax  995.2  band resid max 122.8 W/m2 (2.03% of hours > 1; reference US_xRM: 77.2, 3.27%)
  US_SP4_GFDL_ESM4_ssp126  753360 h  N 0.00-1.00  PARBmax  353.7  Rswmax  987.5  band resid max 118.7 W/m2 (2.04% of hours > 1; reference US_xRM: 77.2, 3.27%)
  US_SP4_IPSL_CM6A_LR_ssp126  753864 h  N 0.00-1.00  PARBmax  342.5  Rswmax  982.5  band resid max 116.6 W/m2 (2.04% of hours > 1; reference US_xRM: 77.2, 3.27%)
  US_SP4_MPI_ESM1_2_HR_ssp126  753864 h  N 0.00-1.00  PARBmax  349.7  Rswmax  994.9  band resid max 123.5 W/m2 (2.04% of hours > 1; reference US_xRM: 77.2, 3.27%)
  US_SSH_GFDL_ESM4_ssp126  753360 h  N 0.00-1.00  PARBmax  332.2  Rswmax  955.9  band resid max 119.2 W/m2 (1.78% of hours > 1; reference US_xRM: 77.2, 3.27%)
  US_SSH_IPSL_CM6A_LR_ssp126  753864 h  N 0.00-1.00  PARBmax  332.4  Rswmax  955.4  band resid max 117.0 W/m2 (1.78% of hours > 1; reference US_xRM: 77.2, 3.27%)
  US_SSH_MPI_ESM1_2_HR_ssp126  753864 h  N 0.00-1.00  PARBmax  339.7  Rswmax  968.2  band resid max 121.2 W/m2 (1.78% of hours > 1; reference US_xRM: 77.2, 3.27%)
  US_Slt_GFDL_ESM4_ssp126  753360 h  N 0.00-1.00  PARBmax  351.5  Rswmax 1010.1  band resid max 107.0 W/m2 (2.02% of hours > 1; reference US_xRM: 77.2, 3.27%)
  US_Slt_IPSL_CM6A_LR_ssp126  753864 h  N 0.00-1.00  PARBmax  345.7  Rswmax 1008.9  band resid max 110.6 W/m2 (2.02% of hours > 1; reference US_xRM: 77.2, 3.27%)
  US_Slt_MPI_ESM1_2_HR_ssp126  753864 h  N 0.00-1.00  PARBmax  364.4  Rswmax 1022.7  band resid max 104.4 W/m2 (2.02% of hours > 1; reference US_xRM: 77.2, 3.27%)
  US_TEF_GFDL_ESM4_ssp126  753360 h  N 0.00-1.00  PARBmax  334.7  Rswmax  984.2  band resid max 112.4 W/m2 (1.88% of hours > 1; reference US_xRM: 77.2, 3.27%)
  US_TEF_IPSL_CM6A_LR_ssp126  753864 h  N 0.00-1.00  PARBmax  336.1  Rswmax  980.0  band resid max 111.4 W/m2 (1.88% of hours > 1; reference US_xRM: 77.2, 3.27%)
  US_TEF_MPI_ESM1_2_HR_ssp126  753864 h  N 0.00-1.00  PARBmax  336.5  Rswmax  973.0  band resid max 109.8 W/m2 (1.88% of hours > 1; reference US_xRM: 77.2, 3.27%)
  US_UMB_GFDL_ESM4_ssp126  753360 h  N 0.00-1.00  PARBmax  321.0  Rswmax  944.9  band resid max 106.7 W/m2 (2.32% of hours > 1; reference US_xRM: 77.2, 3.27%)
  US_UMB_IPSL_CM6A_LR_ssp126  753864 h  N 0.00-1.00  PARBmax  316.5  Rswmax  939.4  band resid max 104.2 W/m2 (2.32% of hours > 1; reference US_xRM: 77.2, 3.27%)
  US_UMB_MPI_ESM1_2_HR_ssp126  753864 h  N 0.00-1.00  PARBmax  324.3  Rswmax  959.2  band resid max 105.6 W/m2 (2.33% of hours > 1; reference US_xRM: 77.2, 3.27%)
  US_UMd_GFDL_ESM4_ssp126  753360 h  N 0.00-1.00  PARBmax  321.0  Rswmax  944.9  band resid max 106.5 W/m2 (2.31% of hours > 1; reference US_xRM: 77.2, 3.27%)
  US_UMd_IPSL_CM6A_LR_ssp126  753864 h  N 0.00-1.00  PARBmax  316.5  Rswmax  939.4  band resid max 103.9 W/m2 (2.31% of hours > 1; reference US_xRM: 77.2, 3.27%)
  US_UMd_MPI_ESM1_2_HR_ssp126  753864 h  N 0.00-1.00  PARBmax  324.3  Rswmax  959.2  band resid max 105.4 W/m2 (2.31% of hours > 1; reference US_xRM: 77.2, 3.27%)
  US_Vcm_GFDL_ESM4_ssp126  753360 h  N 0.00-1.00  PARBmax  382.4  Rswmax 1101.4  band resid max 126.1 W/m2 (2.31% of hours > 1; reference US_xRM: 77.2, 3.27%)
  US_Vcm_MPI_ESM1_2_HR_ssp126  753864 h  N 0.00-1.00  PARBmax  381.5  Rswmax 1106.1  band resid max 126.9 W/m2 (2.31% of hours > 1; reference US_xRM: 77.2, 3.27%)
  US_Vcp_GFDL_ESM4_ssp126  753360 h  N 0.00-1.00  PARBmax  380.4  Rswmax 1101.5  band resid max 127.3 W/m2 (2.32% of hours > 1; reference US_xRM: 77.2, 3.27%)
  US_Vcp_MPI_ESM1_2_HR_ssp126  753864 h  N 0.00-1.00  PARBmax  379.6  Rswmax 1106.2  band resid max 128.1 W/m2 (2.32% of hours > 1; reference US_xRM: 77.2, 3.27%)
  US_Vcs_GFDL_ESM4_ssp126  753360 h  N 0.00-1.00  PARBmax  381.2  Rswmax 1101.3  band resid max 127.3 W/m2 (2.34% of hours > 1; reference US_xRM: 77.2, 3.27%)
  US_Vcs_MPI_ESM1_2_HR_ssp126  753864 h  N 0.00-1.00  PARBmax  380.4  Rswmax 1105.9  band resid max 128.2 W/m2 (2.34% of hours > 1; reference US_xRM: 77.2, 3.27%)
  US_WBW_GFDL_ESM4_ssp126  753360 h  N 0.00-1.00  PARBmax  346.4  Rswmax 1002.3  band resid max 119.6 W/m2 (1.78% of hours > 1; reference US_xRM: 77.2, 3.27%)
  US_WBW_IPSL_CM6A_LR_ssp126  753864 h  N 0.00-1.00  PARBmax  346.8  Rswmax  991.4  band resid max 118.0 W/m2 (1.78% of hours > 1; reference US_xRM: 77.2, 3.27%)
  US_WCr_GFDL_ESM4_ssp126  753360 h  N 0.00-1.00  PARBmax  326.8  Rswmax  964.5  band resid max 106.1 W/m2 (2.05% of hours > 1; reference US_xRM: 77.2, 3.27%)
  US_WCr_IPSL_CM6A_LR_ssp126  753864 h  N 0.00-1.00  PARBmax  323.9  Rswmax  958.4  band resid max 108.4 W/m2 (2.06% of hours > 1; reference US_xRM: 77.2, 3.27%)
  US_Wi1_GFDL_ESM4_ssp126  753360 h  N 0.00-1.00  PARBmax  322.6  Rswmax  958.7  band resid max 108.1 W/m2 (1.92% of hours > 1; reference US_xRM: 77.2, 3.27%)
  US_Wi1_IPSL_CM6A_LR_ssp126  753864 h  N 0.00-1.00  PARBmax  320.3  Rswmax  949.9  band resid max 102.7 W/m2 (1.92% of hours > 1; reference US_xRM: 77.2, 3.27%)
  US_Wi2_IPSL_CM6A_LR_ssp126  753864 h  N 0.00-1.00  PARBmax  320.6  Rswmax  950.2  band resid max 101.7 W/m2 (1.96% of hours > 1; reference US_xRM: 77.2, 3.27%)
  US_Wi3_IPSL_CM6A_LR_ssp126  753864 h  N 0.00-1.00  PARBmax  320.8  Rswmax  950.5  band resid max 101.2 W/m2 (1.96% of hours > 1; reference US_xRM: 77.2, 3.27%)
  US_Wi4_IPSL_CM6A_LR_ssp126  753864 h  N 0.00-1.00  PARBmax  320.3  Rswmax  949.8  band resid max 101.7 W/m2 (1.94% of hours > 1; reference US_xRM: 77.2, 3.27%)
  US_Wrc_IPSL_CM6A_LR_ssp126  753864 h  N 0.00-1.00  PARBmax  342.9  Rswmax 1009.2  band resid max 102.8 W/m2 (1.84% of hours > 1; reference US_xRM: 77.2, 3.27%)

212/212 written to /vol_efthymios/NFS07/dd1136/T_and_C/input_data/gcm_meteo/ssp126/
  partition: ssp585 -> 2015_2100  (456 file(s))
t_bef/t_aft = 0/1 -- imposed (constructed hourly series)
456 raw file(s) in /vol_efthymios/NFS07/dd1136/T_and_C/input_data/gcm_meteo/ssp585/

  US_Bar_GFDL_ESM4_ssp585  753360 h  N 0.00-1.00  PARBmax  330.3  Rswmax  985.8  band resid max 107.4 W/m2 (2.68% of hours > 1; reference US_xRM: 77.2, 3.27%)
  US_Bar_IPSL_CM6A_LR_ssp585  753864 h  N 0.00-1.00  PARBmax  330.3  Rswmax  979.0  band resid max 109.6 W/m2 (2.68% of hours > 1; reference US_xRM: 77.2, 3.27%)
  US_Bar_MPI_ESM1_2_HR_ssp585  753864 h  N 0.00-1.00  PARBmax  336.8  Rswmax  992.8  band resid max 108.4 W/m2 (2.68% of hours > 1; reference US_xRM: 77.2, 3.27%)
  US_Bar_MRI_ESM2_0_ssp585  753864 h  N 0.00-1.00  PARBmax  326.9  Rswmax  978.6  band resid max 104.2 W/m2 (2.68% of hours > 1; reference US_xRM: 77.2, 3.27%)
  US_Bar_UKESM1_0_LL_ssp585  743040 h  N 0.00-1.00  PARBmax  331.4  Rswmax  989.3  band resid max 104.1 W/m2 (2.69% of hours > 1; reference US_xRM: 77.2, 3.27%)
  US_Blk_GFDL_ESM4_ssp585  753360 h  N 0.00-1.00  PARBmax  341.3  Rswmax  993.7  band resid max 113.2 W/m2 (2.28% of hours > 1; reference US_xRM: 77.2, 3.27%)
  US_Blk_IPSL_CM6A_LR_ssp585  753864 h  N 0.00-1.00  PARBmax  338.4  Rswmax  986.0  band resid max 115.1 W/m2 (2.28% of hours > 1; reference US_xRM: 77.2, 3.27%)
  US_Blk_MPI_ESM1_2_HR_ssp585  753864 h  N 0.00-1.00  PARBmax  340.7  Rswmax  996.0  band resid max 113.3 W/m2 (2.28% of hours > 1; reference US_xRM: 77.2, 3.27%)
  US_CPF_GFDL_ESM4_ssp585  753360 h  N 0.00-1.00  PARBmax  363.6  Rswmax 1053.4  band resid max 126.5 W/m2 (1.96% of hours > 1; reference US_xRM: 77.2, 3.27%)
  US_CPF_IPSL_CM6A_LR_ssp585  753864 h  N 0.00-1.00  PARBmax  367.1  Rswmax 1054.3  band resid max 127.4 W/m2 (1.96% of hours > 1; reference US_xRM: 77.2, 3.27%)
  US_CPF_MPI_ESM1_2_HR_ssp585  753864 h  N 0.00-1.00  PARBmax  365.1  Rswmax 1055.1  band resid max 124.0 W/m2 (1.96% of hours > 1; reference US_xRM: 77.2, 3.27%)
  US_CPF_UKESM1_0_LL_ssp585  743040 h  N 0.00-1.00  PARBmax  363.3  Rswmax 1053.9  band resid max 121.3 W/m2 (1.96% of hours > 1; reference US_xRM: 77.2, 3.27%)
  US_CPk_GFDL_ESM4_ssp585  753360 h  N 0.00-1.00  PARBmax  360.5  Rswmax 1041.8  band resid max 121.9 W/m2 (1.83% of hours > 1; reference US_xRM: 77.2, 3.27%)
  US_CPk_MPI_ESM1_2_HR_ssp585  753864 h  N 0.00-1.00  PARBmax  361.0  Rswmax 1044.3  band resid max 117.8 W/m2 (1.83% of hours > 1; reference US_xRM: 77.2, 3.27%)
  US_CPk_UKESM1_0_LL_ssp585  743040 h  N 0.00-1.00  PARBmax  361.8  Rswmax 1044.1  band resid max 118.0 W/m2 (1.82% of hours > 1; reference US_xRM: 77.2, 3.27%)
  US_CRK_GFDL_ESM4_ssp585  753360 h  N 0.00-1.00  PARBmax  370.3  Rswmax 1046.5  band resid max 123.9 W/m2 (2.55% of hours > 1; reference US_xRM: 77.2, 3.27%)
  US_CRK_IPSL_CM6A_LR_ssp585  753864 h  N 0.00-1.00  PARBmax  365.9  Rswmax 1047.5  band resid max 122.1 W/m2 (2.55% of hours > 1; reference US_xRM: 77.2, 3.27%)
  US_CRK_MPI_ESM1_2_HR_ssp585  753864 h  N 0.00-1.00  PARBmax  377.7  Rswmax 1075.1  band resid max 124.7 W/m2 (2.55% of hours > 1; reference US_xRM: 77.2, 3.27%)
  US_CRK_MRI_ESM2_0_ssp585  753864 h  N 0.00-1.00  PARBmax  364.6  Rswmax 1046.0  band resid max 121.6 W/m2 (2.55% of hours > 1; reference US_xRM: 77.2, 3.27%)
  US_CRK_UKESM1_0_LL_ssp585  743040 h  N 0.00-1.00  PARBmax  364.4  Rswmax 1054.4  band resid max 121.0 W/m2 (2.54% of hours > 1; reference US_xRM: 77.2, 3.27%)
  US_CS2_GFDL_ESM4_ssp585  753360 h  N 0.00-1.00  PARBmax  329.0  Rswmax  973.5  band resid max 106.5 W/m2 (2.15% of hours > 1; reference US_xRM: 77.2, 3.27%)
  US_CS2_IPSL_CM6A_LR_ssp585  753864 h  N 0.00-1.00  PARBmax  330.8  Rswmax  964.5  band resid max 105.0 W/m2 (2.15% of hours > 1; reference US_xRM: 77.2, 3.27%)
  US_CS2_MPI_ESM1_2_HR_ssp585  753864 h  N 0.00-1.00  PARBmax  337.7  Rswmax  982.5  band resid max 110.5 W/m2 (2.15% of hours > 1; reference US_xRM: 77.2, 3.27%)
  US_CS2_MRI_ESM2_0_ssp585  753864 h  N 0.00-1.00  PARBmax  328.7  Rswmax  965.9  band resid max 104.9 W/m2 (2.15% of hours > 1; reference US_xRM: 77.2, 3.27%)
  US_CS2_UKESM1_0_LL_ssp585  743040 h  N 0.00-1.00  PARBmax  328.2  Rswmax  969.2  band resid max 104.1 W/m2 (2.13% of hours > 1; reference US_xRM: 77.2, 3.27%)
  US_CZ2_GFDL_ESM4_ssp585  753360 h  N 0.00-1.00  PARBmax  373.1  Rswmax 1077.3  band resid max 120.1 W/m2 (1.97% of hours > 1; reference US_xRM: 77.2, 3.27%)
  US_CZ2_MPI_ESM1_2_HR_ssp585  753864 h  N 0.00-1.00  PARBmax  372.8  Rswmax 1082.1  band resid max 122.4 W/m2 (1.97% of hours > 1; reference US_xRM: 77.2, 3.27%)
  US_CZ2_MRI_ESM2_0_ssp585  753864 h  N 0.00-1.00  PARBmax  373.3  Rswmax 1087.8  band resid max 122.6 W/m2 (1.97% of hours > 1; reference US_xRM: 77.2, 3.27%)
  US_CZ3_GFDL_ESM4_ssp585  753360 h  N 0.00-1.00  PARBmax  370.2  Rswmax 1078.5  band resid max 119.6 W/m2 (1.95% of hours > 1; reference US_xRM: 77.2, 3.27%)
  US_CZ3_MPI_ESM1_2_HR_ssp585  753864 h  N 0.00-1.00  PARBmax  370.9  Rswmax 1082.6  band resid max 121.6 W/m2 (1.95% of hours > 1; reference US_xRM: 77.2, 3.27%)
  US_CZ3_MRI_ESM2_0_ssp585  753864 h  N 0.00-1.00  PARBmax  370.2  Rswmax 1089.3  band resid max 122.1 W/m2 (1.95% of hours > 1; reference US_xRM: 77.2, 3.27%)
  US_CZ4_GFDL_ESM4_ssp585  753360 h  N 0.00-1.00  PARBmax  370.2  Rswmax 1079.9  band resid max 122.5 W/m2 (1.93% of hours > 1; reference US_xRM: 77.2, 3.27%)
  US_CZ4_MPI_ESM1_2_HR_ssp585  753864 h  N 0.00-1.00  PARBmax  370.7  Rswmax 1084.3  band resid max 123.9 W/m2 (1.93% of hours > 1; reference US_xRM: 77.2, 3.27%)
  US_CZ4_MRI_ESM2_0_ssp585  753864 h  N 0.00-1.00  PARBmax  369.7  Rswmax 1090.6  band resid max 124.8 W/m2 (1.93% of hours > 1; reference US_xRM: 77.2, 3.27%)
  US_ChR_GFDL_ESM4_ssp585  753360 h  N 0.00-1.00  PARBmax  346.4  Rswmax  994.5  band resid max 121.8 W/m2 (1.76% of hours > 1; reference US_xRM: 77.2, 3.27%)
  US_ChR_IPSL_CM6A_LR_ssp585  753864 h  N 0.00-1.00  PARBmax  341.7  Rswmax  991.3  band resid max 116.3 W/m2 (1.77% of hours > 1; reference US_xRM: 77.2, 3.27%)
  US_ChR_MPI_ESM1_2_HR_ssp585  753864 h  N 0.00-1.00  PARBmax  354.5  Rswmax 1004.3  band resid max 119.5 W/m2 (1.77% of hours > 1; reference US_xRM: 77.2, 3.27%)
  US_ChR_MRI_ESM2_0_ssp585  753864 h  N 0.00-1.00  PARBmax  343.4  Rswmax  992.2  band resid max 116.1 W/m2 (1.77% of hours > 1; reference US_xRM: 77.2, 3.27%)
  US_ChR_UKESM1_0_LL_ssp585  743040 h  N 0.00-1.00  PARBmax  343.9  Rswmax  987.4  band resid max 114.7 W/m2 (1.75% of hours > 1; reference US_xRM: 77.2, 3.27%)
  US_Cst_GFDL_ESM4_ssp585  753360 h  N 0.00-1.00  PARBmax  365.3  Rswmax 1044.0  band resid max 119.0 W/m2 (2.69% of hours > 1; reference US_xRM: 77.2, 3.27%)
  US_Cst_IPSL_CM6A_LR_ssp585  753864 h  N 0.00-1.00  PARBmax  358.7  Rswmax 1018.9  band resid max 117.2 W/m2 (2.69% of hours > 1; reference US_xRM: 77.2, 3.27%)
  US_Cst_MPI_ESM1_2_HR_ssp585  753864 h  N 0.00-1.00  PARBmax  374.8  Rswmax 1050.2  band resid max 121.4 W/m2 (2.70% of hours > 1; reference US_xRM: 77.2, 3.27%)
  US_Cst_MRI_ESM2_0_ssp585  753864 h  N 0.00-1.00  PARBmax  357.8  Rswmax 1027.2  band resid max 118.3 W/m2 (2.70% of hours > 1; reference US_xRM: 77.2, 3.27%)
  US_Cst_UKESM1_0_LL_ssp585  743040 h  N 0.00-1.00  PARBmax  358.5  Rswmax 1034.5  band resid max 120.2 W/m2 (2.70% of hours > 1; reference US_xRM: 77.2, 3.27%)
  US_Cwt_GFDL_ESM4_ssp585  753360 h  N 0.00-1.00  PARBmax  346.2  Rswmax  996.0  band resid max 119.5 W/m2 (1.89% of hours > 1; reference US_xRM: 77.2, 3.27%)
  US_Cwt_IPSL_CM6A_LR_ssp585  753864 h  N 0.00-1.00  PARBmax  341.1  Rswmax  994.8  band resid max 117.4 W/m2 (1.90% of hours > 1; reference US_xRM: 77.2, 3.27%)
  US_Cwt_MPI_ESM1_2_HR_ssp585  753864 h  N 0.00-1.00  PARBmax  352.3  Rswmax 1002.8  band resid max 120.0 W/m2 (1.90% of hours > 1; reference US_xRM: 77.2, 3.27%)
  US_Cwt_MRI_ESM2_0_ssp585  753864 h  N 0.00-1.00  PARBmax  342.8  Rswmax  990.5  band resid max 117.2 W/m2 (1.90% of hours > 1; reference US_xRM: 77.2, 3.27%)
  US_Cwt_UKESM1_0_LL_ssp585  743040 h  N 0.00-1.00  PARBmax  343.9  Rswmax  989.2  band resid max 117.8 W/m2 (1.88% of hours > 1; reference US_xRM: 77.2, 3.27%)
  US_DPP_GFDL_ESM4_ssp585  753360 h  N 0.00-1.00  PARBmax  344.7  Rswmax  972.8  band resid max 117.0 W/m2 (1.90% of hours > 1; reference US_xRM: 77.2, 3.27%)
  US_DPP_IPSL_CM6A_LR_ssp585  753864 h  N 0.00-1.00  PARBmax  343.9  Rswmax  996.9  band resid max 115.0 W/m2 (1.91% of hours > 1; reference US_xRM: 77.2, 3.27%)
  US_DPP_MPI_ESM1_2_HR_ssp585  753864 h  N 0.00-1.00  PARBmax  343.5  Rswmax  979.5  band resid max 115.6 W/m2 (1.91% of hours > 1; reference US_xRM: 77.2, 3.27%)
  US_DPP_MRI_ESM2_0_ssp585  753864 h  N 0.00-1.00  PARBmax  343.8  Rswmax  974.1  band resid max 115.8 W/m2 (1.90% of hours > 1; reference US_xRM: 77.2, 3.27%)
  US_DPP_UKESM1_0_LL_ssp585  743040 h  N 0.00-1.00  PARBmax  343.2  Rswmax  976.2  band resid max 116.4 W/m2 (1.89% of hours > 1; reference US_xRM: 77.2, 3.27%)
  US_Dk2_GFDL_ESM4_ssp585  753360 h  N 0.00-1.00  PARBmax  326.7  Rswmax  962.8  band resid max 112.2 W/m2 (2.85% of hours > 1; reference US_xRM: 77.2, 3.27%)
  US_Dk2_IPSL_CM6A_LR_ssp585  753864 h  N 0.00-1.00  PARBmax  327.4  Rswmax  951.7  band resid max 113.6 W/m2 (2.85% of hours > 1; reference US_xRM: 77.2, 3.27%)
  US_Dk2_MPI_ESM1_2_HR_ssp585  753864 h  N 0.00-1.00  PARBmax  344.1  Rswmax  965.4  band resid max 114.6 W/m2 (2.85% of hours > 1; reference US_xRM: 77.2, 3.27%)
  US_Dk2_MRI_ESM2_0_ssp585  753864 h  N 0.00-1.00  PARBmax  326.2  Rswmax  958.3  band resid max 111.3 W/m2 (2.85% of hours > 1; reference US_xRM: 77.2, 3.27%)
  US_Dk2_UKESM1_0_LL_ssp585  743040 h  N 0.00-1.00  PARBmax  328.9  Rswmax  958.1  band resid max 113.5 W/m2 (2.85% of hours > 1; reference US_xRM: 77.2, 3.27%)
  US_Dk3_GFDL_ESM4_ssp585  753360 h  N 0.00-1.00  PARBmax  326.7  Rswmax  962.8  band resid max 116.8 W/m2 (2.87% of hours > 1; reference US_xRM: 77.2, 3.27%)
  US_Dk3_IPSL_CM6A_LR_ssp585  753864 h  N 0.00-1.00  PARBmax  327.3  Rswmax  951.7  band resid max 117.9 W/m2 (2.87% of hours > 1; reference US_xRM: 77.2, 3.27%)
  US_Dk3_MPI_ESM1_2_HR_ssp585  753864 h  N 0.00-1.00  PARBmax  344.0  Rswmax  965.4  band resid max 117.4 W/m2 (2.87% of hours > 1; reference US_xRM: 77.2, 3.27%)
  US_Dk3_MRI_ESM2_0_ssp585  753864 h  N 0.00-1.00  PARBmax  326.2  Rswmax  958.3  band resid max 116.4 W/m2 (2.87% of hours > 1; reference US_xRM: 77.2, 3.27%)
  US_Dk3_UKESM1_0_LL_ssp585  743040 h  N 0.00-1.00  PARBmax  328.9  Rswmax  958.1  band resid max 117.0 W/m2 (2.87% of hours > 1; reference US_xRM: 77.2, 3.27%)
  US_Fmf_GFDL_ESM4_ssp585  753360 h  N 0.00-1.00  PARBmax  371.6  Rswmax 1084.1  band resid max 126.3 W/m2 (2.23% of hours > 1; reference US_xRM: 77.2, 3.27%)
  US_Fmf_MPI_ESM1_2_HR_ssp585  753864 h  N 0.00-1.00  PARBmax  372.3  Rswmax 1082.8  band resid max 126.3 W/m2 (2.23% of hours > 1; reference US_xRM: 77.2, 3.27%)
  US_Fuf_GFDL_ESM4_ssp585  753360 h  N 0.00-1.00  PARBmax  371.4  Rswmax 1083.4  band resid max 126.9 W/m2 (2.21% of hours > 1; reference US_xRM: 77.2, 3.27%)
  US_Fuf_MPI_ESM1_2_HR_ssp585  753864 h  N 0.00-1.00  PARBmax  371.5  Rswmax 1082.5  band resid max 126.8 W/m2 (2.22% of hours > 1; reference US_xRM: 77.2, 3.27%)
  US_GBT_GFDL_ESM4_ssp585  753360 h  N 0.00-1.00  PARBmax  362.2  Rswmax 1037.2  band resid max 122.3 W/m2 (1.76% of hours > 1; reference US_xRM: 77.2, 3.27%)
  US_GBT_MPI_ESM1_2_HR_ssp585  753864 h  N 0.00-1.00  PARBmax  359.9  Rswmax 1044.6  band resid max 117.4 W/m2 (1.76% of hours > 1; reference US_xRM: 77.2, 3.27%)
  US_GBT_UKESM1_0_LL_ssp585  743040 h  N 0.00-1.00  PARBmax  361.4  Rswmax 1039.3  band resid max 117.8 W/m2 (1.75% of hours > 1; reference US_xRM: 77.2, 3.27%)
  US_GLE_GFDL_ESM4_ssp585  753360 h  N 0.00-1.00  PARBmax  362.2  Rswmax 1037.2  band resid max 122.3 W/m2 (1.76% of hours > 1; reference US_xRM: 77.2, 3.27%)
  US_GLE_MPI_ESM1_2_HR_ssp585  753864 h  N 0.00-1.00  PARBmax  360.0  Rswmax 1044.6  band resid max 117.4 W/m2 (1.76% of hours > 1; reference US_xRM: 77.2, 3.27%)
  US_GLE_UKESM1_0_LL_ssp585  743040 h  N 0.00-1.00  PARBmax  361.4  Rswmax 1039.3  band resid max 117.8 W/m2 (1.75% of hours > 1; reference US_xRM: 77.2, 3.27%)
  US_HB2_GFDL_ESM4_ssp585  753360 h  N 0.00-1.00  PARBmax  332.9  Rswmax  962.6  band resid max 108.3 W/m2 (2.75% of hours > 1; reference US_xRM: 77.2, 3.27%)
  US_HB2_IPSL_CM6A_LR_ssp585  753864 h  N 0.00-1.00  PARBmax  321.1  Rswmax  943.5  band resid max 107.4 W/m2 (2.75% of hours > 1; reference US_xRM: 77.2, 3.27%)
  US_HB2_MPI_ESM1_2_HR_ssp585  753864 h  N 0.00-1.00  PARBmax  338.7  Rswmax  962.7  band resid max 110.7 W/m2 (2.75% of hours > 1; reference US_xRM: 77.2, 3.27%)
  US_HB2_MRI_ESM2_0_ssp585  753864 h  N 0.00-1.00  PARBmax  329.8  Rswmax  949.6  band resid max 109.8 W/m2 (2.75% of hours > 1; reference US_xRM: 77.2, 3.27%)
  US_HB2_UKESM1_0_LL_ssp585  743040 h  N 0.00-1.00  PARBmax  329.9  Rswmax  947.5  band resid max 108.3 W/m2 (2.76% of hours > 1; reference US_xRM: 77.2, 3.27%)
  US_HB3_GFDL_ESM4_ssp585  753360 h  N 0.00-1.00  PARBmax  332.9  Rswmax  962.5  band resid max 108.1 W/m2 (2.74% of hours > 1; reference US_xRM: 77.2, 3.27%)
  US_HB3_IPSL_CM6A_LR_ssp585  753864 h  N 0.00-1.00  PARBmax  321.0  Rswmax  943.4  band resid max 107.3 W/m2 (2.74% of hours > 1; reference US_xRM: 77.2, 3.27%)
  US_HB3_MPI_ESM1_2_HR_ssp585  753864 h  N 0.00-1.00  PARBmax  338.9  Rswmax  962.7  band resid max 110.6 W/m2 (2.74% of hours > 1; reference US_xRM: 77.2, 3.27%)
  US_HB3_MRI_ESM2_0_ssp585  753864 h  N 0.00-1.00  PARBmax  329.8  Rswmax  949.6  band resid max 109.6 W/m2 (2.74% of hours > 1; reference US_xRM: 77.2, 3.27%)
  US_HB3_UKESM1_0_LL_ssp585  743040 h  N 0.00-1.00  PARBmax  329.8  Rswmax  947.4  band resid max 108.2 W/m2 (2.75% of hours > 1; reference US_xRM: 77.2, 3.27%)
  US_HBK_GFDL_ESM4_ssp585  753360 h  N 0.00-1.00  PARBmax  333.4  Rswmax  987.5  band resid max 101.3 W/m2 (2.61% of hours > 1; reference US_xRM: 77.2, 3.27%)
  US_HBK_IPSL_CM6A_LR_ssp585  753864 h  N 0.00-1.00  PARBmax  333.1  Rswmax  973.7  band resid max 103.5 W/m2 (2.62% of hours > 1; reference US_xRM: 77.2, 3.27%)
  US_HBK_MPI_ESM1_2_HR_ssp585  753864 h  N 0.00-1.00  PARBmax  339.9  Rswmax  993.5  band resid max 101.7 W/m2 (2.62% of hours > 1; reference US_xRM: 77.2, 3.27%)
  US_HBK_MRI_ESM2_0_ssp585  753864 h  N 0.00-1.00  PARBmax  329.5  Rswmax  978.7  band resid max  99.0 W/m2 (2.62% of hours > 1; reference US_xRM: 77.2, 3.27%)
  US_HBK_UKESM1_0_LL_ssp585  743040 h  N 0.00-1.00  PARBmax  331.7  Rswmax  989.4  band resid max  98.5 W/m2 (2.62% of hours > 1; reference US_xRM: 77.2, 3.27%)
  US_Ha1_GFDL_ESM4_ssp585  753360 h  N 0.00-1.00  PARBmax  334.3  Rswmax  980.0  band resid max 102.3 W/m2 (2.54% of hours > 1; reference US_xRM: 77.2, 3.27%)
  US_Ha1_IPSL_CM6A_LR_ssp585  753864 h  N 0.00-1.00  PARBmax  338.4  Rswmax  988.1  band resid max 104.3 W/m2 (2.55% of hours > 1; reference US_xRM: 77.2, 3.27%)
  US_Ha1_MPI_ESM1_2_HR_ssp585  753864 h  N 0.00-1.00  PARBmax  346.9  Rswmax 1006.6  band resid max 102.7 W/m2 (2.55% of hours > 1; reference US_xRM: 77.2, 3.27%)
  US_Ha1_MRI_ESM2_0_ssp585  753864 h  N 0.00-1.00  PARBmax  332.7  Rswmax  984.8  band resid max  98.2 W/m2 (2.55% of hours > 1; reference US_xRM: 77.2, 3.27%)
  US_Ha1_UKESM1_0_LL_ssp585  743040 h  N 0.00-1.00  PARBmax  334.7  Rswmax  985.4  band resid max  97.7 W/m2 (2.55% of hours > 1; reference US_xRM: 77.2, 3.27%)
  US_Ha2_GFDL_ESM4_ssp585  753360 h  N 0.00-1.00  PARBmax  334.4  Rswmax  980.0  band resid max 102.4 W/m2 (2.55% of hours > 1; reference US_xRM: 77.2, 3.27%)
  US_Ha2_IPSL_CM6A_LR_ssp585  753864 h  N 0.00-1.00  PARBmax  338.5  Rswmax  988.1  band resid max 104.4 W/m2 (2.55% of hours > 1; reference US_xRM: 77.2, 3.27%)
  US_Ha2_MPI_ESM1_2_HR_ssp585  753864 h  N 0.00-1.00  PARBmax  347.0  Rswmax 1006.6  band resid max 102.8 W/m2 (2.55% of hours > 1; reference US_xRM: 77.2, 3.27%)
  US_Ha2_MRI_ESM2_0_ssp585  753864 h  N 0.00-1.00  PARBmax  332.8  Rswmax  984.8  band resid max  98.3 W/m2 (2.55% of hours > 1; reference US_xRM: 77.2, 3.27%)
  US_Ha2_UKESM1_0_LL_ssp585  743040 h  N 0.00-1.00  PARBmax  334.8  Rswmax  985.4  band resid max  97.8 W/m2 (2.55% of hours > 1; reference US_xRM: 77.2, 3.27%)
  US_Ho1_GFDL_ESM4_ssp585  753360 h  N 0.00-1.00  PARBmax  331.2  Rswmax  984.8  band resid max 102.0 W/m2 (2.19% of hours > 1; reference US_xRM: 77.2, 3.27%)
  US_Ho1_IPSL_CM6A_LR_ssp585  753864 h  N 0.00-1.00  PARBmax  328.9  Rswmax  977.4  band resid max 101.2 W/m2 (2.19% of hours > 1; reference US_xRM: 77.2, 3.27%)
  US_Ho1_MPI_ESM1_2_HR_ssp585  753864 h  N 0.00-1.00  PARBmax  341.6  Rswmax  990.0  band resid max 101.2 W/m2 (2.19% of hours > 1; reference US_xRM: 77.2, 3.27%)
  US_Ho1_MRI_ESM2_0_ssp585  753864 h  N 0.00-1.00  PARBmax  329.6  Rswmax  983.4  band resid max  98.4 W/m2 (2.19% of hours > 1; reference US_xRM: 77.2, 3.27%)
  US_Ho1_UKESM1_0_LL_ssp585  743040 h  N 0.00-1.00  PARBmax  332.9  Rswmax  978.6  band resid max 100.5 W/m2 (2.20% of hours > 1; reference US_xRM: 77.2, 3.27%)
  US_Ho2_GFDL_ESM4_ssp585  753360 h  N 0.00-1.00  PARBmax  331.2  Rswmax  984.8  band resid max 102.1 W/m2 (2.19% of hours > 1; reference US_xRM: 77.2, 3.27%)
  US_Ho2_IPSL_CM6A_LR_ssp585  753864 h  N 0.00-1.00  PARBmax  329.4  Rswmax  977.4  band resid max 101.2 W/m2 (2.19% of hours > 1; reference US_xRM: 77.2, 3.27%)
  US_Ho2_MPI_ESM1_2_HR_ssp585  753864 h  N 0.00-1.00  PARBmax  341.5  Rswmax  990.0  band resid max 101.3 W/m2 (2.20% of hours > 1; reference US_xRM: 77.2, 3.27%)
  US_Ho2_MRI_ESM2_0_ssp585  753864 h  N 0.00-1.00  PARBmax  329.6  Rswmax  983.4  band resid max  98.5 W/m2 (2.19% of hours > 1; reference US_xRM: 77.2, 3.27%)
  US_Ho2_UKESM1_0_LL_ssp585  743040 h  N 0.00-1.00  PARBmax  332.5  Rswmax  978.6  band resid max 100.5 W/m2 (2.20% of hours > 1; reference US_xRM: 77.2, 3.27%)
  US_Ho3_GFDL_ESM4_ssp585  753360 h  N 0.00-1.00  PARBmax  331.2  Rswmax  984.8  band resid max 101.8 W/m2 (2.18% of hours > 1; reference US_xRM: 77.2, 3.27%)
  US_Ho3_IPSL_CM6A_LR_ssp585  753864 h  N 0.00-1.00  PARBmax  328.6  Rswmax  977.4  band resid max 101.0 W/m2 (2.18% of hours > 1; reference US_xRM: 77.2, 3.27%)
  US_Ho3_MPI_ESM1_2_HR_ssp585  753864 h  N 0.00-1.00  PARBmax  341.6  Rswmax  990.0  band resid max 101.0 W/m2 (2.19% of hours > 1; reference US_xRM: 77.2, 3.27%)
  US_Ho3_MRI_ESM2_0_ssp585  753864 h  N 0.00-1.00  PARBmax  329.6  Rswmax  983.4  band resid max  98.2 W/m2 (2.19% of hours > 1; reference US_xRM: 77.2, 3.27%)
  US_Ho3_UKESM1_0_LL_ssp585  743040 h  N 0.00-1.00  PARBmax  332.9  Rswmax  978.6  band resid max 100.3 W/m2 (2.19% of hours > 1; reference US_xRM: 77.2, 3.27%)
  US_LPH_GFDL_ESM4_ssp585  753360 h  N 0.00-1.00  PARBmax  334.5  Rswmax  980.0  band resid max 102.5 W/m2 (2.55% of hours > 1; reference US_xRM: 77.2, 3.27%)
  US_LPH_IPSL_CM6A_LR_ssp585  753864 h  N 0.00-1.00  PARBmax  338.5  Rswmax  988.1  band resid max 104.5 W/m2 (2.55% of hours > 1; reference US_xRM: 77.2, 3.27%)
  US_LPH_MPI_ESM1_2_HR_ssp585  753864 h  N 0.00-1.00  PARBmax  347.1  Rswmax 1006.6  band resid max 102.9 W/m2 (2.56% of hours > 1; reference US_xRM: 77.2, 3.27%)
  US_LPH_MRI_ESM2_0_ssp585  753864 h  N 0.00-1.00  PARBmax  332.8  Rswmax  984.8  band resid max  98.4 W/m2 (2.56% of hours > 1; reference US_xRM: 77.2, 3.27%)
  US_LPH_UKESM1_0_LL_ssp585  743040 h  N 0.00-1.00  PARBmax  334.9  Rswmax  985.4  band resid max  97.9 W/m2 (2.56% of hours > 1; reference US_xRM: 77.2, 3.27%)
  US_MEF_GFDL_ESM4_ssp585  753360 h  N 0.00-1.00  PARBmax  370.2  Rswmax 1071.2  band resid max 126.0 W/m2 (2.07% of hours > 1; reference US_xRM: 77.2, 3.27%)
  US_MEF_IPSL_CM6A_LR_ssp585  753864 h  N 0.00-1.00  PARBmax  375.9  Rswmax 1074.8  band resid max 129.6 W/m2 (2.07% of hours > 1; reference US_xRM: 77.2, 3.27%)
  US_MEF_MPI_ESM1_2_HR_ssp585  753864 h  N 0.00-1.00  PARBmax  372.2  Rswmax 1068.3  band resid max 126.7 W/m2 (2.07% of hours > 1; reference US_xRM: 77.2, 3.27%)
  US_MEF_MRI_ESM2_0_ssp585  753864 h  N 0.00-1.00  PARBmax  364.8  Rswmax 1061.5  band resid max 122.5 W/m2 (2.07% of hours > 1; reference US_xRM: 77.2, 3.27%)
  US_MEF_UKESM1_0_LL_ssp585  743040 h  N 0.00-1.00  PARBmax  370.2  Rswmax 1058.8  band resid max 123.7 W/m2 (2.07% of hours > 1; reference US_xRM: 77.2, 3.27%)
  US_MMS_GFDL_ESM4_ssp585  753360 h  N 0.00-1.00  PARBmax  348.7  Rswmax  991.0  band resid max 113.8 W/m2 (2.18% of hours > 1; reference US_xRM: 77.2, 3.27%)
  US_MMS_IPSL_CM6A_LR_ssp585  753864 h  N 0.00-1.00  PARBmax  342.3  Rswmax  985.5  band resid max 113.4 W/m2 (2.18% of hours > 1; reference US_xRM: 77.2, 3.27%)
  US_MMS_MPI_ESM1_2_HR_ssp585  753864 h  N 0.00-1.00  PARBmax  350.6  Rswmax 1001.3  band resid max 112.5 W/m2 (2.18% of hours > 1; reference US_xRM: 77.2, 3.27%)
  US_MMS_MRI_ESM2_0_ssp585  753864 h  N 0.00-1.00  PARBmax  341.1  Rswmax  984.0  band resid max 108.9 W/m2 (2.18% of hours > 1; reference US_xRM: 77.2, 3.27%)
  US_MMS_UKESM1_0_LL_ssp585  743040 h  N 0.00-1.00  PARBmax  340.5  Rswmax  988.1  band resid max 112.3 W/m2 (2.18% of hours > 1; reference US_xRM: 77.2, 3.27%)
  US_MOz_GFDL_ESM4_ssp585  753360 h  N 0.00-1.00  PARBmax  352.8  Rswmax 1010.1  band resid max 117.6 W/m2 (2.19% of hours > 1; reference US_xRM: 77.2, 3.27%)
  US_MOz_IPSL_CM6A_LR_ssp585  753864 h  N 0.00-1.00  PARBmax  354.0  Rswmax 1011.0  band resid max 112.8 W/m2 (2.19% of hours > 1; reference US_xRM: 77.2, 3.27%)
  US_MOz_MPI_ESM1_2_HR_ssp585  753864 h  N 0.00-1.00  PARBmax  359.9  Rswmax 1027.4  band resid max 118.7 W/m2 (2.19% of hours > 1; reference US_xRM: 77.2, 3.27%)
  US_MOz_MRI_ESM2_0_ssp585  753864 h  N 0.00-1.00  PARBmax  351.1  Rswmax 1012.4  band resid max 114.1 W/m2 (2.19% of hours > 1; reference US_xRM: 77.2, 3.27%)
  US_MOz_UKESM1_0_LL_ssp585  743040 h  N 0.00-1.00  PARBmax  351.3  Rswmax 1012.8  band resid max 118.3 W/m2 (2.19% of hours > 1; reference US_xRM: 77.2, 3.27%)
  US_MRf_GFDL_ESM4_ssp585  753360 h  N 0.00-1.00  PARBmax  349.2  Rswmax 1021.6  band resid max 100.9 W/m2 (1.41% of hours > 1; reference US_xRM: 77.2, 3.27%)
  US_MRf_IPSL_CM6A_LR_ssp585  753864 h  N 0.00-1.00  PARBmax  347.3  Rswmax 1032.6  band resid max  97.4 W/m2 (1.41% of hours > 1; reference US_xRM: 77.2, 3.27%)
  US_MRf_MPI_ESM1_2_HR_ssp585  753864 h  N 0.00-1.00  PARBmax  346.1  Rswmax 1008.4  band resid max 100.6 W/m2 (1.41% of hours > 1; reference US_xRM: 77.2, 3.27%)
  US_MRf_MRI_ESM2_0_ssp585  753864 h  N 0.00-1.00  PARBmax  343.0  Rswmax 1004.5  band resid max 100.2 W/m2 (1.41% of hours > 1; reference US_xRM: 77.2, 3.27%)
  US_MRf_UKESM1_0_LL_ssp585  743040 h  N 0.00-1.00  PARBmax  353.3  Rswmax 1028.3  band resid max 107.1 W/m2 (1.40% of hours > 1; reference US_xRM: 77.2, 3.27%)
  US_Me1_IPSL_CM6A_LR_ssp585  753864 h  N 0.00-1.00  PARBmax  347.9  Rswmax 1027.2  band resid max 103.0 W/m2 (1.81% of hours > 1; reference US_xRM: 77.2, 3.27%)
  US_Me1_MPI_ESM1_2_HR_ssp585  753864 h  N 0.00-1.00  PARBmax  344.9  Rswmax 1017.0  band resid max 103.9 W/m2 (1.81% of hours > 1; reference US_xRM: 77.2, 3.27%)
  US_Me1_MRI_ESM2_0_ssp585  753864 h  N 0.00-1.00  PARBmax  349.5  Rswmax 1013.5  band resid max 103.8 W/m2 (1.81% of hours > 1; reference US_xRM: 77.2, 3.27%)
  US_Me1_UKESM1_0_LL_ssp585  743040 h  N 0.00-1.00  PARBmax  345.7  Rswmax 1020.9  band resid max 109.4 W/m2 (1.80% of hours > 1; reference US_xRM: 77.2, 3.27%)
  US_Me2_IPSL_CM6A_LR_ssp585  753864 h  N 0.00-1.00  PARBmax  352.6  Rswmax 1032.9  band resid max 105.6 W/m2 (1.81% of hours > 1; reference US_xRM: 77.2, 3.27%)
  US_Me2_MPI_ESM1_2_HR_ssp585  753864 h  N 0.00-1.00  PARBmax  349.7  Rswmax 1021.4  band resid max 105.6 W/m2 (1.81% of hours > 1; reference US_xRM: 77.2, 3.27%)
  US_Me2_MRI_ESM2_0_ssp585  753864 h  N 0.00-1.00  PARBmax  354.4  Rswmax 1018.0  band resid max 105.6 W/m2 (1.81% of hours > 1; reference US_xRM: 77.2, 3.27%)
  US_Me2_UKESM1_0_LL_ssp585  743040 h  N 0.00-1.00  PARBmax  349.9  Rswmax 1027.1  band resid max 111.3 W/m2 (1.81% of hours > 1; reference US_xRM: 77.2, 3.27%)
  US_Me4_IPSL_CM6A_LR_ssp585  753864 h  N 0.00-1.00  PARBmax  350.8  Rswmax 1032.6  band resid max 106.4 W/m2 (1.83% of hours > 1; reference US_xRM: 77.2, 3.27%)
  US_Me4_MPI_ESM1_2_HR_ssp585  753864 h  N 0.00-1.00  PARBmax  348.0  Rswmax 1021.1  band resid max 106.4 W/m2 (1.82% of hours > 1; reference US_xRM: 77.2, 3.27%)
  US_Me4_MRI_ESM2_0_ssp585  753864 h  N 0.00-1.00  PARBmax  352.7  Rswmax 1017.7  band resid max 106.3 W/m2 (1.83% of hours > 1; reference US_xRM: 77.2, 3.27%)
  US_Me4_UKESM1_0_LL_ssp585  743040 h  N 0.00-1.00  PARBmax  348.1  Rswmax 1026.8  band resid max 112.1 W/m2 (1.82% of hours > 1; reference US_xRM: 77.2, 3.27%)
  US_Me6_IPSL_CM6A_LR_ssp585  753864 h  N 0.00-1.00  PARBmax  351.7  Rswmax 1033.6  band resid max 106.7 W/m2 (1.80% of hours > 1; reference US_xRM: 77.2, 3.27%)
  US_Me6_MPI_ESM1_2_HR_ssp585  753864 h  N 0.00-1.00  PARBmax  348.8  Rswmax 1022.2  band resid max 106.8 W/m2 (1.80% of hours > 1; reference US_xRM: 77.2, 3.27%)
  US_Me6_MRI_ESM2_0_ssp585  753864 h  N 0.00-1.00  PARBmax  353.5  Rswmax 1018.8  band resid max 106.7 W/m2 (1.80% of hours > 1; reference US_xRM: 77.2, 3.27%)
  US_Me6_UKESM1_0_LL_ssp585  743040 h  N 0.00-1.00  PARBmax  349.0  Rswmax 1027.9  band resid max 112.5 W/m2 (1.80% of hours > 1; reference US_xRM: 77.2, 3.27%)
  US_Me7_IPSL_CM6A_LR_ssp585  753864 h  N 0.00-1.00  PARBmax  352.6  Rswmax 1032.9  band resid max 105.7 W/m2 (1.81% of hours > 1; reference US_xRM: 77.2, 3.27%)
  US_Me7_MPI_ESM1_2_HR_ssp585  753864 h  N 0.00-1.00  PARBmax  349.7  Rswmax 1021.4  band resid max 105.7 W/m2 (1.81% of hours > 1; reference US_xRM: 77.2, 3.27%)
  US_Me7_MRI_ESM2_0_ssp585  753864 h  N 0.00-1.00  PARBmax  354.4  Rswmax 1018.0  band resid max 105.6 W/m2 (1.81% of hours > 1; reference US_xRM: 77.2, 3.27%)
  US_Me7_UKESM1_0_LL_ssp585  743040 h  N 0.00-1.00  PARBmax  349.9  Rswmax 1027.1  band resid max 111.4 W/m2 (1.81% of hours > 1; reference US_xRM: 77.2, 3.27%)
  US_MtB_GFDL_ESM4_ssp585  753360 h  N 0.00-1.00  PARBmax  386.5  Rswmax 1117.4  band resid max 130.7 W/m2 (2.62% of hours > 1; reference US_xRM: 77.2, 3.27%)
  US_MtB_MPI_ESM1_2_HR_ssp585  753864 h  N 0.00-1.00  PARBmax  387.3  Rswmax 1123.0  band resid max 129.5 W/m2 (2.62% of hours > 1; reference US_xRM: 77.2, 3.27%)
  US_NC2_GFDL_ESM4_ssp585  753360 h  N 0.00-1.00  PARBmax  321.0  Rswmax  955.6  band resid max 115.0 W/m2 (2.32% of hours > 1; reference US_xRM: 77.2, 3.27%)
  US_NC2_IPSL_CM6A_LR_ssp585  753864 h  N 0.00-1.00  PARBmax  320.3  Rswmax  957.2  band resid max 113.7 W/m2 (2.32% of hours > 1; reference US_xRM: 77.2, 3.27%)
  US_NC2_MPI_ESM1_2_HR_ssp585  753864 h  N 0.00-1.00  PARBmax  341.7  Rswmax  959.8  band resid max 113.4 W/m2 (2.32% of hours > 1; reference US_xRM: 77.2, 3.27%)
  US_NC2_MRI_ESM2_0_ssp585  753864 h  N 0.00-1.00  PARBmax  316.0  Rswmax  947.6  band resid max 112.4 W/m2 (2.32% of hours > 1; reference US_xRM: 77.2, 3.27%)
  US_NC2_UKESM1_0_LL_ssp585  743040 h  N 0.00-1.00  PARBmax  319.6  Rswmax  952.2  band resid max 111.1 W/m2 (2.34% of hours > 1; reference US_xRM: 77.2, 3.27%)
  US_NC3_GFDL_ESM4_ssp585  753360 h  N 0.00-1.00  PARBmax  321.0  Rswmax  955.6  band resid max 114.8 W/m2 (2.34% of hours > 1; reference US_xRM: 77.2, 3.27%)

raw  files : 1415
final files: 978
59G	/vol_efthymios/NFS07/dd1136/T_and_C/input_data/gcm_meteo
finished   : 2026-08-14T19:11:53Z
exit status: stage1=0 stage2=1
