job        : 37237  task 5
node       : soeepyc05
started    : 2026-08-14T18:27:12Z
stations   : /vol_efthymios/NFS07/dd1136/T_and_C/input_data/gcm_stations
co2        : /vol_efthymios/NFS07/dd1136/T_and_C/input_data/co2
output     : /vol_efthymios/NFS07/dd1136/T_and_C/input_data/gcm_meteo
precip     : block

args       : --index 5
stations : 101   elevation known for 118 (badm_values=110, site_registry=8)
input    : /vol_efthymios/NFS07/dd1136/T_and_C/input_data/gcm_stations
output   : /vol_efthymios/NFS07/dd1136/T_and_C/input_data/gcm_meteo
precip   : block   seed 20260813

  IPSL-CM6A-LR ssp126 (ECS 4.6 K): 31411 days, 101 stations
    US-Bar: {'hours': 753864, 'calendar': 'standard', 'humidity': 'hurs', 'cal_note': None, 'years': '2015-2100', 'Ta_C': [-39.3, 35.2], 'Ta_mean': 5.57, 'Pre_mbar': 981.1, 'Pr_mm_yr': 1390.5, 'Pr_max_h': 11.5, 'Rsw_max': 982.2, 'Ds_mean': 284.5, 'Ca': [399.9, 474.0]}
    US-Blk: {'hours': 753864, 'calendar': 'standard', 'humidity': 'hurs', 'cal_note': None, 'years': '2015-2100', 'Ta_C': [-50.1, 40.0], 'Ta_mean': 8.02, 'Pre_mbar': 826.5, 'Pr_mm_yr': 434.3, 'Pr_max_h': 6.3, 'Rsw_max': 991.0, 'Ds_mean': 677.0, 'Ca': [399.9, 474.0]}
    US-CZ2: FAILED -- Tetens inverse disagrees by 1.00e-03 Pa
    US-CZ3: FAILED -- Tetens inverse disagrees by 1.00e-03 Pa
    US-CZ4: FAILED -- Tetens inverse disagrees by 1.00e-03 Pa
    US-Fuf: FAILED -- Tetens inverse disagrees by 1.00e-03 Pa
    US-MtB: FAILED -- Tetens inverse disagrees by 1.00e-03 Pa
    US-Vcm: FAILED -- Tetens inverse disagrees by 1.00e-03 Pa
    US-Vcp: FAILED -- Tetens inverse disagrees by 1.00e-03 Pa
    US-Vcs: FAILED -- Tetens inverse disagrees by 1.00e-03 Pa
    US-xSP: FAILED -- Tetens inverse disagrees by 1.00e-03 Pa
    US-xTE: FAILED -- Tetens inverse disagrees by 1.00e-03 Pa
    US-xYE: FAILED -- Tetens inverse disagrees by 1.00e-03 Pa
    -> 90/101 built

next: finish_meteo.m adds SAB/SAD/PAR/N (see slurm/submit_gcm_meteo.sh)
