job        : 37285  task 6
node       : soeepyc06
started    : 2026-08-15T02:18:31Z
stations   : /vol_efthymios/NFS07/dd1136/T_and_C/input_data/gcm_stations
co2        : /vol_efthymios/NFS07/dd1136/T_and_C/input_data/co2
output     : /vol_efthymios/NFS07/dd1136/T_and_C/input_data/gcm_meteo
precip     : block

args       : --index 6
stations : 101   elevation known for 118 (badm_values=110, site_registry=8)
input    : /vol_efthymios/NFS07/dd1136/T_and_C/input_data/gcm_stations
output   : /vol_efthymios/NFS07/dd1136/T_and_C/input_data/gcm_meteo
precip   : block   seed 20260813

  IPSL-CM6A-LR ssp585 (ECS 4.6 K): 31411 days, 101 stations
    US-Bar: {'hours': 753864, 'calendar': 'standard', 'humidity': 'hurs', 'cal_note': None, 'years': '2015-2100', 'Ta_C': [-39.9, 42.5], 'Ta_mean': 7.59, 'Pre_mbar': 981.1, 'Pr_mm_yr': 1431.8, 'Pr_max_h': 13.51, 'Rsw_max': 979.0, 'Ds_mean': 353.6, 'Ca': [399.9, 1135.2]}
    US-Blk: {'hours': 753864, 'calendar': 'standard', 'humidity': 'hurs', 'cal_note': None, 'years': '2015-2100', 'Ta_C': [-54.3, 46.7], 'Ta_mean': 10.24, 'Pre_mbar': 826.5, 'Pr_mm_yr': 428.0, 'Pr_max_h': 6.92, 'Rsw_max': 986.0, 'Ds_mean': 883.9, 'Ca': [399.9, 1135.2]}
    US-CPk: FAILED -- Tetens inverse disagrees by 1.00e-03 Pa
    US-CZ2: FAILED -- Tetens inverse disagrees by 1.00e-03 Pa
    US-CZ3: FAILED -- Tetens inverse disagrees by 1.00e-03 Pa
    US-CZ4: FAILED -- Tetens inverse disagrees by 1.00e-03 Pa
    US-Fmf: FAILED -- Tetens inverse disagrees by 1.00e-03 Pa
    US-Fuf: FAILED -- Tetens inverse disagrees by 1.00e-03 Pa
    US-GBT: FAILED -- Tetens inverse disagrees by 1.00e-03 Pa
    US-GLE: FAILED -- Tetens inverse disagrees by 1.00e-03 Pa
    US-MtB: FAILED -- Tetens inverse disagrees by 1.00e-03 Pa
    US-Vcm: FAILED -- Tetens inverse disagrees by 1.00e-03 Pa
    US-Vcp: FAILED -- Tetens inverse disagrees by 1.00e-03 Pa
    US-Vcs: FAILED -- Tetens inverse disagrees by 1.00e-03 Pa
    US-xSP: FAILED -- Tetens inverse disagrees by 1.00e-03 Pa
    US-xTE: FAILED -- Tetens inverse disagrees by 1.00e-03 Pa
    US-xYE: FAILED -- Tetens inverse disagrees by 1.00e-03 Pa
    -> 86/101 built

next: finish_meteo.m adds SAB/SAD/PAR/N (see slurm/submit_gcm_meteo.sh)
