job        : 37232  task 15
node       : soeepyc07
started    : 2026-08-14T18:38:45Z
stations   : /vol_efthymios/NFS07/dd1136/T_and_C/input_data/gcm_stations
co2        : /vol_efthymios/NFS07/dd1136/T_and_C/input_data/co2
output     : /vol_efthymios/NFS07/dd1136/T_and_C/input_data/gcm_meteo
precip     : block

args       : --index 15
stations : 101   elevation known for 118 (badm_values=110, site_registry=8)
input    : /vol_efthymios/NFS07/dd1136/T_and_C/input_data/gcm_stations
output   : /vol_efthymios/NFS07/dd1136/T_and_C/input_data/gcm_meteo
precip   : block   seed 20260813

  UKESM1-0-LL ssp585 (ECS 5.4 K): 30960 days, 101 stations
    US-Bar: {'hours': 743040, 'calendar': '360_day', 'humidity': 'hurs', 'cal_note': '360-day stretched onto the real year', 'years': '2015-2100', 'Ta_C': [-34.0, 42.3], 'Ta_mean': 10.18, 'Pre_mbar': 981.1, 'Pr_mm_yr': 1492.2, 'Pr_max_h': 16.46, 'Rsw_max': 989.3, 'Ds_mean': 440.4, 'Ca': [399.9, 1135.2]}
    US-Blk: FAILED -- Tetens inverse disagrees by 1.00e-03 Pa
    US-CPF: {'hours': 743040, 'calendar': '360_day', 'humidity': 'hurs', 'cal_note': '360-day stretched onto the real year', 'years': '2015-2100', 'Ta_C': [-51.5, 40.2], 'Ta_mean': 6.46, 'Pre_mbar': 701.6, 'Pr_mm_yr': 461.1, 'Pr_max_h': 8.0, 'Rsw_max': 1053.9, 'Ds_mean': 619.1, 'Ca': [399.9, 1135.2]}
    US-CZ2: FAILED -- Tetens inverse disagrees by 1.00e-03 Pa
    US-CZ3: FAILED -- Tetens inverse disagrees by 1.00e-03 Pa
    US-CZ4: FAILED -- Tetens inverse disagrees by 1.00e-03 Pa
    US-Fmf: FAILED -- Tetens inverse disagrees by 1.00e-03 Pa
    US-Fuf: FAILED -- Tetens inverse disagrees by 1.00e-03 Pa
    US-MtB: FAILED -- Tetens inverse disagrees by 1.00e-03 Pa
    US-TEF: FAILED -- Tetens inverse disagrees by 1.00e-03 Pa
    US-xSP: FAILED -- Tetens inverse disagrees by 1.00e-03 Pa
    US-xTE: FAILED -- Tetens inverse disagrees by 1.00e-03 Pa
    US-xYE: FAILED -- Tetens inverse disagrees by 1.00e-03 Pa
    -> 90/101 built

next: finish_meteo.m adds SAB/SAD/PAR/N (see slurm/submit_gcm_meteo.sh)
