job        : 37244  task 12
node       : soeepyc06
started    : 2026-08-14T18:31:14Z
stations   : /vol_efthymios/NFS07/dd1136/T_and_C/input_data/gcm_stations
co2        : /vol_efthymios/NFS07/dd1136/T_and_C/input_data/co2
output     : /vol_efthymios/NFS07/dd1136/T_and_C/input_data/gcm_meteo
precip     : block

args       : --index 12
stations : 101   elevation known for 118 (badm_values=110, site_registry=8)
input    : /vol_efthymios/NFS07/dd1136/T_and_C/input_data/gcm_stations
output   : /vol_efthymios/NFS07/dd1136/T_and_C/input_data/gcm_meteo
precip   : block   seed 20260813

  MRI-ESM2-0 ssp585 (ECS 3.2 K): 31411 days, 101 stations
    US-Bar: {'hours': 753864, 'calendar': 'proleptic_gregorian', 'humidity': 'hurs', 'cal_note': None, 'years': '2015-2100', 'Ta_C': [-37.5, 36.3], 'Ta_mean': 7.03, 'Pre_mbar': 981.1, 'Pr_mm_yr': 1538.0, 'Pr_max_h': 19.37, 'Rsw_max': 978.6, 'Ds_mean': 295.5, 'Ca': [399.9, 1135.2]}
    US-Blk: FAILED -- Tetens inverse disagrees by 1.00e-03 Pa
    US-CPF: FAILED -- Tetens inverse disagrees by 1.00e-03 Pa
    US-CPk: FAILED -- Tetens inverse disagrees by 1.00e-03 Pa
    US-CRK: {'hours': 753864, 'calendar': 'proleptic_gregorian', 'humidity': 'hurs', 'cal_note': None, 'years': '2015-2100', 'Ta_C': [-19.6, 53.1], 'Ta_mean': 22.54, 'Pre_mbar': 995.3, 'Pr_mm_yr': 1159.1, 'Pr_max_h': 15.93, 'Rsw_max': 1046.0, 'Ds_mean': 1015.8, 'Ca': [399.9, 1135.2]}
    US-Fmf: FAILED -- Tetens inverse disagrees by 1.00e-03 Pa
    US-Fuf: FAILED -- Tetens inverse disagrees by 1.00e-03 Pa
    US-GBT: FAILED -- Tetens inverse disagrees by 1.00e-03 Pa
    US-GLE: FAILED -- Tetens inverse disagrees by 1.00e-03 Pa
    US-MtB: FAILED -- Tetens inverse disagrees by 1.00e-03 Pa
    US-NR1: FAILED -- Tetens inverse disagrees by 1.00e-03 Pa
    US-Vcm: FAILED -- Tetens inverse disagrees by 1.00e-03 Pa
    US-Vcp: FAILED -- Tetens inverse disagrees by 1.00e-03 Pa
    US-Vcs: FAILED -- Tetens inverse disagrees by 1.00e-03 Pa
    US-xNW: FAILED -- Tetens inverse disagrees by 1.00e-03 Pa
    US-xRM: FAILED -- Tetens inverse disagrees by 1.00e-03 Pa
    US-xYE: FAILED -- Tetens inverse disagrees by 1.00e-03 Pa
    -> 86/101 built

next: finish_meteo.m adds SAB/SAD/PAR/N (see slurm/submit_gcm_meteo.sh)
