job        : 37235  task 3
node       : soeepyc06
started    : 2026-08-14T18:27:12Z
stations   : /vol_efthymios/NFS07/dd1136/T_and_C/input_data/gcm_stations
co2        : /vol_efthymios/NFS07/dd1136/T_and_C/input_data/co2
output     : /vol_efthymios/NFS07/dd1136/T_and_C/input_data/gcm_meteo
precip     : block

args       : --index 3
stations : 101   elevation known for 118 (badm_values=110, site_registry=8)
input    : /vol_efthymios/NFS07/dd1136/T_and_C/input_data/gcm_stations
output   : /vol_efthymios/NFS07/dd1136/T_and_C/input_data/gcm_meteo
precip   : block   seed 20260813

  GFDL-ESM4 ssp585 (ECS 2.6 K): 31390 days, 101 stations
    US-Bar: {'hours': 753360, 'calendar': '365_day', 'humidity': 'hurs', 'cal_note': None, 'years': '2015-2100', 'Ta_C': [-39.4, 38.4], 'Ta_mean': 6.37, 'Pre_mbar': 981.1, 'Pr_mm_yr': 1505.3, 'Pr_max_h': 17.8, 'Rsw_max': 985.8, 'Ds_mean': 308.3, 'Ca': [399.9, 1135.2]}
    US-Blk: {'hours': 753360, 'calendar': '365_day', 'humidity': 'hurs', 'cal_note': None, 'years': '2015-2100', 'Ta_C': [-53.1, 44.5], 'Ta_mean': 8.72, 'Pre_mbar': 826.5, 'Pr_mm_yr': 467.8, 'Pr_max_h': 9.76, 'Rsw_max': 993.7, 'Ds_mean': 683.4, 'Ca': [399.9, 1135.2]}
    US-Me1: FAILED -- Tetens inverse disagrees by 1.00e-03 Pa
    US-Me2: FAILED -- Tetens inverse disagrees by 1.00e-03 Pa
    US-Me4: FAILED -- Tetens inverse disagrees by 1.00e-03 Pa
    US-Me6: FAILED -- Tetens inverse disagrees by 1.00e-03 Pa
    US-Me7: FAILED -- Tetens inverse disagrees by 1.00e-03 Pa
    US-TEF: FAILED -- Tetens inverse disagrees by 1.00e-03 Pa
    US-xUK: FAILED -- Tetens inverse disagrees by 1.00e-03 Pa
    US-xYE: FAILED -- Tetens inverse disagrees by 1.00e-03 Pa
    -> 93/101 built

next: finish_meteo.m adds SAB/SAD/PAR/N (see slurm/submit_gcm_meteo.sh)
