job        : 37234  task 2
node       : soeepyc06
started    : 2026-08-14T18:27:12Z
stations   : /vol_efthymios/NFS07/dd1136/T_and_C/input_data/gcm_stations
co2        : /vol_efthymios/NFS07/dd1136/T_and_C/input_data/co2
output     : /vol_efthymios/NFS07/dd1136/T_and_C/input_data/gcm_meteo
precip     : block

args       : --index 2
stations : 101   elevation known for 118 (badm_values=110, site_registry=8)
input    : /vol_efthymios/NFS07/dd1136/T_and_C/input_data/gcm_stations
output   : /vol_efthymios/NFS07/dd1136/T_and_C/input_data/gcm_meteo
precip   : block   seed 20260813

  GFDL-ESM4 ssp126 (ECS 2.6 K): 31390 days, 101 stations
    US-Bar: {'hours': 753360, 'calendar': '365_day', 'humidity': 'hurs', 'cal_note': None, 'years': '2015-2100', 'Ta_C': [-41.3, 35.1], 'Ta_mean': 5.02, 'Pre_mbar': 981.1, 'Pr_mm_yr': 1480.0, 'Pr_max_h': 16.09, 'Rsw_max': 990.7, 'Ds_mean': 277.8, 'Ca': [399.9, 474.0]}
    US-Blk: {'hours': 753360, 'calendar': '365_day', 'humidity': 'hurs', 'cal_note': None, 'years': '2015-2100', 'Ta_C': [-46.6, 40.9], 'Ta_mean': 7.54, 'Pre_mbar': 826.5, 'Pr_mm_yr': 467.1, 'Pr_max_h': 10.06, 'Rsw_max': 992.4, 'Ds_mean': 618.0, 'Ca': [399.9, 474.0]}
    US-Me1: FAILED -- Tetens inverse disagrees by 1.00e-03 Pa
    US-Me2: FAILED -- Tetens inverse disagrees by 1.00e-03 Pa
    US-Me4: FAILED -- Tetens inverse disagrees by 1.00e-03 Pa
    US-Me6: FAILED -- Tetens inverse disagrees by 1.00e-03 Pa
    US-Me7: FAILED -- Tetens inverse disagrees by 1.00e-03 Pa
    US-MtB: FAILED -- Tetens inverse disagrees by 1.00e-03 Pa
    US-Wrc: FAILED -- Tetens inverse disagrees by 1.00e-03 Pa
    US-xWR: FAILED -- Tetens inverse disagrees by 1.00e-03 Pa
    -> 93/101 built

next: finish_meteo.m adds SAB/SAD/PAR/N (see slurm/submit_gcm_meteo.sh)
