job        : 37243  task 11
node       : soeepyc06
started    : 2026-08-14T18:31:14Z
stations   : /vol_efthymios/NFS07/dd1136/T_and_C/input_data/gcm_stations
co2        : /vol_efthymios/NFS07/dd1136/T_and_C/input_data/co2
output     : /vol_efthymios/NFS07/dd1136/T_and_C/input_data/gcm_meteo
precip     : block

args       : --index 11
stations : 101   elevation known for 118 (badm_values=110, site_registry=8)
input    : /vol_efthymios/NFS07/dd1136/T_and_C/input_data/gcm_stations
output   : /vol_efthymios/NFS07/dd1136/T_and_C/input_data/gcm_meteo
precip   : block   seed 20260813

  MRI-ESM2-0 ssp126 (ECS 3.2 K): 31411 days, 101 stations
    US-Bar: {'hours': 753864, 'calendar': 'proleptic_gregorian', 'humidity': 'hurs', 'cal_note': None, 'years': '2015-2100', 'Ta_C': [-39.3, 34.3], 'Ta_mean': 5.21, 'Pre_mbar': 981.1, 'Pr_mm_yr': 1481.9, 'Pr_max_h': 18.7, 'Rsw_max': 989.5, 'Ds_mean': 269.4, 'Ca': [399.9, 474.0]}
    US-Blk: {'hours': 753864, 'calendar': 'proleptic_gregorian', 'humidity': 'hurs', 'cal_note': None, 'years': '2015-2100', 'Ta_C': [-51.1, 42.9], 'Ta_mean': 7.86, 'Pre_mbar': 826.5, 'Pr_mm_yr': 487.0, 'Pr_max_h': 10.25, 'Rsw_max': 989.4, 'Ds_mean': 637.0, 'Ca': [399.9, 474.0]}
    US-CPF: FAILED -- Tetens inverse disagrees by 1.00e-03 Pa
    US-CZ2: FAILED -- Tetens inverse disagrees by 1.00e-03 Pa
    US-CZ3: FAILED -- Tetens inverse disagrees by 1.00e-03 Pa
    US-CZ4: FAILED -- Tetens inverse disagrees by 1.00e-03 Pa
    US-Fmf: FAILED -- Tetens inverse disagrees by 1.00e-03 Pa
    US-Fuf: FAILED -- Tetens inverse disagrees by 1.00e-03 Pa
    US-Me1: FAILED -- Tetens inverse disagrees by 1.00e-03 Pa
    US-Me2: FAILED -- Tetens inverse disagrees by 1.00e-03 Pa
    US-Me4: FAILED -- Tetens inverse disagrees by 1.00e-03 Pa
    US-Me6: FAILED -- Tetens inverse disagrees by 1.00e-03 Pa
    US-Me7: FAILED -- Tetens inverse disagrees by 1.00e-03 Pa
    US-MtB: FAILED -- Tetens inverse disagrees by 1.00e-03 Pa
    US-NR1: FAILED -- Tetens inverse disagrees by 1.00e-03 Pa
    US-SHC: FAILED -- Tetens inverse disagrees by 1.00e-03 Pa
    US-Vcm: FAILED -- Tetens inverse disagrees by 1.00e-03 Pa
    US-Vcp: FAILED -- Tetens inverse disagrees by 1.00e-03 Pa
    US-Vcs: FAILED -- Tetens inverse disagrees by 1.00e-03 Pa
    US-xNW: FAILED -- Tetens inverse disagrees by 1.00e-03 Pa
    US-xRM: FAILED -- Tetens inverse disagrees by 1.00e-03 Pa
    US-xSP: FAILED -- Tetens inverse disagrees by 1.00e-03 Pa
    US-xTE: FAILED -- Tetens inverse disagrees by 1.00e-03 Pa
    US-xYE: FAILED -- Tetens inverse disagrees by 1.00e-03 Pa
    -> 79/101 built

next: finish_meteo.m adds SAB/SAD/PAR/N (see slurm/submit_gcm_meteo.sh)
