job        : 60690399
node       : hal0231.amarel.rutgers.edu
cluster    : amarel   partition: main
started    : 2026-08-20T16:37:26Z
model_run  : /scratch/dd1136/T_and_C/model_run

model_run : /scratch/dd1136/T_and_C/model_run
pattern   : */historical/*/spinup
matched   : 435

station      B1 leaf    B2 sap    B4 res   LAI_H  PHE
US-Bar           0.0     177.8     140.0    0.00    1
US-Bar           0.0     190.8     149.2    0.00    1
US-Bar           0.0     159.7     126.3    0.00    1
US-Bar           0.0     174.2     133.1    0.00    1
US-Bar           0.0     201.7     150.4    0.00    1
US-Blk          98.5     115.8      72.0    1.64    1
US-Blk         104.3     147.2      93.3    1.73    1
US-Blk         190.5     174.1     130.4    3.17    1
US-Blk         155.2     201.7     145.9    2.58    1
US-Blk         100.9     112.2      67.7    1.68    1
US-CPF         127.6     156.1     120.3    2.14    1
US-CPF         154.1     164.9     126.2    2.59    1
  ... and 423 more

435/435 state(s) harvested, 527 row(s) in /scratch/dd1136/T_and_C/model_run/initial_state.csv

finished   : 2026-08-20T16:40:26Z
exit status: 0  (1 = nothing harvested, or a state was unusable)
