job        : 38728  task 85
node       : soeepyc07
cluster    : soe   partition: SOE_main
results    : /vol_efthymios/NFS07/dd1136/T_and_C/result_summary
started    : 2026-08-26T06:16:16Z
model_run  : /vol_efthymios/NFS07/dd1136/T_and_C/model_run
cache      : /vol_efthymios/NFS07/dd1136/T_and_C/input_data/lma_effect

model_run : /vol_efthymios/NFS07/dd1136/T_and_C/model_run
cache     : /vol_efthymios/NFS07/dd1136/T_and_C/input_data/lma_effect
site list : 118 stations, 101 present in model_run

pairs     : 5

  [1/5] US-xJE historical/GFDL-ESM4:fixed_lma: ok
  [2/5] US-xJE historical/IPSL-CM6A-LR:fixed_lma: ok
  [3/5] US-xJE historical/MPI-ESM1-2-HR:fixed_lma: ok
  [4/5] US-xJE historical/MRI-ESM2-0:fixed_lma: ok
  [5/5] US-xJE historical/UKESM1-0-LL:fixed_lma: ok

cache now holds 665 station file(s)
next: python analyze_lma_effect.py --report

cache holds: 665 station file(s)

report     : /vol_efthymios/NFS07/dd1136/T_and_C/input_data/lma_effect/lma_effect_report.md
  copy it down with:
    scp -P 22 dd1136@soenfs1.hpc.rutgers.edu:/vol_efthymios/NFS07/dd1136/T_and_C/input_data/lma_effect/lma_effect_*.{md,csv} .
finished   : 2026-08-26T06:18:03Z
exit status: 0
