job        : 40370
node       : soenode78
cluster    : soe   partition: SOE_legacy
results    : /vol_efthymios/NFS07/dd1136/T_and_C/result_summary
started    : 2026-08-28T04:45:09Z
model_run  : /vol_efthymios/NFS07/dd1136/T_and_C/model_run
cache      : /vol_efthymios/NFS07/dd1136/T_and_C/input_data/lma_effect

no selector and not an array job -- extracting every station serially
(this reads ~60 GB; the array form is faster)

model_run : /vol_efthymios/NFS07/dd1136/T_and_C/model_run
cache     : /vol_efthymios/NFS07/dd1136/T_and_C/input_data/lma_effect
site list : 118 stations, 101 present in model_run

pairs     : 1575

  [1/1575] US-Bar era5_land:fixed_lma: cached
  [2/1575] US-Bar era5_land:fixed_lma_ic: cached
  [3/1575] US-Bar historical/GFDL-ESM4:fixed_lma: cached
  [4/1575] US-Bar historical/IPSL-CM6A-LR:fixed_lma: cached
  [5/1575] US-Bar historical/MPI-ESM1-2-HR:fixed_lma: cached
  [6/1575] US-Bar historical/MRI-ESM2-0:fixed_lma: cached
  [7/1575] US-Bar historical/UKESM1-0-LL:fixed_lma: cached
  [8/1575] US-Bar ssp126/GFDL-ESM4:fixed_lma: cached
  [9/1575] US-Bar ssp126/IPSL-CM6A-LR:fixed_lma: cached
  [10/1575] US-Bar ssp126/MPI-ESM1-2-HR:fixed_lma: cached
  [11/1575] US-Bar ssp126/MRI-ESM2-0:fixed_lma: cached
  [12/1575] US-Bar ssp126/UKESM1-0-LL:fixed_lma: cached
  [13/1575] US-Bar ssp585/GFDL-ESM4:fixed_lma: cached
  [14/1575] US-Bar ssp585/IPSL-CM6A-LR:fixed_lma: cached
  [15/1575] US-Bar ssp585/MPI-ESM1-2-HR:fixed_lma: cached
  [16/1575] US-Bar ssp585/MRI-ESM2-0:fixed_lma: cached
  [17/1575] US-Bar ssp585/UKESM1-0-LL:fixed_lma: cached
  [18/1575] US-Blk era5_land:fixed_lma: cached
  [19/1575] US-Blk era5_land:fixed_lma_ic: cached
  [20/1575] US-Blk historical/GFDL-ESM4:fixed_lma: cached
  [21/1575] US-Blk historical/IPSL-CM6A-LR:fixed_lma: cached
  [22/1575] US-Blk historical/MPI-ESM1-2-HR:fixed_lma: cached
  [23/1575] US-Blk historical/MRI-ESM2-0:fixed_lma: cached
  [24/1575] US-Blk historical/UKESM1-0-LL:fixed_lma: cached
  [25/1575] US-Blk ssp126/GFDL-ESM4:fixed_lma: cached
  [26/1575] US-Blk ssp126/IPSL-CM6A-LR:fixed_lma: cached
  [27/1575] US-Blk ssp126/MPI-ESM1-2-HR:fixed_lma: cached
  [28/1575] US-Blk ssp126/MRI-ESM2-0:fixed_lma: cached
  [29/1575] US-Blk ssp126/UKESM1-0-LL:fixed_lma: cached
  [30/1575] US-Blk ssp585/GFDL-ESM4:fixed_lma: cached
  [31/1575] US-Blk ssp585/IPSL-CM6A-LR:fixed_lma: cached
  [32/1575] US-Blk ssp585/MPI-ESM1-2-HR:fixed_lma: cached
  [33/1575] US-Blk ssp585/MRI-ESM2-0:fixed_lma: cached
  [34/1575] US-Blk ssp585/UKESM1-0-LL:fixed_lma: cached
  [35/1575] US-CPF era5_land:fixed_lma: cached
  [36/1575] US-CPF era5_land:fixed_lma_ic: cached
  [37/1575] US-CPF historical/GFDL-ESM4:fixed_lma: cached
  [38/1575] US-CPF historical/IPSL-CM6A-LR:fixed_lma: cached
  [39/1575] US-CPF historical/MPI-ESM1-2-HR:fixed_lma: cached
  [40/1575] US-CPF historical/MRI-ESM2-0:fixed_lma: cached
  [41/1575] US-CPF historical/UKESM1-0-LL:fixed_lma: cached
  [42/1575] US-CPF ssp126/GFDL-ESM4:fixed_lma: cached
  [43/1575] US-CPF ssp126/IPSL-CM6A-LR:fixed_lma: cached
  [44/1575] US-CPF ssp126/MPI-ESM1-2-HR:fixed_lma: cached
  [45/1575] US-CPF ssp126/MRI-ESM2-0:fixed_lma: cached
  [46/1575] US-CPF ssp126/UKESM1-0-LL:fixed_lma: cached
  [47/1575] US-CPF ssp585/GFDL-ESM4:fixed_lma: cached
  [48/1575] US-CPF ssp585/IPSL-CM6A-LR:fixed_lma: cached
  [49/1575] US-CPF ssp585/MPI-ESM1-2-HR:fixed_lma: cached
  [50/1575] US-CPF ssp585/MRI-ESM2-0:fixed_lma: cached
  [51/1575] US-CPF ssp585/UKESM1-0-LL:fixed_lma: cached
  [52/1575] US-CPk era5_land:fixed_lma: cached
  [53/1575] US-CPk era5_land:fixed_lma_ic: cached
  [54/1575] US-CPk historical/GFDL-ESM4:fixed_lma: cached
  [55/1575] US-CPk historical/IPSL-CM6A-LR:fixed_lma: cached
  [56/1575] US-CPk historical/MPI-ESM1-2-HR:fixed_lma: cached
  [57/1575] US-CPk historical/MRI-ESM2-0:fixed_lma: cached
  [58/1575] US-CPk historical/UKESM1-0-LL:fixed_lma: cached
  [59/1575] US-CPk ssp126/GFDL-ESM4:fixed_lma: cached
  [60/1575] US-CPk ssp126/IPSL-CM6A-LR:fixed_lma: cached
  [61/1575] US-CPk ssp126/MPI-ESM1-2-HR:fixed_lma: cached
  [62/1575] US-CPk ssp126/MRI-ESM2-0:fixed_lma: cached
  [63/1575] US-CPk ssp126/UKESM1-0-LL:fixed_lma: cached
  [64/1575] US-CPk ssp585/GFDL-ESM4:fixed_lma: cached
  [65/1575] US-CPk ssp585/IPSL-CM6A-LR:fixed_lma: cached
  [66/1575] US-CPk ssp585/MPI-ESM1-2-HR:fixed_lma: cached
  [67/1575] US-CPk ssp585/MRI-ESM2-0:fixed_lma: cached
  [68/1575] US-CPk ssp585/UKESM1-0-LL:fixed_lma: cached
  [69/1575] US-CRK era5_land:fixed_lma: cached
  [70/1575] US-CRK era5_land:fixed_lma_ic: cached
  [71/1575] US-CRK historical/GFDL-ESM4:fixed_lma: cached
  [72/1575] US-CRK historical/IPSL-CM6A-LR:fixed_lma: cached
  [73/1575] US-CRK historical/MPI-ESM1-2-HR:fixed_lma: cached
  [74/1575] US-CRK historical/MRI-ESM2-0:fixed_lma: cached
  [75/1575] US-CRK historical/UKESM1-0-LL:fixed_lma: cached
  [76/1575] US-CRK ssp126/GFDL-ESM4:fixed_lma: cached
  [77/1575] US-CRK ssp126/IPSL-CM6A-LR:fixed_lma: cached
  [78/1575] US-CRK ssp126/MPI-ESM1-2-HR:fixed_lma: cached
  [79/1575] US-CRK ssp126/MRI-ESM2-0:fixed_lma: cached
  [80/1575] US-CRK ssp126/UKESM1-0-LL:fixed_lma: cached
  [81/1575] US-CRK ssp585/GFDL-ESM4:fixed_lma: cached
  [82/1575] US-CRK ssp585/IPSL-CM6A-LR:fixed_lma: cached
  [83/1575] US-CRK ssp585/MPI-ESM1-2-HR:fixed_lma: cached
  [84/1575] US-CRK ssp585/MRI-ESM2-0:fixed_lma: cached
  [85/1575] US-CRK ssp585/UKESM1-0-LL:fixed_lma: cached
  [86/1575] US-CS2 era5_land:fixed_lma: cached
  [87/1575] US-CS2 era5_land:fixed_lma_ic: cached
  [88/1575] US-CZ2 era5_land:fixed_lma: cached
  [89/1575] US-CZ2 era5_land:fixed_lma_ic: cached
  [90/1575] US-CZ2 historical/GFDL-ESM4:fixed_lma: cached
  [91/1575] US-CZ2 historical/IPSL-CM6A-LR:fixed_lma: cached
  [92/1575] US-CZ2 historical/MPI-ESM1-2-HR:fixed_lma: cached
  [93/1575] US-CZ2 historical/MRI-ESM2-0:fixed_lma: cached
  [94/1575] US-CZ2 historical/UKESM1-0-LL:fixed_lma: cached
  [95/1575] US-CZ2 ssp126/GFDL-ESM4:fixed_lma: cached
  [96/1575] US-CZ2 ssp126/IPSL-CM6A-LR:fixed_lma: cached
  [97/1575] US-CZ2 ssp126/MPI-ESM1-2-HR:fixed_lma: cached
  [98/1575] US-CZ2 ssp126/MRI-ESM2-0:fixed_lma: cached
  [99/1575] US-CZ2 ssp126/UKESM1-0-LL:fixed_lma: cached
  [100/1575] US-CZ2 ssp585/GFDL-ESM4:fixed_lma: cached
  [101/1575] US-CZ2 ssp585/IPSL-CM6A-LR:fixed_lma: cached
  [102/1575] US-CZ2 ssp585/MPI-ESM1-2-HR:fixed_lma: cached
  [103/1575] US-CZ2 ssp585/MRI-ESM2-0:fixed_lma: cached
  [104/1575] US-CZ2 ssp585/UKESM1-0-LL:fixed_lma: cached
  [105/1575] US-CZ3 era5_land:fixed_lma: cached
  [106/1575] US-CZ3 era5_land:fixed_lma_ic: cached
  [107/1575] US-CZ3 historical/GFDL-ESM4:fixed_lma: cached
  [108/1575] US-CZ3 historical/IPSL-CM6A-LR:fixed_lma: cached
  [109/1575] US-CZ3 historical/MPI-ESM1-2-HR:fixed_lma: cached
  [110/1575] US-CZ3 historical/MRI-ESM2-0:fixed_lma: cached
  [111/1575] US-CZ3 historical/UKESM1-0-LL:fixed_lma: cached
  [112/1575] US-CZ3 ssp126/GFDL-ESM4:fixed_lma: cached
  [113/1575] US-CZ3 ssp126/IPSL-CM6A-LR:fixed_lma: cached
  [114/1575] US-CZ3 ssp126/MPI-ESM1-2-HR:fixed_lma: cached
  [115/1575] US-CZ3 ssp126/MRI-ESM2-0:fixed_lma: cached
  [116/1575] US-CZ3 ssp126/UKESM1-0-LL:fixed_lma: cached
  [117/1575] US-CZ3 ssp585/GFDL-ESM4:fixed_lma: cached
  [118/1575] US-CZ3 ssp585/IPSL-CM6A-LR:fixed_lma: cached
  [119/1575] US-CZ3 ssp585/MPI-ESM1-2-HR:fixed_lma: cached
  [120/1575] US-CZ3 ssp585/MRI-ESM2-0:fixed_lma: cached
  [121/1575] US-CZ3 ssp585/UKESM1-0-LL:fixed_lma: cached
  [122/1575] US-CZ4 era5_land:fixed_lma: cached
  [123/1575] US-CZ4 era5_land:fixed_lma_ic: cached
  [124/1575] US-CZ4 historical/GFDL-ESM4:fixed_lma: cached
  [125/1575] US-CZ4 historical/IPSL-CM6A-LR:fixed_lma: cached
  [126/1575] US-CZ4 historical/MPI-ESM1-2-HR:fixed_lma: cached
  [127/1575] US-CZ4 historical/MRI-ESM2-0:fixed_lma: cached
  [128/1575] US-CZ4 historical/UKESM1-0-LL:fixed_lma: cached
  [129/1575] US-CZ4 ssp126/GFDL-ESM4:fixed_lma: cached
  [130/1575] US-CZ4 ssp126/IPSL-CM6A-LR:fixed_lma: cached
  [131/1575] US-CZ4 ssp126/MPI-ESM1-2-HR:fixed_lma: cached
  [132/1575] US-CZ4 ssp126/MRI-ESM2-0:fixed_lma: cached
  [133/1575] US-CZ4 ssp126/UKESM1-0-LL:fixed_lma: cached
  [134/1575] US-CZ4 ssp585/GFDL-ESM4:fixed_lma: cached
  [135/1575] US-CZ4 ssp585/IPSL-CM6A-LR:fixed_lma: cached
  [136/1575] US-CZ4 ssp585/MPI-ESM1-2-HR:fixed_lma: cached
  [137/1575] US-CZ4 ssp585/MRI-ESM2-0:fixed_lma: cached
  [138/1575] US-CZ4 ssp585/UKESM1-0-LL:fixed_lma: cached
  [139/1575] US-ChR era5_land:fixed_lma: cached
  [140/1575] US-ChR era5_land:fixed_lma_ic: cached
  [141/1575] US-ChR historical/GFDL-ESM4:fixed_lma: cached
  [142/1575] US-ChR historical/IPSL-CM6A-LR:fixed_lma: cached
  [143/1575] US-ChR historical/MPI-ESM1-2-HR:fixed_lma: cached
  [144/1575] US-ChR historical/MRI-ESM2-0:fixed_lma: cached
  [145/1575] US-ChR historical/UKESM1-0-LL:fixed_lma: cached
  [146/1575] US-ChR ssp126/GFDL-ESM4:fixed_lma: cached
  [147/1575] US-ChR ssp126/IPSL-CM6A-LR:fixed_lma: cached
  [148/1575] US-ChR ssp126/MPI-ESM1-2-HR:fixed_lma: cached
  [149/1575] US-ChR ssp126/MRI-ESM2-0:fixed_lma: cached
  [150/1575] US-ChR ssp126/UKESM1-0-LL:fixed_lma: cached
  [151/1575] US-ChR ssp585/GFDL-ESM4:fixed_lma: cached
  [152/1575] US-ChR ssp585/IPSL-CM6A-LR:fixed_lma: cached
  [153/1575] US-ChR ssp585/MPI-ESM1-2-HR:fixed_lma: cached
  [154/1575] US-ChR ssp585/MRI-ESM2-0:fixed_lma: cached
  [155/1575] US-ChR ssp585/UKESM1-0-LL:fixed_lma: cached
  [156/1575] US-Cst era5_land:fixed_lma: cached
  [157/1575] US-Cst era5_land:fixed_lma_ic: cached
  [158/1575] US-Cst historical/GFDL-ESM4:fixed_lma: cached
  [159/1575] US-Cst historical/IPSL-CM6A-LR:fixed_lma: cached
  [160/1575] US-Cst historical/MPI-ESM1-2-HR:fixed_lma: cached
  [161/1575] US-Cst historical/MRI-ESM2-0:fixed_lma: cached
  [162/1575] US-Cst historical/UKESM1-0-LL:fixed_lma: cached
  [163/1575] US-Cst ssp126/GFDL-ESM4:fixed_lma: cached
  [164/1575] US-Cst ssp126/IPSL-CM6A-LR:fixed_lma: cached
  [165/1575] US-Cst ssp126/MPI-ESM1-2-HR:fixed_lma: cached
  [166/1575] US-Cst ssp126/MRI-ESM2-0:fixed_lma: cached
  [167/1575] US-Cst ssp126/UKESM1-0-LL:fixed_lma: cached
  [168/1575] US-Cst ssp585/GFDL-ESM4:fixed_lma: cached
  [169/1575] US-Cst ssp585/IPSL-CM6A-LR:fixed_lma: cached
  [170/1575] US-Cst ssp585/MPI-ESM1-2-HR:fixed_lma: cached
  [171/1575] US-Cst ssp585/MRI-ESM2-0:fixed_lma: cached
  [172/1575] US-Cst ssp585/UKESM1-0-LL:fixed_lma: cached
  [173/1575] US-Cwt era5_land:fixed_lma: cached
  [174/1575] US-Cwt era5_land:fixed_lma_ic: cached
  [175/1575] US-Cwt historical/GFDL-ESM4:fixed_lma: cached
  [176/1575] US-Cwt historical/IPSL-CM6A-LR:fixed_lma: cached
  [177/1575] US-Cwt historical/MPI-ESM1-2-HR:fixed_lma: cached
  [178/1575] US-Cwt historical/MRI-ESM2-0:fixed_lma: cached
  [179/1575] US-Cwt historical/UKESM1-0-LL:fixed_lma: cached
  [180/1575] US-Cwt ssp126/GFDL-ESM4:fixed_lma: cached
  [181/1575] US-Cwt ssp126/IPSL-CM6A-LR:fixed_lma: cached
  [182/1575] US-Cwt ssp126/MPI-ESM1-2-HR:fixed_lma: cached
  [183/1575] US-Cwt ssp126/MRI-ESM2-0:fixed_lma: cached
  [184/1575] US-Cwt ssp126/UKESM1-0-LL:fixed_lma: cached
  [185/1575] US-Cwt ssp585/GFDL-ESM4:fixed_lma: cached
  [186/1575] US-Cwt ssp585/IPSL-CM6A-LR:fixed_lma: cached
  [187/1575] US-Cwt ssp585/MPI-ESM1-2-HR:fixed_lma: cached
  [188/1575] US-Cwt ssp585/MRI-ESM2-0:fixed_lma: cached
  [189/1575] US-Cwt ssp585/UKESM1-0-LL:fixed_lma: cached
  [190/1575] US-DPP era5_land:fixed_lma: cached
  [191/1575] US-DPP historical/GFDL-ESM4:fixed_lma: cached
  [192/1575] US-DPP historical/IPSL-CM6A-LR:fixed_lma: cached
  [193/1575] US-DPP historical/MPI-ESM1-2-HR:fixed_lma: cached
  [194/1575] US-DPP historical/MRI-ESM2-0:fixed_lma: cached
  [195/1575] US-DPP historical/UKESM1-0-LL:fixed_lma: cached
  [196/1575] US-DPP ssp126/GFDL-ESM4:fixed_lma: cached
  [197/1575] US-DPP ssp126/IPSL-CM6A-LR:fixed_lma: cached
  [198/1575] US-DPP ssp126/MPI-ESM1-2-HR:fixed_lma: cached
  [199/1575] US-DPP ssp126/MRI-ESM2-0:fixed_lma: cached
  [200/1575] US-DPP ssp126/UKESM1-0-LL:fixed_lma: cached
  [201/1575] US-DPP ssp585/GFDL-ESM4:fixed_lma: cached
  [202/1575] US-DPP ssp585/IPSL-CM6A-LR:fixed_lma: cached
  [203/1575] US-DPP ssp585/MPI-ESM1-2-HR:fixed_lma: cached
  [204/1575] US-DPP ssp585/MRI-ESM2-0:fixed_lma: cached
  [205/1575] US-DPP ssp585/UKESM1-0-LL:fixed_lma: cached
  [206/1575] US-Dk2 era5_land:fixed_lma: cached
  [207/1575] US-Dk2 era5_land:fixed_lma_ic: cached
  [208/1575] US-Dk2 historical/GFDL-ESM4:fixed_lma: cached
  [209/1575] US-Dk2 historical/IPSL-CM6A-LR:fixed_lma: cached
  [210/1575] US-Dk2 historical/MPI-ESM1-2-HR:fixed_lma: cached
  [211/1575] US-Dk2 historical/MRI-ESM2-0:fixed_lma: cached
  [212/1575] US-Dk2 historical/UKESM1-0-LL:fixed_lma: cached
  [213/1575] US-Dk2 ssp126/GFDL-ESM4:fixed_lma: cached
  [214/1575] US-Dk2 ssp126/IPSL-CM6A-LR:fixed_lma: cached
  [215/1575] US-Dk2 ssp126/MPI-ESM1-2-HR:fixed_lma: cached
  [216/1575] US-Dk2 ssp126/MRI-ESM2-0:fixed_lma: cached
  [217/1575] US-Dk2 ssp126/UKESM1-0-LL:fixed_lma: cached
  [218/1575] US-Dk2 ssp585/GFDL-ESM4:fixed_lma: cached
  [219/1575] US-Dk2 ssp585/IPSL-CM6A-LR:fixed_lma: cached
  [220/1575] US-Dk2 ssp585/MPI-ESM1-2-HR:fixed_lma: cached
  [221/1575] US-Dk2 ssp585/MRI-ESM2-0:fixed_lma: cached
  [222/1575] US-Dk2 ssp585/UKESM1-0-LL:fixed_lma: cached
  [223/1575] US-Dk3 era5_land:fixed_lma: cached
  [224/1575] US-Dk3 era5_land:fixed_lma_ic: cached
  [225/1575] US-Dk3 historical/GFDL-ESM4:fixed_lma: cached
  [226/1575] US-Dk3 historical/IPSL-CM6A-LR:fixed_lma: cached
  [227/1575] US-Dk3 historical/MPI-ESM1-2-HR:fixed_lma: cached
  [228/1575] US-Dk3 historical/MRI-ESM2-0:fixed_lma: cached
  [229/1575] US-Dk3 historical/UKESM1-0-LL:fixed_lma: cached
  [230/1575] US-Dk3 ssp126/GFDL-ESM4:fixed_lma: cached
  [231/1575] US-Dk3 ssp126/IPSL-CM6A-LR:fixed_lma: cached
  [232/1575] US-Dk3 ssp126/MPI-ESM1-2-HR:fixed_lma: cached
  [233/1575] US-Dk3 ssp126/MRI-ESM2-0:fixed_lma: cached
  [234/1575] US-Dk3 ssp126/UKESM1-0-LL:fixed_lma: cached
  [235/1575] US-Dk3 ssp585/GFDL-ESM4:fixed_lma: cached
  [236/1575] US-Dk3 ssp585/IPSL-CM6A-LR:fixed_lma: cached
  [237/1575] US-Dk3 ssp585/MPI-ESM1-2-HR:fixed_lma: cached
  [238/1575] US-Dk3 ssp585/MRI-ESM2-0:fixed_lma: cached
  [239/1575] US-Dk3 ssp585/UKESM1-0-LL:fixed_lma: cached
  [240/1575] US-Fmf era5_land:fixed_lma: cached
  [241/1575] US-Fmf era5_land:fixed_lma_ic: cached
  [242/1575] US-Fmf historical/GFDL-ESM4:fixed_lma: cached
  [243/1575] US-Fmf historical/IPSL-CM6A-LR:fixed_lma: cached
  [244/1575] US-Fmf historical/MPI-ESM1-2-HR:fixed_lma: cached
  [245/1575] US-Fmf historical/MRI-ESM2-0:fixed_lma: cached
  [246/1575] US-Fmf historical/UKESM1-0-LL:fixed_lma: cached
  [247/1575] US-Fmf ssp126/GFDL-ESM4:fixed_lma: cached
  [248/1575] US-Fmf ssp126/IPSL-CM6A-LR:fixed_lma: cached
  [249/1575] US-Fmf ssp126/MPI-ESM1-2-HR:fixed_lma: cached
  [250/1575] US-Fmf ssp126/MRI-ESM2-0:fixed_lma: cached
  [251/1575] US-Fmf ssp126/UKESM1-0-LL:fixed_lma: cached
  [252/1575] US-Fmf ssp585/GFDL-ESM4:fixed_lma: cached
  [253/1575] US-Fmf ssp585/IPSL-CM6A-LR:fixed_lma: cached
  [254/1575] US-Fmf ssp585/MPI-ESM1-2-HR:fixed_lma: cached
  [255/1575] US-Fmf ssp585/MRI-ESM2-0:fixed_lma: cached
  [256/1575] US-Fmf ssp585/UKESM1-0-LL:fixed_lma: cached
  [257/1575] US-Fuf era5_land:fixed_lma: cached
  [258/1575] US-Fuf era5_land:fixed_lma_ic: cached
  [259/1575] US-Fuf historical/GFDL-ESM4:fixed_lma: cached
  [260/1575] US-Fuf historical/IPSL-CM6A-LR:fixed_lma: cached
  [261/1575] US-Fuf historical/MPI-ESM1-2-HR:fixed_lma: cached
  [262/1575] US-Fuf historical/MRI-ESM2-0:fixed_lma: cached
  [263/1575] US-Fuf historical/UKESM1-0-LL:fixed_lma: cached
  [264/1575] US-Fuf ssp126/GFDL-ESM4:fixed_lma: cached
  [265/1575] US-Fuf ssp126/IPSL-CM6A-LR:fixed_lma: cached
  [266/1575] US-Fuf ssp126/MPI-ESM1-2-HR:fixed_lma: cached
  [267/1575] US-Fuf ssp126/MRI-ESM2-0:fixed_lma: cached
  [268/1575] US-Fuf ssp126/UKESM1-0-LL:fixed_lma: cached
  [269/1575] US-Fuf ssp585/GFDL-ESM4:fixed_lma: cached
  [270/1575] US-Fuf ssp585/IPSL-CM6A-LR:fixed_lma: cached
  [271/1575] US-Fuf ssp585/MPI-ESM1-2-HR:fixed_lma: cached
  [272/1575] US-Fuf ssp585/MRI-ESM2-0:fixed_lma: cached
  [273/1575] US-Fuf ssp585/UKESM1-0-LL:fixed_lma: cached
  [274/1575] US-GBT era5_land:fixed_lma: cached
  [275/1575] US-GBT era5_land:fixed_lma_ic: cached
  [276/1575] US-GBT historical/GFDL-ESM4:fixed_lma: cached
  [277/1575] US-GBT historical/IPSL-CM6A-LR:fixed_lma: cached
  [278/1575] US-GBT historical/MPI-ESM1-2-HR:fixed_lma: cached
  [279/1575] US-GBT historical/MRI-ESM2-0:fixed_lma: cached
  [280/1575] US-GBT historical/UKESM1-0-LL:fixed_lma: cached
  [281/1575] US-GBT ssp126/GFDL-ESM4:fixed_lma: cached
  [282/1575] US-GBT ssp126/IPSL-CM6A-LR:fixed_lma: cached
  [283/1575] US-GBT ssp126/MPI-ESM1-2-HR:fixed_lma: cached
  [284/1575] US-GBT ssp126/MRI-ESM2-0:fixed_lma: cached
  [285/1575] US-GBT ssp126/UKESM1-0-LL:fixed_lma: cached
  [286/1575] US-GBT ssp585/GFDL-ESM4:fixed_lma: cached
  [287/1575] US-GBT ssp585/IPSL-CM6A-LR:fixed_lma: cached
  [288/1575] US-GBT ssp585/MPI-ESM1-2-HR:fixed_lma: cached
  [289/1575] US-GBT ssp585/MRI-ESM2-0:fixed_lma: cached
  [290/1575] US-GBT ssp585/UKESM1-0-LL:fixed_lma: cached
  [291/1575] US-GLE era5_land:fixed_lma: cached
  [292/1575] US-GLE era5_land:fixed_lma_ic: cached
  [293/1575] US-GLE historical/GFDL-ESM4:fixed_lma: cached
  [294/1575] US-GLE historical/IPSL-CM6A-LR:fixed_lma: cached
  [295/1575] US-GLE historical/MPI-ESM1-2-HR:fixed_lma: cached
  [296/1575] US-GLE historical/MRI-ESM2-0:fixed_lma: cached
  [297/1575] US-GLE historical/UKESM1-0-LL:fixed_lma: cached
  [298/1575] US-GLE ssp126/GFDL-ESM4:fixed_lma: cached
  [299/1575] US-GLE ssp126/IPSL-CM6A-LR:fixed_lma: cached
  [300/1575] US-GLE ssp126/MPI-ESM1-2-HR:fixed_lma: cached
  [301/1575] US-GLE ssp126/MRI-ESM2-0:fixed_lma: cached
  [302/1575] US-GLE ssp126/UKESM1-0-LL:fixed_lma: cached
  [303/1575] US-GLE ssp585/GFDL-ESM4:fixed_lma: cached
  [304/1575] US-GLE ssp585/IPSL-CM6A-LR:fixed_lma: cached
  [305/1575] US-GLE ssp585/MPI-ESM1-2-HR:fixed_lma: cached
  [306/1575] US-GLE ssp585/MRI-ESM2-0:fixed_lma: cached
  [307/1575] US-GLE ssp585/UKESM1-0-LL:fixed_lma: cached
  [308/1575] US-HBK era5_land:fixed_lma: cached
  [309/1575] US-HBK era5_land:fixed_lma_ic: cached
  [310/1575] US-HBK historical/GFDL-ESM4:fixed_lma: cached
  [311/1575] US-HBK historical/IPSL-CM6A-LR:fixed_lma: cached
  [312/1575] US-HBK historical/MPI-ESM1-2-HR:fixed_lma: cached
  [313/1575] US-HBK historical/MRI-ESM2-0:fixed_lma: cached
  [314/1575] US-HBK historical/UKESM1-0-LL:fixed_lma: cached
  [315/1575] US-HBK ssp126/GFDL-ESM4:fixed_lma: cached
  [316/1575] US-HBK ssp126/IPSL-CM6A-LR:fixed_lma: cached
  [317/1575] US-HBK ssp126/MPI-ESM1-2-HR:fixed_lma: cached
  [318/1575] US-HBK ssp126/MRI-ESM2-0:fixed_lma: cached
  [319/1575] US-HBK ssp126/UKESM1-0-LL:fixed_lma: cached
  [320/1575] US-HBK ssp585/GFDL-ESM4:fixed_lma: cached
  [321/1575] US-HBK ssp585/IPSL-CM6A-LR:fixed_lma: cached
  [322/1575] US-HBK ssp585/MPI-ESM1-2-HR:fixed_lma: cached
  [323/1575] US-HBK ssp585/MRI-ESM2-0:fixed_lma: cached
  [324/1575] US-HBK ssp585/UKESM1-0-LL:fixed_lma: cached
  [325/1575] US-Ha1 era5_land:fixed_lma: cached
  [326/1575] US-Ha1 era5_land:fixed_lma_ic: cached
  [327/1575] US-Ha1 historical/GFDL-ESM4:fixed_lma: cached
  [328/1575] US-Ha1 historical/IPSL-CM6A-LR:fixed_lma: cached
  [329/1575] US-Ha1 historical/MPI-ESM1-2-HR:fixed_lma: cached
  [330/1575] US-Ha1 historical/MRI-ESM2-0:fixed_lma: cached
  [331/1575] US-Ha1 historical/UKESM1-0-LL:fixed_lma: cached
  [332/1575] US-Ha1 ssp126/GFDL-ESM4:fixed_lma: cached
  [333/1575] US-Ha1 ssp126/IPSL-CM6A-LR:fixed_lma: cached
  [334/1575] US-Ha1 ssp126/MPI-ESM1-2-HR:fixed_lma: cached
  [335/1575] US-Ha1 ssp126/MRI-ESM2-0:fixed_lma: cached
  [336/1575] US-Ha1 ssp126/UKESM1-0-LL:fixed_lma: cached
  [337/1575] US-Ha1 ssp585/GFDL-ESM4:fixed_lma: cached
  [338/1575] US-Ha1 ssp585/IPSL-CM6A-LR:fixed_lma: cached
  [339/1575] US-Ha1 ssp585/MPI-ESM1-2-HR:fixed_lma: cached
  [340/1575] US-Ha1 ssp585/MRI-ESM2-0:fixed_lma: cached
  [341/1575] US-Ha1 ssp585/UKESM1-0-LL:fixed_lma: cached
  [342/1575] US-Ha2 era5_land:fixed_lma: cached
  [343/1575] US-Ha2 era5_land:fixed_lma_ic: cached
  [344/1575] US-Ha2 historical/GFDL-ESM4:fixed_lma: cached
  [345/1575] US-Ha2 historical/IPSL-CM6A-LR:fixed_lma: cached
  [346/1575] US-Ha2 historical/MPI-ESM1-2-HR:fixed_lma: cached
  [347/1575] US-Ha2 historical/MRI-ESM2-0:fixed_lma: cached
  [348/1575] US-Ha2 historical/UKESM1-0-LL:fixed_lma: cached
  [349/1575] US-Ha2 ssp126/GFDL-ESM4:fixed_lma: cached
  [350/1575] US-Ha2 ssp126/IPSL-CM6A-LR:fixed_lma: cached
  [351/1575] US-Ha2 ssp126/MPI-ESM1-2-HR:fixed_lma: cached
  [352/1575] US-Ha2 ssp126/MRI-ESM2-0:fixed_lma: cached
  [353/1575] US-Ha2 ssp126/UKESM1-0-LL:fixed_lma: cached
  [354/1575] US-Ha2 ssp585/GFDL-ESM4:fixed_lma: cached
  [355/1575] US-Ha2 ssp585/IPSL-CM6A-LR:fixed_lma: cached
  [356/1575] US-Ha2 ssp585/MPI-ESM1-2-HR:fixed_lma: cached
  [357/1575] US-Ha2 ssp585/MRI-ESM2-0:fixed_lma: cached
  [358/1575] US-Ha2 ssp585/UKESM1-0-LL:fixed_lma: cached
  [359/1575] US-Ho1 era5_land:fixed_lma: cached
  [360/1575] US-Ho1 era5_land:fixed_lma_ic: cached
  [361/1575] US-Ho1 historical/GFDL-ESM4:fixed_lma: cached
  [362/1575] US-Ho1 historical/IPSL-CM6A-LR:fixed_lma: cached
  [363/1575] US-Ho1 historical/MPI-ESM1-2-HR:fixed_lma: cached
  [364/1575] US-Ho1 historical/MRI-ESM2-0:fixed_lma: cached
  [365/1575] US-Ho1 historical/UKESM1-0-LL:fixed_lma: cached
  [366/1575] US-Ho1 ssp126/GFDL-ESM4:fixed_lma: cached
  [367/1575] US-Ho1 ssp126/IPSL-CM6A-LR:fixed_lma: cached
  [368/1575] US-Ho1 ssp126/MPI-ESM1-2-HR:fixed_lma: cached
  [369/1575] US-Ho1 ssp126/MRI-ESM2-0:fixed_lma: cached
  [370/1575] US-Ho1 ssp126/UKESM1-0-LL:fixed_lma: cached
  [371/1575] US-Ho1 ssp585/GFDL-ESM4:fixed_lma: cached
  [372/1575] US-Ho1 ssp585/IPSL-CM6A-LR:fixed_lma: cached
  [373/1575] US-Ho1 ssp585/MPI-ESM1-2-HR:fixed_lma: cached
  [374/1575] US-Ho1 ssp585/MRI-ESM2-0:fixed_lma: cached
  [375/1575] US-Ho1 ssp585/UKESM1-0-LL:fixed_lma: cached
  [376/1575] US-Ho2 era5_land:fixed_lma: cached
  [377/1575] US-Ho2 era5_land:fixed_lma_ic: cached
  [378/1575] US-Ho2 historical/GFDL-ESM4:fixed_lma: cached
  [379/1575] US-Ho2 historical/IPSL-CM6A-LR:fixed_lma: cached
  [380/1575] US-Ho2 historical/MPI-ESM1-2-HR:fixed_lma: cached
  [381/1575] US-Ho2 historical/MRI-ESM2-0:fixed_lma: cached
  [382/1575] US-Ho2 historical/UKESM1-0-LL:fixed_lma: cached
  [383/1575] US-Ho2 ssp126/GFDL-ESM4:fixed_lma: cached
  [384/1575] US-Ho2 ssp126/IPSL-CM6A-LR:fixed_lma: cached
  [385/1575] US-Ho2 ssp126/MPI-ESM1-2-HR:fixed_lma: cached
  [386/1575] US-Ho2 ssp126/MRI-ESM2-0:fixed_lma: cached
  [387/1575] US-Ho2 ssp126/UKESM1-0-LL:fixed_lma: cached
  [388/1575] US-Ho2 ssp585/GFDL-ESM4:fixed_lma: cached
  [389/1575] US-Ho2 ssp585/IPSL-CM6A-LR:fixed_lma: cached
  [390/1575] US-Ho2 ssp585/MPI-ESM1-2-HR:fixed_lma: cached
  [391/1575] US-Ho2 ssp585/MRI-ESM2-0:fixed_lma: cached
  [392/1575] US-Ho2 ssp585/UKESM1-0-LL:fixed_lma: cached
  [393/1575] US-Ho3 era5_land:fixed_lma: cached
  [394/1575] US-Ho3 era5_land:fixed_lma_ic: cached
  [395/1575] US-Ho3 historical/GFDL-ESM4:fixed_lma: cached
  [396/1575] US-Ho3 historical/IPSL-CM6A-LR:fixed_lma: cached
  [397/1575] US-Ho3 historical/MPI-ESM1-2-HR:fixed_lma: cached
  [398/1575] US-Ho3 historical/MRI-ESM2-0:fixed_lma: cached
  [399/1575] US-Ho3 historical/UKESM1-0-LL:fixed_lma: cached
  [400/1575] US-Ho3 ssp126/GFDL-ESM4:fixed_lma: cached
  [401/1575] US-Ho3 ssp126/IPSL-CM6A-LR:fixed_lma: cached
  [402/1575] US-Ho3 ssp126/MPI-ESM1-2-HR:fixed_lma: cached
  [403/1575] US-Ho3 ssp126/MRI-ESM2-0:fixed_lma: cached
  [404/1575] US-Ho3 ssp126/UKESM1-0-LL:fixed_lma: cached
  [405/1575] US-Ho3 ssp585/GFDL-ESM4:fixed_lma: cached
  [406/1575] US-Ho3 ssp585/IPSL-CM6A-LR:fixed_lma: cached
  [407/1575] US-Ho3 ssp585/MPI-ESM1-2-HR:fixed_lma: cached
  [408/1575] US-Ho3 ssp585/MRI-ESM2-0:fixed_lma: cached
  [409/1575] US-Ho3 ssp585/UKESM1-0-LL:fixed_lma: cached
  [410/1575] US-LPH era5_land:fixed_lma: cached
  [411/1575] US-LPH era5_land:fixed_lma_ic: cached
  [412/1575] US-LPH historical/GFDL-ESM4:fixed_lma: cached
  [413/1575] US-LPH historical/IPSL-CM6A-LR:fixed_lma: cached
  [414/1575] US-LPH historical/MPI-ESM1-2-HR:fixed_lma: cached
  [415/1575] US-LPH historical/MRI-ESM2-0:fixed_lma: cached
  [416/1575] US-LPH historical/UKESM1-0-LL:fixed_lma: cached
  [417/1575] US-LPH ssp126/GFDL-ESM4:fixed_lma: cached
  [418/1575] US-LPH ssp126/IPSL-CM6A-LR:fixed_lma: cached
  [419/1575] US-LPH ssp126/MPI-ESM1-2-HR:fixed_lma: cached
  [420/1575] US-LPH ssp126/MRI-ESM2-0:fixed_lma: cached
  [421/1575] US-LPH ssp126/UKESM1-0-LL:fixed_lma: cached
  [422/1575] US-LPH ssp585/GFDL-ESM4:fixed_lma: cached
  [423/1575] US-LPH ssp585/IPSL-CM6A-LR:fixed_lma: cached
  [424/1575] US-LPH ssp585/MPI-ESM1-2-HR:fixed_lma: cached
  [425/1575] US-LPH ssp585/MRI-ESM2-0:fixed_lma: cached
  [426/1575] US-LPH ssp585/UKESM1-0-LL:fixed_lma: cached
  [427/1575] US-MEF era5_land:fixed_lma: cached
  [428/1575] US-MEF era5_land:fixed_lma_ic: cached
  [429/1575] US-MEF historical/GFDL-ESM4:fixed_lma: cached
  [430/1575] US-MEF historical/IPSL-CM6A-LR:fixed_lma: cached
  [431/1575] US-MEF historical/MPI-ESM1-2-HR:fixed_lma: cached
  [432/1575] US-MEF historical/MRI-ESM2-0:fixed_lma: cached
  [433/1575] US-MEF historical/UKESM1-0-LL:fixed_lma: cached
  [434/1575] US-MEF ssp126/GFDL-ESM4:fixed_lma: cached
  [435/1575] US-MEF ssp126/IPSL-CM6A-LR:fixed_lma: cached
  [436/1575] US-MEF ssp126/MPI-ESM1-2-HR:fixed_lma: cached
  [437/1575] US-MEF ssp126/MRI-ESM2-0:fixed_lma: cached
  [438/1575] US-MEF ssp126/UKESM1-0-LL:fixed_lma: cached
  [439/1575] US-MEF ssp585/GFDL-ESM4:fixed_lma: cached
  [440/1575] US-MEF ssp585/IPSL-CM6A-LR:fixed_lma: cached
  [441/1575] US-MEF ssp585/MPI-ESM1-2-HR:fixed_lma: cached
  [442/1575] US-MEF ssp585/MRI-ESM2-0:fixed_lma: cached
  [443/1575] US-MEF ssp585/UKESM1-0-LL:fixed_lma: cached
  [444/1575] US-MMS era5_land:fixed_lma: cached
  [445/1575] US-MMS era5_land:fixed_lma_ic: cached
  [446/1575] US-MMS historical/GFDL-ESM4:fixed_lma: cached
  [447/1575] US-MMS historical/IPSL-CM6A-LR:fixed_lma: cached
  [448/1575] US-MMS historical/MPI-ESM1-2-HR:fixed_lma: cached
  [449/1575] US-MMS historical/MRI-ESM2-0:fixed_lma: cached
  [450/1575] US-MMS historical/UKESM1-0-LL:fixed_lma: cached
  [451/1575] US-MMS ssp126/GFDL-ESM4:fixed_lma: cached
  [452/1575] US-MMS ssp126/IPSL-CM6A-LR:fixed_lma: cached
  [453/1575] US-MMS ssp126/MPI-ESM1-2-HR:fixed_lma: cached
  [454/1575] US-MMS ssp126/MRI-ESM2-0:fixed_lma: cached
  [455/1575] US-MMS ssp126/UKESM1-0-LL:fixed_lma: cached
  [456/1575] US-MMS ssp585/GFDL-ESM4:fixed_lma: cached
  [457/1575] US-MMS ssp585/IPSL-CM6A-LR:fixed_lma: cached
  [458/1575] US-MMS ssp585/MPI-ESM1-2-HR:fixed_lma: cached
  [459/1575] US-MMS ssp585/MRI-ESM2-0:fixed_lma: cached
  [460/1575] US-MMS ssp585/UKESM1-0-LL:fixed_lma: cached
  [461/1575] US-MOz era5_land:fixed_lma: cached
  [462/1575] US-MOz era5_land:fixed_lma_ic: cached
  [463/1575] US-MOz historical/GFDL-ESM4:fixed_lma: cached
  [464/1575] US-MOz historical/IPSL-CM6A-LR:fixed_lma: cached
  [465/1575] US-MOz historical/MPI-ESM1-2-HR:fixed_lma: cached
  [466/1575] US-MOz historical/MRI-ESM2-0:fixed_lma: cached
  [467/1575] US-MOz historical/UKESM1-0-LL:fixed_lma: cached
  [468/1575] US-MOz ssp126/GFDL-ESM4:fixed_lma: cached
  [469/1575] US-MOz ssp126/IPSL-CM6A-LR:fixed_lma: cached
  [470/1575] US-MOz ssp126/MPI-ESM1-2-HR:fixed_lma: cached
  [471/1575] US-MOz ssp126/MRI-ESM2-0:fixed_lma: cached
  [472/1575] US-MOz ssp126/UKESM1-0-LL:fixed_lma: cached
  [473/1575] US-MOz ssp585/GFDL-ESM4:fixed_lma: cached
  [474/1575] US-MOz ssp585/IPSL-CM6A-LR:fixed_lma: cached
  [475/1575] US-MOz ssp585/MPI-ESM1-2-HR:fixed_lma: cached
  [476/1575] US-MOz ssp585/MRI-ESM2-0:fixed_lma: cached
  [477/1575] US-MOz ssp585/UKESM1-0-LL:fixed_lma: cached
  [478/1575] US-MRf era5_land:fixed_lma: cached
  [479/1575] US-MRf era5_land:fixed_lma_ic: cached
  [480/1575] US-MRf historical/GFDL-ESM4:fixed_lma: cached
  [481/1575] US-MRf historical/IPSL-CM6A-LR:fixed_lma: cached
  [482/1575] US-MRf historical/MPI-ESM1-2-HR:fixed_lma: cached
  [483/1575] US-MRf historical/MRI-ESM2-0:fixed_lma: cached
  [484/1575] US-MRf historical/UKESM1-0-LL:fixed_lma: cached
  [485/1575] US-MRf ssp126/GFDL-ESM4:fixed_lma: cached
  [486/1575] US-MRf ssp126/IPSL-CM6A-LR:fixed_lma: cached
  [487/1575] US-MRf ssp126/MPI-ESM1-2-HR:fixed_lma: cached
  [488/1575] US-MRf ssp126/MRI-ESM2-0:fixed_lma: cached
  [489/1575] US-MRf ssp126/UKESM1-0-LL:fixed_lma: cached
  [490/1575] US-MRf ssp585/GFDL-ESM4:fixed_lma: cached
  [491/1575] US-MRf ssp585/IPSL-CM6A-LR:fixed_lma: cached
  [492/1575] US-MRf ssp585/MPI-ESM1-2-HR:fixed_lma: cached
  [493/1575] US-MRf ssp585/MRI-ESM2-0:fixed_lma: cached
  [494/1575] US-MRf ssp585/UKESM1-0-LL:fixed_lma: cached
  [495/1575] US-Me1 era5_land:fixed_lma: cached
  [496/1575] US-Me1 era5_land:fixed_lma_ic: cached
  [497/1575] US-Me1 historical/GFDL-ESM4:fixed_lma: cached
  [498/1575] US-Me1 historical/IPSL-CM6A-LR:fixed_lma: cached
  [499/1575] US-Me1 historical/MPI-ESM1-2-HR:fixed_lma: cached
  [500/1575] US-Me1 historical/MRI-ESM2-0:fixed_lma: cached
  [501/1575] US-Me1 historical/UKESM1-0-LL:fixed_lma: cached
  [502/1575] US-Me1 ssp126/GFDL-ESM4:fixed_lma: cached
  [503/1575] US-Me1 ssp126/IPSL-CM6A-LR:fixed_lma: cached
  [504/1575] US-Me1 ssp126/MPI-ESM1-2-HR:fixed_lma: cached
  [505/1575] US-Me1 ssp126/MRI-ESM2-0:fixed_lma: cached
  [506/1575] US-Me1 ssp126/UKESM1-0-LL:fixed_lma: cached
  [507/1575] US-Me1 ssp585/GFDL-ESM4:fixed_lma: cached
  [508/1575] US-Me1 ssp585/IPSL-CM6A-LR:fixed_lma: cached
  [509/1575] US-Me1 ssp585/MPI-ESM1-2-HR:fixed_lma: cached
  [510/1575] US-Me1 ssp585/MRI-ESM2-0:fixed_lma: cached
  [511/1575] US-Me1 ssp585/UKESM1-0-LL:fixed_lma: cached
  [512/1575] US-Me2 era5_land:fixed_lma: cached
  [513/1575] US-Me2 era5_land:fixed_lma_ic: cached
  [514/1575] US-Me2 historical/GFDL-ESM4:fixed_lma: cached
  [515/1575] US-Me2 historical/IPSL-CM6A-LR:fixed_lma: cached
  [516/1575] US-Me2 historical/MPI-ESM1-2-HR:fixed_lma: cached
  [517/1575] US-Me2 historical/MRI-ESM2-0:fixed_lma: cached
  [518/1575] US-Me2 historical/UKESM1-0-LL:fixed_lma: cached
  [519/1575] US-Me2 ssp126/GFDL-ESM4:fixed_lma: cached
  [520/1575] US-Me2 ssp126/IPSL-CM6A-LR:fixed_lma: cached
  [521/1575] US-Me2 ssp126/MPI-ESM1-2-HR:fixed_lma: cached
  [522/1575] US-Me2 ssp126/MRI-ESM2-0:fixed_lma: cached
  [523/1575] US-Me2 ssp126/UKESM1-0-LL:fixed_lma: cached
  [524/1575] US-Me2 ssp585/GFDL-ESM4:fixed_lma: cached
  [525/1575] US-Me2 ssp585/IPSL-CM6A-LR:fixed_lma: cached
  [526/1575] US-Me2 ssp585/MPI-ESM1-2-HR:fixed_lma: cached
  [527/1575] US-Me2 ssp585/MRI-ESM2-0:fixed_lma: cached
  [528/1575] US-Me2 ssp585/UKESM1-0-LL:fixed_lma: cached
  [529/1575] US-Me4 era5_land:fixed_lma: cached
  [530/1575] US-Me4 era5_land:fixed_lma_ic: cached
  [531/1575] US-Me4 historical/GFDL-ESM4:fixed_lma: cached
  [532/1575] US-Me4 historical/IPSL-CM6A-LR:fixed_lma: cached
  [533/1575] US-Me4 historical/MPI-ESM1-2-HR:fixed_lma: cached
  [534/1575] US-Me4 historical/MRI-ESM2-0:fixed_lma: cached
  [535/1575] US-Me4 historical/UKESM1-0-LL:fixed_lma: cached
  [536/1575] US-Me4 ssp126/GFDL-ESM4:fixed_lma: cached
  [537/1575] US-Me4 ssp126/IPSL-CM6A-LR:fixed_lma: cached
  [538/1575] US-Me4 ssp126/MPI-ESM1-2-HR:fixed_lma: cached
  [539/1575] US-Me4 ssp126/MRI-ESM2-0:fixed_lma: cached
  [540/1575] US-Me4 ssp126/UKESM1-0-LL:fixed_lma: cached
  [541/1575] US-Me4 ssp585/GFDL-ESM4:fixed_lma: cached
  [542/1575] US-Me4 ssp585/IPSL-CM6A-LR:fixed_lma: cached
  [543/1575] US-Me4 ssp585/MPI-ESM1-2-HR:fixed_lma: cached
  [544/1575] US-Me4 ssp585/MRI-ESM2-0:fixed_lma: cached
  [545/1575] US-Me4 ssp585/UKESM1-0-LL:fixed_lma: cached
  [546/1575] US-Me6 era5_land:fixed_lma: cached
  [547/1575] US-Me6 era5_land:fixed_lma_ic: cached
  [548/1575] US-Me6 historical/GFDL-ESM4:fixed_lma: cached
  [549/1575] US-Me6 historical/IPSL-CM6A-LR:fixed_lma: cached
  [550/1575] US-Me6 historical/MPI-ESM1-2-HR:fixed_lma: cached
  [551/1575] US-Me6 historical/MRI-ESM2-0:fixed_lma: cached
  [552/1575] US-Me6 historical/UKESM1-0-LL:fixed_lma: cached
  [553/1575] US-Me6 ssp126/GFDL-ESM4:fixed_lma: cached
  [554/1575] US-Me6 ssp126/IPSL-CM6A-LR:fixed_lma: cached
  [555/1575] US-Me6 ssp126/MPI-ESM1-2-HR:fixed_lma: cached
  [556/1575] US-Me6 ssp126/MRI-ESM2-0:fixed_lma: cached
  [557/1575] US-Me6 ssp126/UKESM1-0-LL:fixed_lma: cached
  [558/1575] US-Me6 ssp585/GFDL-ESM4:fixed_lma: cached
  [559/1575] US-Me6 ssp585/IPSL-CM6A-LR:fixed_lma: cached
  [560/1575] US-Me6 ssp585/MPI-ESM1-2-HR:fixed_lma: cached
  [561/1575] US-Me6 ssp585/MRI-ESM2-0:fixed_lma: cached
  [562/1575] US-Me6 ssp585/UKESM1-0-LL:fixed_lma: cached
  [563/1575] US-Me7 era5_land:fixed_lma: cached
  [564/1575] US-Me7 era5_land:fixed_lma_ic: cached
  [565/1575] US-Me7 historical/GFDL-ESM4:fixed_lma: cached
  [566/1575] US-Me7 historical/IPSL-CM6A-LR:fixed_lma: cached
  [567/1575] US-Me7 historical/MPI-ESM1-2-HR:fixed_lma: cached
  [568/1575] US-Me7 historical/MRI-ESM2-0:fixed_lma: cached
  [569/1575] US-Me7 historical/UKESM1-0-LL:fixed_lma: cached
  [570/1575] US-Me7 ssp126/GFDL-ESM4:fixed_lma: cached
  [571/1575] US-Me7 ssp126/IPSL-CM6A-LR:fixed_lma: cached
  [572/1575] US-Me7 ssp126/MPI-ESM1-2-HR:fixed_lma: cached
  [573/1575] US-Me7 ssp126/MRI-ESM2-0:fixed_lma: cached
  [574/1575] US-Me7 ssp126/UKESM1-0-LL:fixed_lma: cached
  [575/1575] US-Me7 ssp585/GFDL-ESM4:fixed_lma: cached
  [576/1575] US-Me7 ssp585/IPSL-CM6A-LR:fixed_lma: cached
  [577/1575] US-Me7 ssp585/MPI-ESM1-2-HR:fixed_lma: cached
  [578/1575] US-Me7 ssp585/MRI-ESM2-0:fixed_lma: cached
  [579/1575] US-Me7 ssp585/UKESM1-0-LL:fixed_lma: cached
  [580/1575] US-MtB era5_land:fixed_lma: cached
  [581/1575] US-MtB era5_land:fixed_lma_ic: cached
  [582/1575] US-MtB historical/GFDL-ESM4:fixed_lma: cached
  [583/1575] US-MtB historical/IPSL-CM6A-LR:fixed_lma: cached
  [584/1575] US-MtB historical/MPI-ESM1-2-HR:fixed_lma: cached
  [585/1575] US-MtB historical/MRI-ESM2-0:fixed_lma: cached
  [586/1575] US-MtB historical/UKESM1-0-LL:fixed_lma: cached
  [587/1575] US-NC2 era5_land:fixed_lma: cached
  [588/1575] US-NC2 era5_land:fixed_lma_ic: cached
  [589/1575] US-NC2 historical/GFDL-ESM4:fixed_lma: cached
  [590/1575] US-NC2 historical/IPSL-CM6A-LR:fixed_lma: cached
  [591/1575] US-NC2 historical/MPI-ESM1-2-HR:fixed_lma: cached
  [592/1575] US-NC2 historical/MRI-ESM2-0:fixed_lma: cached
  [593/1575] US-NC2 historical/UKESM1-0-LL:fixed_lma: cached
  [594/1575] US-NC2 ssp126/GFDL-ESM4:fixed_lma: cached
  [595/1575] US-NC2 ssp126/IPSL-CM6A-LR:fixed_lma: cached
  [596/1575] US-NC2 ssp126/MPI-ESM1-2-HR:fixed_lma: cached
  [597/1575] US-NC2 ssp126/MRI-ESM2-0:fixed_lma: cached
  [598/1575] US-NC2 ssp126/UKESM1-0-LL:fixed_lma: cached
  [599/1575] US-NC2 ssp585/GFDL-ESM4:fixed_lma: cached
  [600/1575] US-NC2 ssp585/IPSL-CM6A-LR:fixed_lma: cached
  [601/1575] US-NC2 ssp585/MPI-ESM1-2-HR:fixed_lma: cached
  [602/1575] US-NC2 ssp585/MRI-ESM2-0:fixed_lma: cached
  [603/1575] US-NC2 ssp585/UKESM1-0-LL:fixed_lma: cached
  [604/1575] US-NC3 era5_land:fixed_lma: cached
  [605/1575] US-NC3 era5_land:fixed_lma_ic: cached
  [606/1575] US-NC3 historical/GFDL-ESM4:fixed_lma: cached
  [607/1575] US-NC3 historical/IPSL-CM6A-LR:fixed_lma: cached
  [608/1575] US-NC3 historical/MPI-ESM1-2-HR:fixed_lma: cached
  [609/1575] US-NC3 historical/MRI-ESM2-0:fixed_lma: cached
  [610/1575] US-NC3 historical/UKESM1-0-LL:fixed_lma: cached
  [611/1575] US-NC3 ssp126/GFDL-ESM4:fixed_lma: cached
  [612/1575] US-NC3 ssp126/IPSL-CM6A-LR:fixed_lma: cached
  [613/1575] US-NC3 ssp126/MPI-ESM1-2-HR:fixed_lma: cached
  [614/1575] US-NC3 ssp126/MRI-ESM2-0:fixed_lma: cached
  [615/1575] US-NC3 ssp126/UKESM1-0-LL:fixed_lma: cached
  [616/1575] US-NC3 ssp585/GFDL-ESM4:fixed_lma: cached
  [617/1575] US-NC3 ssp585/IPSL-CM6A-LR:fixed_lma: cached
  [618/1575] US-NC3 ssp585/MPI-ESM1-2-HR:fixed_lma: cached
  [619/1575] US-NC3 ssp585/MRI-ESM2-0:fixed_lma: cached
  [620/1575] US-NC3 ssp585/UKESM1-0-LL:fixed_lma: cached
  [621/1575] US-NC5 era5_land:fixed_lma: cached
  [622/1575] US-NC5 era5_land:fixed_lma_ic: cached
  [623/1575] US-NC5 historical/GFDL-ESM4:fixed_lma: cached
  [624/1575] US-NC5 historical/IPSL-CM6A-LR:fixed_lma: cached
  [625/1575] US-NC5 historical/MPI-ESM1-2-HR:fixed_lma: cached
  [626/1575] US-NC5 historical/MRI-ESM2-0:fixed_lma: cached
  [627/1575] US-NC5 historical/UKESM1-0-LL:fixed_lma: cached
  [628/1575] US-NC5 ssp126/GFDL-ESM4:fixed_lma: cached
  [629/1575] US-NC5 ssp126/IPSL-CM6A-LR:fixed_lma: cached
  [630/1575] US-NC5 ssp126/MPI-ESM1-2-HR:fixed_lma: cached
  [631/1575] US-NC5 ssp126/MRI-ESM2-0:fixed_lma: cached
  [632/1575] US-NC5 ssp126/UKESM1-0-LL:fixed_lma: cached
  [633/1575] US-NC5 ssp585/GFDL-ESM4:fixed_lma: cached
  [634/1575] US-NC5 ssp585/IPSL-CM6A-LR:fixed_lma: cached
  [635/1575] US-NC5 ssp585/MPI-ESM1-2-HR:fixed_lma: cached
  [636/1575] US-NC5 ssp585/MRI-ESM2-0:fixed_lma: cached
  [637/1575] US-NC5 ssp585/UKESM1-0-LL:fixed_lma: cached
  [638/1575] US-NMj era5_land:fixed_lma: cached
  [639/1575] US-NMj historical/GFDL-ESM4:fixed_lma: cached
  [640/1575] US-NMj historical/IPSL-CM6A-LR:fixed_lma: cached
  [641/1575] US-NMj historical/MPI-ESM1-2-HR:fixed_lma: cached
  [642/1575] US-NMj historical/MRI-ESM2-0:fixed_lma: cached
  [643/1575] US-NMj historical/UKESM1-0-LL:fixed_lma: cached
  [644/1575] US-NMj ssp126/GFDL-ESM4:fixed_lma: cached
  [645/1575] US-NMj ssp126/IPSL-CM6A-LR:fixed_lma: cached
  [646/1575] US-NMj ssp126/MPI-ESM1-2-HR:fixed_lma: cached
  [647/1575] US-NMj ssp126/MRI-ESM2-0:fixed_lma: cached
  [648/1575] US-NMj ssp126/UKESM1-0-LL:fixed_lma: cached
  [649/1575] US-NMj ssp585/GFDL-ESM4:fixed_lma: cached
  [650/1575] US-NMj ssp585/IPSL-CM6A-LR:fixed_lma: cached
  [651/1575] US-NMj ssp585/MPI-ESM1-2-HR:fixed_lma: cached
  [652/1575] US-NMj ssp585/MRI-ESM2-0:fixed_lma: cached
  [653/1575] US-NMj ssp585/UKESM1-0-LL:fixed_lma: cached
  [654/1575] US-NR1 era5_land:fixed_lma: cached
  [655/1575] US-NR1 era5_land:fixed_lma_ic: cached
  [656/1575] US-NR1 historical/GFDL-ESM4:fixed_lma: cached
  [657/1575] US-NR1 historical/IPSL-CM6A-LR:fixed_lma: cached
  [658/1575] US-NR1 historical/MPI-ESM1-2-HR:fixed_lma: cached
  [659/1575] US-NR1 historical/MRI-ESM2-0:fixed_lma: cached
  [660/1575] US-NR1 historical/UKESM1-0-LL:fixed_lma: cached
  [661/1575] US-NR1 ssp126/GFDL-ESM4:fixed_lma: cached
  [662/1575] US-NR1 ssp126/IPSL-CM6A-LR:fixed_lma: cached
  [663/1575] US-NR1 ssp126/MPI-ESM1-2-HR:fixed_lma: cached
  [664/1575] US-NR1 ssp126/MRI-ESM2-0:fixed_lma: cached
  [665/1575] US-NR1 ssp126/UKESM1-0-LL:fixed_lma: cached
  [666/1575] US-NR1 ssp585/GFDL-ESM4:fixed_lma: cached
  [667/1575] US-NR1 ssp585/IPSL-CM6A-LR:fixed_lma: cached
  [668/1575] US-NR1 ssp585/MPI-ESM1-2-HR:fixed_lma: cached
  [669/1575] US-NR1 ssp585/MRI-ESM2-0:fixed_lma: cached
  [670/1575] US-NR1 ssp585/UKESM1-0-LL:fixed_lma: cached
  [671/1575] US-Oho era5_land:fixed_lma: cached
  [672/1575] US-Oho era5_land:fixed_lma_ic: cached
  [673/1575] US-PFL era5_land:fixed_lma: cached
  [674/1575] US-PFL era5_land:fixed_lma_ic: cached
  [675/1575] US-PFL historical/GFDL-ESM4:fixed_lma: cached
  [676/1575] US-PFL historical/IPSL-CM6A-LR:fixed_lma: cached
  [677/1575] US-PFL historical/MPI-ESM1-2-HR:fixed_lma: cached
  [678/1575] US-PFL historical/MRI-ESM2-0:fixed_lma: cached
  [679/1575] US-PFL historical/UKESM1-0-LL:fixed_lma: cached
  [680/1575] US-PFL ssp126/GFDL-ESM4:fixed_lma: cached
  [681/1575] US-PFL ssp126/IPSL-CM6A-LR:fixed_lma: cached
  [682/1575] US-PFL ssp126/MPI-ESM1-2-HR:fixed_lma: cached
  [683/1575] US-PFL ssp126/MRI-ESM2-0:fixed_lma: cached
  [684/1575] US-PFL ssp126/UKESM1-0-LL:fixed_lma: cached
  [685/1575] US-PFL ssp585/GFDL-ESM4:fixed_lma: cached
  [686/1575] US-PFL ssp585/IPSL-CM6A-LR:fixed_lma: cached
  [687/1575] US-PFL ssp585/MPI-ESM1-2-HR:fixed_lma: cached
  [688/1575] US-PFL ssp585/MRI-ESM2-0:fixed_lma: cached
  [689/1575] US-PFL ssp585/UKESM1-0-LL:fixed_lma: cached
  [690/1575] US-PFb era5_land:fixed_lma: cached
  [691/1575] US-PFb era5_land:fixed_lma_ic: cached
  [692/1575] US-PFb historical/GFDL-ESM4:fixed_lma: cached
  [693/1575] US-PFb historical/IPSL-CM6A-LR:fixed_lma: cached
  [694/1575] US-PFb historical/MPI-ESM1-2-HR:fixed_lma: cached
  [695/1575] US-PFb historical/MRI-ESM2-0:fixed_lma: cached
  [696/1575] US-PFb historical/UKESM1-0-LL:fixed_lma: cached
  [697/1575] US-PFb ssp126/GFDL-ESM4:fixed_lma: cached
  [698/1575] US-PFb ssp126/IPSL-CM6A-LR:fixed_lma: cached
  [699/1575] US-PFb ssp126/MPI-ESM1-2-HR:fixed_lma: cached
  [700/1575] US-PFb ssp126/MRI-ESM2-0:fixed_lma: cached
  [701/1575] US-PFb ssp126/UKESM1-0-LL:fixed_lma: cached
  [702/1575] US-PFb ssp585/GFDL-ESM4:fixed_lma: cached
  [703/1575] US-PFb ssp585/IPSL-CM6A-LR:fixed_lma: cached
  [704/1575] US-PFb ssp585/MPI-ESM1-2-HR:fixed_lma: cached
  [705/1575] US-PFb ssp585/MRI-ESM2-0:fixed_lma: cached
  [706/1575] US-PFb ssp585/UKESM1-0-LL:fixed_lma: cached
  [707/1575] US-PFc era5_land:fixed_lma: cached
  [708/1575] US-PFc era5_land:fixed_lma_ic: cached
  [709/1575] US-PFc historical/GFDL-ESM4:fixed_lma: cached
  [710/1575] US-PFc historical/IPSL-CM6A-LR:fixed_lma: cached
  [711/1575] US-PFc historical/MPI-ESM1-2-HR:fixed_lma: cached
  [712/1575] US-PFc historical/MRI-ESM2-0:fixed_lma: cached
  [713/1575] US-PFc historical/UKESM1-0-LL:fixed_lma: cached
  [714/1575] US-PFc ssp126/GFDL-ESM4:fixed_lma: cached
  [715/1575] US-PFc ssp126/IPSL-CM6A-LR:fixed_lma: cached
  [716/1575] US-PFc ssp126/MPI-ESM1-2-HR:fixed_lma: cached
  [717/1575] US-PFc ssp126/MRI-ESM2-0:fixed_lma: cached
  [718/1575] US-PFc ssp126/UKESM1-0-LL:fixed_lma: cached
  [719/1575] US-PFc ssp585/GFDL-ESM4:fixed_lma: cached
  [720/1575] US-PFc ssp585/IPSL-CM6A-LR:fixed_lma: cached
  [721/1575] US-PFc ssp585/MPI-ESM1-2-HR:fixed_lma: cached
  [722/1575] US-PFc ssp585/MRI-ESM2-0:fixed_lma: cached
  [723/1575] US-PFc ssp585/UKESM1-0-LL:fixed_lma: cached
  [724/1575] US-PFg era5_land:fixed_lma: cached
  [725/1575] US-PFg era5_land:fixed_lma_ic: cached
  [726/1575] US-PFg historical/GFDL-ESM4:fixed_lma: cached
  [727/1575] US-PFg historical/IPSL-CM6A-LR:fixed_lma: cached
  [728/1575] US-PFg historical/MPI-ESM1-2-HR:fixed_lma: cached
  [729/1575] US-PFg historical/MRI-ESM2-0:fixed_lma: cached
  [730/1575] US-PFg historical/UKESM1-0-LL:fixed_lma: cached
  [731/1575] US-PFg ssp126/GFDL-ESM4:fixed_lma: cached
  [732/1575] US-PFg ssp126/IPSL-CM6A-LR:fixed_lma: cached
  [733/1575] US-PFg ssp126/MPI-ESM1-2-HR:fixed_lma: cached
  [734/1575] US-PFg ssp126/MRI-ESM2-0:fixed_lma: cached
  [735/1575] US-PFg ssp126/UKESM1-0-LL:fixed_lma: cached
  [736/1575] US-PFg ssp585/GFDL-ESM4:fixed_lma: cached
  [737/1575] US-PFg ssp585/IPSL-CM6A-LR:fixed_lma: cached
  [738/1575] US-PFg ssp585/MPI-ESM1-2-HR:fixed_lma: cached
  [739/1575] US-PFg ssp585/MRI-ESM2-0:fixed_lma: cached
  [740/1575] US-PFg ssp585/UKESM1-0-LL:fixed_lma: cached
  [741/1575] US-PFh era5_land:fixed_lma: cached
  [742/1575] US-PFh era5_land:fixed_lma_ic: cached
  [743/1575] US-PFh historical/GFDL-ESM4:fixed_lma: cached
  [744/1575] US-PFh historical/IPSL-CM6A-LR:fixed_lma: cached
  [745/1575] US-PFh historical/MPI-ESM1-2-HR:fixed_lma: cached
  [746/1575] US-PFh historical/MRI-ESM2-0:fixed_lma: cached
  [747/1575] US-PFh historical/UKESM1-0-LL:fixed_lma: cached
  [748/1575] US-PFh ssp126/GFDL-ESM4:fixed_lma: cached
  [749/1575] US-PFh ssp126/IPSL-CM6A-LR:fixed_lma: cached
  [750/1575] US-PFh ssp126/MPI-ESM1-2-HR:fixed_lma: cached
  [751/1575] US-PFh ssp126/MRI-ESM2-0:fixed_lma: cached
  [752/1575] US-PFh ssp126/UKESM1-0-LL:fixed_lma: cached
  [753/1575] US-PFh ssp585/GFDL-ESM4:fixed_lma: cached
  [754/1575] US-PFh ssp585/IPSL-CM6A-LR:fixed_lma: cached
  [755/1575] US-PFh ssp585/MPI-ESM1-2-HR:fixed_lma: cached
  [756/1575] US-PFh ssp585/MRI-ESM2-0:fixed_lma: cached
  [757/1575] US-PFh ssp585/UKESM1-0-LL:fixed_lma: cached
  [758/1575] US-PFi era5_land:fixed_lma: cached
  [759/1575] US-PFi era5_land:fixed_lma_ic: cached
  [760/1575] US-PFi historical/GFDL-ESM4:fixed_lma: cached
  [761/1575] US-PFi historical/IPSL-CM6A-LR:fixed_lma: cached
  [762/1575] US-PFi historical/MPI-ESM1-2-HR:fixed_lma: cached
  [763/1575] US-PFi historical/MRI-ESM2-0:fixed_lma: cached
  [764/1575] US-PFi historical/UKESM1-0-LL:fixed_lma: cached
  [765/1575] US-PFi ssp126/GFDL-ESM4:fixed_lma: cached
  [766/1575] US-PFi ssp126/IPSL-CM6A-LR:fixed_lma: cached
  [767/1575] US-PFi ssp126/MPI-ESM1-2-HR:fixed_lma: cached
  [768/1575] US-PFi ssp126/MRI-ESM2-0:fixed_lma: cached
  [769/1575] US-PFi ssp126/UKESM1-0-LL:fixed_lma: cached
  [770/1575] US-PFi ssp585/GFDL-ESM4:fixed_lma: cached
  [771/1575] US-PFi ssp585/IPSL-CM6A-LR:fixed_lma: cached
  [772/1575] US-PFi ssp585/MPI-ESM1-2-HR:fixed_lma: cached
  [773/1575] US-PFi ssp585/MRI-ESM2-0:fixed_lma: cached
  [774/1575] US-PFi ssp585/UKESM1-0-LL:fixed_lma: cached
  [775/1575] US-PFj era5_land:fixed_lma: cached
  [776/1575] US-PFj era5_land:fixed_lma_ic: cached
  [777/1575] US-PFj historical/GFDL-ESM4:fixed_lma: cached
  [778/1575] US-PFj historical/IPSL-CM6A-LR:fixed_lma: cached
  [779/1575] US-PFj historical/MPI-ESM1-2-HR:fixed_lma: cached
  [780/1575] US-PFj historical/MRI-ESM2-0:fixed_lma: cached
  [781/1575] US-PFj historical/UKESM1-0-LL:fixed_lma: cached
  [782/1575] US-PFj ssp126/GFDL-ESM4:fixed_lma: cached
  [783/1575] US-PFj ssp126/IPSL-CM6A-LR:fixed_lma: cached
  [784/1575] US-PFj ssp126/MPI-ESM1-2-HR:fixed_lma: cached
  [785/1575] US-PFj ssp126/MRI-ESM2-0:fixed_lma: cached
  [786/1575] US-PFj ssp126/UKESM1-0-LL:fixed_lma: cached
  [787/1575] US-PFj ssp585/GFDL-ESM4:fixed_lma: cached
  [788/1575] US-PFj ssp585/IPSL-CM6A-LR:fixed_lma: cached
  [789/1575] US-PFj ssp585/MPI-ESM1-2-HR:fixed_lma: cached
  [790/1575] US-PFj ssp585/MRI-ESM2-0:fixed_lma: cached
  [791/1575] US-PFj ssp585/UKESM1-0-LL:fixed_lma: cached
  [792/1575] US-PFk era5_land:fixed_lma: cached
  [793/1575] US-PFk era5_land:fixed_lma_ic: cached
  [794/1575] US-PFk historical/GFDL-ESM4:fixed_lma: cached
  [795/1575] US-PFk historical/IPSL-CM6A-LR:fixed_lma: cached
  [796/1575] US-PFk historical/MPI-ESM1-2-HR:fixed_lma: cached
  [797/1575] US-PFk historical/MRI-ESM2-0:fixed_lma: cached
  [798/1575] US-PFk historical/UKESM1-0-LL:fixed_lma: cached
  [799/1575] US-PFk ssp126/GFDL-ESM4:fixed_lma: cached
  [800/1575] US-PFk ssp126/IPSL-CM6A-LR:fixed_lma: cached
  [801/1575] US-PFk ssp126/MPI-ESM1-2-HR:fixed_lma: cached
  [802/1575] US-PFk ssp126/MRI-ESM2-0:fixed_lma: cached
  [803/1575] US-PFk ssp126/UKESM1-0-LL:fixed_lma: cached
  [804/1575] US-PFk ssp585/GFDL-ESM4:fixed_lma: cached
  [805/1575] US-PFk ssp585/IPSL-CM6A-LR:fixed_lma: cached
  [806/1575] US-PFk ssp585/MPI-ESM1-2-HR:fixed_lma: cached
  [807/1575] US-PFk ssp585/MRI-ESM2-0:fixed_lma: cached
  [808/1575] US-PFk ssp585/UKESM1-0-LL:fixed_lma: cached
  [809/1575] US-PFm era5_land:fixed_lma: cached
  [810/1575] US-PFm era5_land:fixed_lma_ic: cached
  [811/1575] US-PFm historical/GFDL-ESM4:fixed_lma: cached
  [812/1575] US-PFm historical/IPSL-CM6A-LR:fixed_lma: cached
  [813/1575] US-PFm historical/MPI-ESM1-2-HR:fixed_lma: cached
  [814/1575] US-PFm historical/MRI-ESM2-0:fixed_lma: cached
  [815/1575] US-PFm historical/UKESM1-0-LL:fixed_lma: cached
  [816/1575] US-PFm ssp126/GFDL-ESM4:fixed_lma: cached
  [817/1575] US-PFm ssp126/IPSL-CM6A-LR:fixed_lma: cached
  [818/1575] US-PFm ssp126/MPI-ESM1-2-HR:fixed_lma: cached
  [819/1575] US-PFm ssp126/MRI-ESM2-0:fixed_lma: cached
  [820/1575] US-PFm ssp126/UKESM1-0-LL:fixed_lma: cached
  [821/1575] US-PFm ssp585/GFDL-ESM4:fixed_lma: cached
  [822/1575] US-PFm ssp585/IPSL-CM6A-LR:fixed_lma: cached
  [823/1575] US-PFm ssp585/MPI-ESM1-2-HR:fixed_lma: cached
  [824/1575] US-PFm ssp585/MRI-ESM2-0:fixed_lma: cached
  [825/1575] US-PFm ssp585/UKESM1-0-LL:fixed_lma: cached
  [826/1575] US-PFn era5_land:fixed_lma: cached
  [827/1575] US-PFn era5_land:fixed_lma_ic: cached
  [828/1575] US-PFn historical/GFDL-ESM4:fixed_lma: cached
  [829/1575] US-PFn historical/IPSL-CM6A-LR:fixed_lma: cached
  [830/1575] US-PFn historical/MPI-ESM1-2-HR:fixed_lma: cached
  [831/1575] US-PFn historical/MRI-ESM2-0:fixed_lma: cached
  [832/1575] US-PFn historical/UKESM1-0-LL:fixed_lma: cached
  [833/1575] US-PFn ssp126/GFDL-ESM4:fixed_lma: cached
  [834/1575] US-PFn ssp126/IPSL-CM6A-LR:fixed_lma: cached
  [835/1575] US-PFn ssp126/MPI-ESM1-2-HR:fixed_lma: cached
  [836/1575] US-PFn ssp126/MRI-ESM2-0:fixed_lma: cached
  [837/1575] US-PFn ssp126/UKESM1-0-LL:fixed_lma: cached
  [838/1575] US-PFn ssp585/GFDL-ESM4:fixed_lma: cached
  [839/1575] US-PFn ssp585/IPSL-CM6A-LR:fixed_lma: cached
  [840/1575] US-PFn ssp585/MPI-ESM1-2-HR:fixed_lma: cached
  [841/1575] US-PFn ssp585/MRI-ESM2-0:fixed_lma: cached
  [842/1575] US-PFn ssp585/UKESM1-0-LL:fixed_lma: cached
  [843/1575] US-PFp era5_land:fixed_lma: cached
  [844/1575] US-PFp era5_land:fixed_lma_ic: cached
  [845/1575] US-PFp historical/GFDL-ESM4:fixed_lma: cached
  [846/1575] US-PFp historical/IPSL-CM6A-LR:fixed_lma: cached
  [847/1575] US-PFp historical/MPI-ESM1-2-HR:fixed_lma: cached
  [848/1575] US-PFp historical/MRI-ESM2-0:fixed_lma: cached
  [849/1575] US-PFp historical/UKESM1-0-LL:fixed_lma: cached
  [850/1575] US-PFp ssp126/GFDL-ESM4:fixed_lma: cached
  [851/1575] US-PFp ssp126/IPSL-CM6A-LR:fixed_lma: cached
  [852/1575] US-PFp ssp126/MPI-ESM1-2-HR:fixed_lma: cached
  [853/1575] US-PFp ssp126/MRI-ESM2-0:fixed_lma: cached
  [854/1575] US-PFp ssp126/UKESM1-0-LL:fixed_lma: cached
  [855/1575] US-PFp ssp585/GFDL-ESM4:fixed_lma: cached
  [856/1575] US-PFp ssp585/IPSL-CM6A-LR:fixed_lma: cached
  [857/1575] US-PFp ssp585/MPI-ESM1-2-HR:fixed_lma: cached
  [858/1575] US-PFp ssp585/MRI-ESM2-0:fixed_lma: cached
  [859/1575] US-PFp ssp585/UKESM1-0-LL:fixed_lma: cached
  [860/1575] US-PFq era5_land:fixed_lma: cached
  [861/1575] US-PFq era5_land:fixed_lma_ic: cached
  [862/1575] US-PFq historical/GFDL-ESM4:fixed_lma: cached
  [863/1575] US-PFq historical/IPSL-CM6A-LR:fixed_lma: cached
  [864/1575] US-PFq historical/MPI-ESM1-2-HR:fixed_lma: cached
  [865/1575] US-PFq historical/MRI-ESM2-0:fixed_lma: cached
  [866/1575] US-PFq historical/UKESM1-0-LL:fixed_lma: cached
  [867/1575] US-PFq ssp126/GFDL-ESM4:fixed_lma: cached
  [868/1575] US-PFq ssp126/IPSL-CM6A-LR:fixed_lma: cached
  [869/1575] US-PFq ssp126/MPI-ESM1-2-HR:fixed_lma: cached
  [870/1575] US-PFq ssp126/MRI-ESM2-0:fixed_lma: cached
  [871/1575] US-PFq ssp126/UKESM1-0-LL:fixed_lma: cached
  [872/1575] US-PFq ssp585/GFDL-ESM4:fixed_lma: cached
  [873/1575] US-PFq ssp585/IPSL-CM6A-LR:fixed_lma: cached
  [874/1575] US-PFq ssp585/MPI-ESM1-2-HR:fixed_lma: cached
  [875/1575] US-PFq ssp585/MRI-ESM2-0:fixed_lma: cached
  [876/1575] US-PFq ssp585/UKESM1-0-LL:fixed_lma: cached
  [877/1575] US-PFs era5_land:fixed_lma: cached
  [878/1575] US-PFs era5_land:fixed_lma_ic: cached
  [879/1575] US-PFs historical/GFDL-ESM4:fixed_lma: cached
  [880/1575] US-PFs historical/IPSL-CM6A-LR:fixed_lma: cached
  [881/1575] US-PFs historical/MPI-ESM1-2-HR:fixed_lma: cached
  [882/1575] US-PFs historical/MRI-ESM2-0:fixed_lma: cached
  [883/1575] US-PFs historical/UKESM1-0-LL:fixed_lma: cached
  [884/1575] US-PFs ssp126/GFDL-ESM4:fixed_lma: cached
  [885/1575] US-PFs ssp126/IPSL-CM6A-LR:fixed_lma: cached
  [886/1575] US-PFs ssp126/MPI-ESM1-2-HR:fixed_lma: cached
  [887/1575] US-PFs ssp126/MRI-ESM2-0:fixed_lma: cached
  [888/1575] US-PFs ssp126/UKESM1-0-LL:fixed_lma: cached
  [889/1575] US-PFs ssp585/GFDL-ESM4:fixed_lma: cached
  [890/1575] US-PFs ssp585/IPSL-CM6A-LR:fixed_lma: cached
  [891/1575] US-PFs ssp585/MPI-ESM1-2-HR:fixed_lma: cached
  [892/1575] US-PFs ssp585/MRI-ESM2-0:fixed_lma: cached
  [893/1575] US-PFs ssp585/UKESM1-0-LL:fixed_lma: cached
  [894/1575] US-PFt era5_land:fixed_lma: cached
  [895/1575] US-PFt era5_land:fixed_lma_ic: cached
  [896/1575] US-PFt historical/GFDL-ESM4:fixed_lma: cached
  [897/1575] US-PFt historical/IPSL-CM6A-LR:fixed_lma: cached
  [898/1575] US-PFt historical/MPI-ESM1-2-HR:fixed_lma: cached
  [899/1575] US-PFt historical/MRI-ESM2-0:fixed_lma: cached
  [900/1575] US-PFt historical/UKESM1-0-LL:fixed_lma: cached
  [901/1575] US-PFt ssp126/GFDL-ESM4:fixed_lma: cached
  [902/1575] US-PFt ssp126/IPSL-CM6A-LR:fixed_lma: cached
  [903/1575] US-PFt ssp126/MPI-ESM1-2-HR:fixed_lma: cached
  [904/1575] US-PFt ssp126/MRI-ESM2-0:fixed_lma: cached
  [905/1575] US-PFt ssp126/UKESM1-0-LL:fixed_lma: cached
  [906/1575] US-PFt ssp585/GFDL-ESM4:fixed_lma: cached
  [907/1575] US-PFt ssp585/IPSL-CM6A-LR:fixed_lma: cached
  [908/1575] US-PFt ssp585/MPI-ESM1-2-HR:fixed_lma: cached
  [909/1575] US-PFt ssp585/MRI-ESM2-0:fixed_lma: cached
  [910/1575] US-PFt ssp585/UKESM1-0-LL:fixed_lma: cached
  [911/1575] US-SB1 era5_land:fixed_lma: cached
  [912/1575] US-SB1 era5_land:fixed_lma_ic: cached
  [913/1575] US-SB1 historical/GFDL-ESM4:fixed_lma: cached
  [914/1575] US-SB1 historical/IPSL-CM6A-LR:fixed_lma: cached
  [915/1575] US-SB1 historical/MPI-ESM1-2-HR:fixed_lma: cached
  [916/1575] US-SB1 historical/MRI-ESM2-0:fixed_lma: cached
  [917/1575] US-SB1 historical/UKESM1-0-LL:fixed_lma: cached
  [918/1575] US-SB1 ssp126/GFDL-ESM4:fixed_lma: cached
  [919/1575] US-SB1 ssp126/IPSL-CM6A-LR:fixed_lma: cached
  [920/1575] US-SB1 ssp126/MPI-ESM1-2-HR:fixed_lma: cached
  [921/1575] US-SB1 ssp126/MRI-ESM2-0:fixed_lma: cached
  [922/1575] US-SB1 ssp126/UKESM1-0-LL:fixed_lma: cached
  [923/1575] US-SB1 ssp585/GFDL-ESM4:fixed_lma: cached
  [924/1575] US-SB1 ssp585/IPSL-CM6A-LR:fixed_lma: cached
  [925/1575] US-SB1 ssp585/MPI-ESM1-2-HR:fixed_lma: cached
  [926/1575] US-SB1 ssp585/MRI-ESM2-0:fixed_lma: cached
  [927/1575] US-SB1 ssp585/UKESM1-0-LL:fixed_lma: cached
  [928/1575] US-SHC era5_land:fixed_lma: cached
  [929/1575] US-SHC era5_land:fixed_lma_ic: cached
  [930/1575] US-SHC historical/GFDL-ESM4:fixed_lma: cached
  [931/1575] US-SHC historical/IPSL-CM6A-LR:fixed_lma: cached
  [932/1575] US-SHC historical/MPI-ESM1-2-HR:fixed_lma: cached
  [933/1575] US-SHC historical/MRI-ESM2-0:fixed_lma: cached
  [934/1575] US-SHC historical/UKESM1-0-LL:fixed_lma: cached
  [935/1575] US-SHC ssp126/GFDL-ESM4:fixed_lma: cached
  [936/1575] US-SHC ssp126/IPSL-CM6A-LR:fixed_lma: cached
  [937/1575] US-SHC ssp126/MPI-ESM1-2-HR:fixed_lma: cached
  [938/1575] US-SHC ssp126/MRI-ESM2-0:fixed_lma: cached
  [939/1575] US-SHC ssp126/UKESM1-0-LL:fixed_lma: cached
  [940/1575] US-SHC ssp585/GFDL-ESM4:fixed_lma: cached
  [941/1575] US-SHC ssp585/IPSL-CM6A-LR:fixed_lma: cached
  [942/1575] US-SHC ssp585/MPI-ESM1-2-HR:fixed_lma: cached
  [943/1575] US-SHC ssp585/MRI-ESM2-0:fixed_lma: cached
  [944/1575] US-SHC ssp585/UKESM1-0-LL:fixed_lma: cached
  [945/1575] US-SP1 era5_land:fixed_lma: cached
  [946/1575] US-SP1 era5_land:fixed_lma_ic: cached
  [947/1575] US-SP1 historical/GFDL-ESM4:fixed_lma: cached
  [948/1575] US-SP1 historical/IPSL-CM6A-LR:fixed_lma: cached
  [949/1575] US-SP1 historical/MPI-ESM1-2-HR:fixed_lma: cached
  [950/1575] US-SP1 historical/MRI-ESM2-0:fixed_lma: cached
  [951/1575] US-SP1 historical/UKESM1-0-LL:fixed_lma: cached
  [952/1575] US-SP1 ssp126/GFDL-ESM4:fixed_lma: cached
  [953/1575] US-SP1 ssp126/IPSL-CM6A-LR:fixed_lma: cached
  [954/1575] US-SP1 ssp126/MPI-ESM1-2-HR:fixed_lma: cached
  [955/1575] US-SP1 ssp126/MRI-ESM2-0:fixed_lma: cached
  [956/1575] US-SP1 ssp126/UKESM1-0-LL:fixed_lma: cached
  [957/1575] US-SP1 ssp585/GFDL-ESM4:fixed_lma: cached
  [958/1575] US-SP1 ssp585/IPSL-CM6A-LR:fixed_lma: cached
  [959/1575] US-SP1 ssp585/MPI-ESM1-2-HR:fixed_lma: cached
  [960/1575] US-SP1 ssp585/MRI-ESM2-0:fixed_lma: cached
  [961/1575] US-SP1 ssp585/UKESM1-0-LL:fixed_lma: cached
  [962/1575] US-SP2 era5_land:fixed_lma: cached
  [963/1575] US-SP2 era5_land:fixed_lma_ic: cached
  [964/1575] US-SP2 historical/GFDL-ESM4:fixed_lma: cached
  [965/1575] US-SP2 historical/IPSL-CM6A-LR:fixed_lma: cached
  [966/1575] US-SP2 historical/MPI-ESM1-2-HR:fixed_lma: cached
  [967/1575] US-SP2 historical/MRI-ESM2-0:fixed_lma: cached
  [968/1575] US-SP2 historical/UKESM1-0-LL:fixed_lma: cached
  [969/1575] US-SP2 ssp126/GFDL-ESM4:fixed_lma: cached
  [970/1575] US-SP2 ssp126/IPSL-CM6A-LR:fixed_lma: cached
  [971/1575] US-SP2 ssp126/MPI-ESM1-2-HR:fixed_lma: cached
  [972/1575] US-SP2 ssp126/MRI-ESM2-0:fixed_lma: cached
  [973/1575] US-SP2 ssp126/UKESM1-0-LL:fixed_lma: cached
  [974/1575] US-SP2 ssp585/GFDL-ESM4:fixed_lma: cached
  [975/1575] US-SP2 ssp585/IPSL-CM6A-LR:fixed_lma: cached
  [976/1575] US-SP2 ssp585/MPI-ESM1-2-HR:fixed_lma: cached
  [977/1575] US-SP2 ssp585/MRI-ESM2-0:fixed_lma: cached
  [978/1575] US-SP2 ssp585/UKESM1-0-LL:fixed_lma: cached
  [979/1575] US-SP3 era5_land:fixed_lma: cached
  [980/1575] US-SP3 era5_land:fixed_lma_ic: cached
  [981/1575] US-SP3 historical/GFDL-ESM4:fixed_lma: cached
  [982/1575] US-SP3 historical/IPSL-CM6A-LR:fixed_lma: cached
  [983/1575] US-SP3 historical/MPI-ESM1-2-HR:fixed_lma: cached
  [984/1575] US-SP3 historical/MRI-ESM2-0:fixed_lma: cached
  [985/1575] US-SP3 historical/UKESM1-0-LL:fixed_lma: cached
  [986/1575] US-SP3 ssp126/GFDL-ESM4:fixed_lma: cached
  [987/1575] US-SP3 ssp126/IPSL-CM6A-LR:fixed_lma: cached
  [988/1575] US-SP3 ssp126/MPI-ESM1-2-HR:fixed_lma: cached
  [989/1575] US-SP3 ssp126/MRI-ESM2-0:fixed_lma: cached
  [990/1575] US-SP3 ssp126/UKESM1-0-LL:fixed_lma: cached
  [991/1575] US-SP3 ssp585/GFDL-ESM4:fixed_lma: cached
  [992/1575] US-SP3 ssp585/IPSL-CM6A-LR:fixed_lma: cached
  [993/1575] US-SP3 ssp585/MPI-ESM1-2-HR:fixed_lma: cached
  [994/1575] US-SP3 ssp585/MRI-ESM2-0:fixed_lma: cached
  [995/1575] US-SP3 ssp585/UKESM1-0-LL:fixed_lma: cached
  [996/1575] US-SP4 era5_land:fixed_lma: cached
  [997/1575] US-SP4 era5_land:fixed_lma_ic: cached
  [998/1575] US-SP4 historical/GFDL-ESM4:fixed_lma: cached
  [999/1575] US-SP4 historical/IPSL-CM6A-LR:fixed_lma: cached
  [1000/1575] US-SP4 historical/MPI-ESM1-2-HR:fixed_lma: cached
  [1001/1575] US-SP4 historical/MRI-ESM2-0:fixed_lma: cached
  [1002/1575] US-SP4 historical/UKESM1-0-LL:fixed_lma: cached
  [1003/1575] US-SP4 ssp126/GFDL-ESM4:fixed_lma: cached
  [1004/1575] US-SP4 ssp126/IPSL-CM6A-LR:fixed_lma: cached
  [1005/1575] US-SP4 ssp126/MPI-ESM1-2-HR:fixed_lma: cached
  [1006/1575] US-SP4 ssp126/MRI-ESM2-0:fixed_lma: cached
  [1007/1575] US-SP4 ssp126/UKESM1-0-LL:fixed_lma: cached
  [1008/1575] US-SP4 ssp585/GFDL-ESM4:fixed_lma: cached
  [1009/1575] US-SP4 ssp585/IPSL-CM6A-LR:fixed_lma: cached
  [1010/1575] US-SP4 ssp585/MPI-ESM1-2-HR:fixed_lma: cached
  [1011/1575] US-SP4 ssp585/MRI-ESM2-0:fixed_lma: cached
  [1012/1575] US-SP4 ssp585/UKESM1-0-LL:fixed_lma: cached
  [1013/1575] US-SSH era5_land:fixed_lma: cached
  [1014/1575] US-SSH era5_land:fixed_lma_ic: cached
  [1015/1575] US-SSH historical/GFDL-ESM4:fixed_lma: cached
  [1016/1575] US-SSH historical/IPSL-CM6A-LR:fixed_lma: cached
  [1017/1575] US-SSH historical/MPI-ESM1-2-HR:fixed_lma: cached
  [1018/1575] US-SSH historical/MRI-ESM2-0:fixed_lma: cached
  [1019/1575] US-SSH historical/UKESM1-0-LL:fixed_lma: cached
  [1020/1575] US-SSH ssp126/GFDL-ESM4:fixed_lma: cached
  [1021/1575] US-SSH ssp126/IPSL-CM6A-LR:fixed_lma: cached
  [1022/1575] US-SSH ssp126/MPI-ESM1-2-HR:fixed_lma: cached
  [1023/1575] US-SSH ssp126/MRI-ESM2-0:fixed_lma: cached
  [1024/1575] US-SSH ssp126/UKESM1-0-LL:fixed_lma: cached
  [1025/1575] US-SSH ssp585/GFDL-ESM4:fixed_lma: cached
  [1026/1575] US-SSH ssp585/IPSL-CM6A-LR:fixed_lma: cached
  [1027/1575] US-SSH ssp585/MPI-ESM1-2-HR:fixed_lma: cached
  [1028/1575] US-SSH ssp585/MRI-ESM2-0:fixed_lma: cached
  [1029/1575] US-SSH ssp585/UKESM1-0-LL:fixed_lma: cached
  [1030/1575] US-Slt era5_land:fixed_lma: cached
  [1031/1575] US-Slt era5_land:fixed_lma_ic: cached
  [1032/1575] US-TEF era5_land:fixed_lma: cached
  [1033/1575] US-TEF era5_land:fixed_lma_ic: cached
  [1034/1575] US-TEF historical/GFDL-ESM4:fixed_lma: cached
  [1035/1575] US-TEF historical/IPSL-CM6A-LR:fixed_lma: cached
  [1036/1575] US-TEF historical/MPI-ESM1-2-HR:fixed_lma: cached
  [1037/1575] US-TEF historical/MRI-ESM2-0:fixed_lma: cached
  [1038/1575] US-TEF historical/UKESM1-0-LL:fixed_lma: cached
  [1039/1575] US-TEF ssp126/GFDL-ESM4:fixed_lma: cached
  [1040/1575] US-TEF ssp126/IPSL-CM6A-LR:fixed_lma: cached
  [1041/1575] US-TEF ssp126/MPI-ESM1-2-HR:fixed_lma: cached
  [1042/1575] US-TEF ssp126/MRI-ESM2-0:fixed_lma: cached
  [1043/1575] US-TEF ssp126/UKESM1-0-LL:fixed_lma: cached
  [1044/1575] US-TEF ssp585/GFDL-ESM4:fixed_lma: cached
  [1045/1575] US-TEF ssp585/IPSL-CM6A-LR:fixed_lma: cached
  [1046/1575] US-TEF ssp585/MPI-ESM1-2-HR:fixed_lma: cached
  [1047/1575] US-TEF ssp585/MRI-ESM2-0:fixed_lma: cached
  [1048/1575] US-TEF ssp585/UKESM1-0-LL:fixed_lma: cached
  [1049/1575] US-UMB era5_land:fixed_lma: cached
  [1050/1575] US-UMB era5_land:fixed_lma_ic: cached
  [1051/1575] US-UMB historical/GFDL-ESM4:fixed_lma: cached
  [1052/1575] US-UMB historical/IPSL-CM6A-LR:fixed_lma: cached
  [1053/1575] US-UMB historical/MPI-ESM1-2-HR:fixed_lma: cached
  [1054/1575] US-UMB historical/MRI-ESM2-0:fixed_lma: cached
  [1055/1575] US-UMB historical/UKESM1-0-LL:fixed_lma: cached
  [1056/1575] US-UMB ssp126/GFDL-ESM4:fixed_lma: cached
  [1057/1575] US-UMB ssp126/IPSL-CM6A-LR:fixed_lma: cached
  [1058/1575] US-UMB ssp126/MPI-ESM1-2-HR:fixed_lma: cached
  [1059/1575] US-UMB ssp126/MRI-ESM2-0:fixed_lma: cached
  [1060/1575] US-UMB ssp126/UKESM1-0-LL:fixed_lma: cached
  [1061/1575] US-UMB ssp585/GFDL-ESM4:fixed_lma: cached
  [1062/1575] US-UMB ssp585/IPSL-CM6A-LR:fixed_lma: cached
  [1063/1575] US-UMB ssp585/MPI-ESM1-2-HR:fixed_lma: cached
  [1064/1575] US-UMB ssp585/MRI-ESM2-0:fixed_lma: cached
  [1065/1575] US-UMB ssp585/UKESM1-0-LL:fixed_lma: cached
  [1066/1575] US-UMd era5_land:fixed_lma: cached
  [1067/1575] US-UMd era5_land:fixed_lma_ic: cached
  [1068/1575] US-UMd historical/GFDL-ESM4:fixed_lma: cached
  [1069/1575] US-UMd historical/IPSL-CM6A-LR:fixed_lma: cached
  [1070/1575] US-UMd historical/MPI-ESM1-2-HR:fixed_lma: cached
  [1071/1575] US-UMd historical/MRI-ESM2-0:fixed_lma: cached
  [1072/1575] US-UMd historical/UKESM1-0-LL:fixed_lma: cached
  [1073/1575] US-UMd ssp126/GFDL-ESM4:fixed_lma: cached
  [1074/1575] US-UMd ssp126/IPSL-CM6A-LR:fixed_lma: cached
  [1075/1575] US-UMd ssp126/MPI-ESM1-2-HR:fixed_lma: cached
  [1076/1575] US-UMd ssp126/MRI-ESM2-0:fixed_lma: cached
  [1077/1575] US-UMd ssp126/UKESM1-0-LL:fixed_lma: cached
  [1078/1575] US-UMd ssp585/GFDL-ESM4:fixed_lma: cached
  [1079/1575] US-UMd ssp585/IPSL-CM6A-LR:fixed_lma: cached
  [1080/1575] US-UMd ssp585/MPI-ESM1-2-HR:fixed_lma: cached
  [1081/1575] US-UMd ssp585/MRI-ESM2-0:fixed_lma: cached
  [1082/1575] US-UMd ssp585/UKESM1-0-LL:fixed_lma: cached
  [1083/1575] US-Vcp era5_land:fixed_lma: cached
  [1084/1575] US-Vcp era5_land:fixed_lma_ic: cached
  [1085/1575] US-Vcp historical/GFDL-ESM4:fixed_lma: cached
  [1086/1575] US-Vcp historical/IPSL-CM6A-LR:fixed_lma: cached
  [1087/1575] US-Vcp historical/MPI-ESM1-2-HR:fixed_lma: cached
  [1088/1575] US-Vcp historical/MRI-ESM2-0:fixed_lma: cached
  [1089/1575] US-Vcp historical/UKESM1-0-LL:fixed_lma: cached
  [1090/1575] US-Vcp ssp126/GFDL-ESM4:fixed_lma: cached
  [1091/1575] US-Vcp ssp126/IPSL-CM6A-LR:fixed_lma: cached
  [1092/1575] US-Vcp ssp126/MPI-ESM1-2-HR:fixed_lma: cached
  [1093/1575] US-Vcp ssp126/MRI-ESM2-0:fixed_lma: cached
  [1094/1575] US-Vcp ssp126/UKESM1-0-LL:fixed_lma: cached
  [1095/1575] US-Vcp ssp585/GFDL-ESM4:fixed_lma: cached
  [1096/1575] US-Vcp ssp585/IPSL-CM6A-LR:fixed_lma: cached
  [1097/1575] US-Vcp ssp585/MPI-ESM1-2-HR:fixed_lma: cached
  [1098/1575] US-Vcp ssp585/MRI-ESM2-0:fixed_lma: cached
  [1099/1575] US-Vcp ssp585/UKESM1-0-LL:fixed_lma: cached
  [1100/1575] US-Vcs era5_land:fixed_lma: cached
  [1101/1575] US-Vcs era5_land:fixed_lma_ic: cached
  [1102/1575] US-Vcs historical/GFDL-ESM4:fixed_lma: cached
  [1103/1575] US-Vcs historical/IPSL-CM6A-LR:fixed_lma: cached
  [1104/1575] US-Vcs historical/MPI-ESM1-2-HR:fixed_lma: cached
  [1105/1575] US-Vcs historical/MRI-ESM2-0:fixed_lma: cached
  [1106/1575] US-Vcs historical/UKESM1-0-LL:fixed_lma: cached
  [1107/1575] US-Vcs ssp126/GFDL-ESM4:fixed_lma: cached
  [1108/1575] US-Vcs ssp126/IPSL-CM6A-LR:fixed_lma: cached
  [1109/1575] US-Vcs ssp126/MPI-ESM1-2-HR:fixed_lma: cached
  [1110/1575] US-Vcs ssp126/MRI-ESM2-0:fixed_lma: cached
  [1111/1575] US-Vcs ssp126/UKESM1-0-LL:fixed_lma: cached
  [1112/1575] US-Vcs ssp585/GFDL-ESM4:fixed_lma: cached
  [1113/1575] US-Vcs ssp585/IPSL-CM6A-LR:fixed_lma: cached
  [1114/1575] US-Vcs ssp585/MPI-ESM1-2-HR:fixed_lma: cached
  [1115/1575] US-Vcs ssp585/MRI-ESM2-0:fixed_lma: cached
  [1116/1575] US-Vcs ssp585/UKESM1-0-LL:fixed_lma: cached
  [1117/1575] US-WBW era5_land:fixed_lma: cached
  [1118/1575] US-WBW era5_land:fixed_lma_ic: cached
  [1119/1575] US-WBW historical/GFDL-ESM4:fixed_lma: cached
  [1120/1575] US-WBW historical/IPSL-CM6A-LR:fixed_lma: cached
  [1121/1575] US-WBW historical/MPI-ESM1-2-HR:fixed_lma: cached
  [1122/1575] US-WBW historical/MRI-ESM2-0:fixed_lma: cached
  [1123/1575] US-WBW historical/UKESM1-0-LL:fixed_lma: cached
  [1124/1575] US-WBW ssp126/GFDL-ESM4:fixed_lma: cached
  [1125/1575] US-WBW ssp126/IPSL-CM6A-LR:fixed_lma: cached
  [1126/1575] US-WBW ssp126/MPI-ESM1-2-HR:fixed_lma: cached
  [1127/1575] US-WBW ssp126/MRI-ESM2-0:fixed_lma: cached
  [1128/1575] US-WBW ssp126/UKESM1-0-LL:fixed_lma: cached
  [1129/1575] US-WBW ssp585/GFDL-ESM4:fixed_lma: cached
  [1130/1575] US-WBW ssp585/IPSL-CM6A-LR:fixed_lma: cached
  [1131/1575] US-WBW ssp585/MPI-ESM1-2-HR:fixed_lma: cached
  [1132/1575] US-WBW ssp585/MRI-ESM2-0:fixed_lma: cached
  [1133/1575] US-WBW ssp585/UKESM1-0-LL:fixed_lma: cached
  [1134/1575] US-WCr era5_land:fixed_lma: cached
  [1135/1575] US-WCr era5_land:fixed_lma_ic: cached
  [1136/1575] US-WCr historical/GFDL-ESM4:fixed_lma: cached
  [1137/1575] US-WCr historical/IPSL-CM6A-LR:fixed_lma: cached
  [1138/1575] US-WCr historical/MPI-ESM1-2-HR:fixed_lma: cached
  [1139/1575] US-WCr historical/MRI-ESM2-0:fixed_lma: cached
  [1140/1575] US-WCr historical/UKESM1-0-LL:fixed_lma: cached
  [1141/1575] US-WCr ssp126/GFDL-ESM4:fixed_lma: cached
  [1142/1575] US-WCr ssp126/IPSL-CM6A-LR:fixed_lma: cached
  [1143/1575] US-WCr ssp126/MPI-ESM1-2-HR:fixed_lma: cached
  [1144/1575] US-WCr ssp126/MRI-ESM2-0:fixed_lma: cached
  [1145/1575] US-WCr ssp126/UKESM1-0-LL:fixed_lma: cached
  [1146/1575] US-WCr ssp585/GFDL-ESM4:fixed_lma: cached
  [1147/1575] US-WCr ssp585/IPSL-CM6A-LR:fixed_lma: cached
  [1148/1575] US-WCr ssp585/MPI-ESM1-2-HR:fixed_lma: cached
  [1149/1575] US-WCr ssp585/MRI-ESM2-0:fixed_lma: cached
  [1150/1575] US-WCr ssp585/UKESM1-0-LL:fixed_lma: cached
  [1151/1575] US-Wi1 era5_land:fixed_lma: cached
  [1152/1575] US-Wi1 historical/GFDL-ESM4:fixed_lma: cached
  [1153/1575] US-Wi1 historical/IPSL-CM6A-LR:fixed_lma: cached
  [1154/1575] US-Wi1 historical/MPI-ESM1-2-HR:fixed_lma: cached
  [1155/1575] US-Wi1 historical/MRI-ESM2-0:fixed_lma: cached
  [1156/1575] US-Wi1 historical/UKESM1-0-LL:fixed_lma: cached
  [1157/1575] US-Wi1 ssp126/GFDL-ESM4:fixed_lma: cached
  [1158/1575] US-Wi1 ssp126/IPSL-CM6A-LR:fixed_lma: cached
  [1159/1575] US-Wi1 ssp126/MPI-ESM1-2-HR:fixed_lma: cached
  [1160/1575] US-Wi1 ssp126/MRI-ESM2-0:fixed_lma: cached
  [1161/1575] US-Wi1 ssp126/UKESM1-0-LL:fixed_lma: cached
  [1162/1575] US-Wi1 ssp585/GFDL-ESM4:fixed_lma: cached
  [1163/1575] US-Wi1 ssp585/IPSL-CM6A-LR:fixed_lma: cached
  [1164/1575] US-Wi1 ssp585/MPI-ESM1-2-HR:fixed_lma: cached
  [1165/1575] US-Wi1 ssp585/MRI-ESM2-0:fixed_lma: cached
  [1166/1575] US-Wi1 ssp585/UKESM1-0-LL:fixed_lma: cached
  [1167/1575] US-Wi2 era5_land:fixed_lma: cached
  [1168/1575] US-Wi2 historical/GFDL-ESM4:fixed_lma: cached
  [1169/1575] US-Wi2 historical/IPSL-CM6A-LR:fixed_lma: cached
  [1170/1575] US-Wi2 historical/MPI-ESM1-2-HR:fixed_lma: cached
  [1171/1575] US-Wi2 historical/MRI-ESM2-0:fixed_lma: cached
  [1172/1575] US-Wi2 historical/UKESM1-0-LL:fixed_lma: cached
  [1173/1575] US-Wi2 ssp126/GFDL-ESM4:fixed_lma: cached
  [1174/1575] US-Wi2 ssp126/IPSL-CM6A-LR:fixed_lma: cached
  [1175/1575] US-Wi2 ssp126/MPI-ESM1-2-HR:fixed_lma: cached
  [1176/1575] US-Wi2 ssp126/MRI-ESM2-0:fixed_lma: cached
  [1177/1575] US-Wi2 ssp126/UKESM1-0-LL:fixed_lma: cached
  [1178/1575] US-Wi2 ssp585/GFDL-ESM4:fixed_lma: cached
  [1179/1575] US-Wi2 ssp585/IPSL-CM6A-LR:fixed_lma: cached
  [1180/1575] US-Wi2 ssp585/MPI-ESM1-2-HR:fixed_lma: cached
  [1181/1575] US-Wi2 ssp585/MRI-ESM2-0:fixed_lma: cached
  [1182/1575] US-Wi2 ssp585/UKESM1-0-LL:fixed_lma: cached
  [1183/1575] US-Wi3 era5_land:fixed_lma: cached
  [1184/1575] US-Wi3 era5_land:fixed_lma_ic: cached
  [1185/1575] US-Wi3 historical/GFDL-ESM4:fixed_lma: cached
  [1186/1575] US-Wi3 historical/IPSL-CM6A-LR:fixed_lma: cached
  [1187/1575] US-Wi3 historical/MPI-ESM1-2-HR:fixed_lma: cached
  [1188/1575] US-Wi3 historical/MRI-ESM2-0:fixed_lma: cached
  [1189/1575] US-Wi3 historical/UKESM1-0-LL:fixed_lma: cached
  [1190/1575] US-Wi3 ssp126/GFDL-ESM4:fixed_lma: cached
  [1191/1575] US-Wi3 ssp126/IPSL-CM6A-LR:fixed_lma: cached
  [1192/1575] US-Wi3 ssp126/MPI-ESM1-2-HR:fixed_lma: cached
  [1193/1575] US-Wi3 ssp126/MRI-ESM2-0:fixed_lma: cached
  [1194/1575] US-Wi3 ssp126/UKESM1-0-LL:fixed_lma: cached
  [1195/1575] US-Wi3 ssp585/GFDL-ESM4:fixed_lma: cached
  [1196/1575] US-Wi3 ssp585/IPSL-CM6A-LR:fixed_lma: cached
  [1197/1575] US-Wi3 ssp585/MPI-ESM1-2-HR:fixed_lma: cached
  [1198/1575] US-Wi3 ssp585/MRI-ESM2-0:fixed_lma: cached
  [1199/1575] US-Wi3 ssp585/UKESM1-0-LL:fixed_lma: cached
  [1200/1575] US-Wi4 era5_land:fixed_lma: cached
  [1201/1575] US-Wi4 historical/GFDL-ESM4:fixed_lma: cached
  [1202/1575] US-Wi4 historical/IPSL-CM6A-LR:fixed_lma: cached
  [1203/1575] US-Wi4 historical/MPI-ESM1-2-HR:fixed_lma: cached
  [1204/1575] US-Wi4 historical/MRI-ESM2-0:fixed_lma: cached
  [1205/1575] US-Wi4 historical/UKESM1-0-LL:fixed_lma: cached
  [1206/1575] US-Wi4 ssp126/GFDL-ESM4:fixed_lma: cached
  [1207/1575] US-Wi4 ssp126/IPSL-CM6A-LR:fixed_lma: cached
  [1208/1575] US-Wi4 ssp126/MPI-ESM1-2-HR:fixed_lma: cached
  [1209/1575] US-Wi4 ssp126/MRI-ESM2-0:fixed_lma: cached
  [1210/1575] US-Wi4 ssp126/UKESM1-0-LL:fixed_lma: cached
  [1211/1575] US-Wi4 ssp585/GFDL-ESM4:fixed_lma: cached
  [1212/1575] US-Wi4 ssp585/IPSL-CM6A-LR:fixed_lma: cached
  [1213/1575] US-Wi4 ssp585/MPI-ESM1-2-HR:fixed_lma: cached
  [1214/1575] US-Wi4 ssp585/MRI-ESM2-0:fixed_lma: cached
  [1215/1575] US-Wi4 ssp585/UKESM1-0-LL:fixed_lma: cached
  [1216/1575] US-Wrc era5_land:fixed_lma: cached
  [1217/1575] US-Wrc era5_land:fixed_lma_ic: cached
  [1218/1575] US-Wrc historical/GFDL-ESM4:fixed_lma: cached
  [1219/1575] US-Wrc historical/IPSL-CM6A-LR:fixed_lma: cached
  [1220/1575] US-Wrc historical/MPI-ESM1-2-HR:fixed_lma: cached
  [1221/1575] US-Wrc historical/MRI-ESM2-0:fixed_lma: cached
  [1222/1575] US-Wrc historical/UKESM1-0-LL:fixed_lma: cached
  [1223/1575] US-Wrc ssp126/GFDL-ESM4:fixed_lma: cached
  [1224/1575] US-Wrc ssp126/IPSL-CM6A-LR:fixed_lma: cached
  [1225/1575] US-Wrc ssp126/MPI-ESM1-2-HR:fixed_lma: cached
  [1226/1575] US-Wrc ssp126/MRI-ESM2-0:fixed_lma: cached
  [1227/1575] US-Wrc ssp126/UKESM1-0-LL:fixed_lma: cached
  [1228/1575] US-Wrc ssp585/GFDL-ESM4:fixed_lma: cached
  [1229/1575] US-Wrc ssp585/IPSL-CM6A-LR:fixed_lma: cached
  [1230/1575] US-Wrc ssp585/MPI-ESM1-2-HR:fixed_lma: cached
  [1231/1575] US-Wrc ssp585/MRI-ESM2-0:fixed_lma: cached
  [1232/1575] US-Wrc ssp585/UKESM1-0-LL:fixed_lma: cached
  [1233/1575] US-xAB era5_land:fixed_lma: cached
  [1234/1575] US-xAB era5_land:fixed_lma_ic: cached
  [1235/1575] US-xAB historical/GFDL-ESM4:fixed_lma: cached
  [1236/1575] US-xAB historical/IPSL-CM6A-LR:fixed_lma: cached
  [1237/1575] US-xAB historical/MPI-ESM1-2-HR:fixed_lma: cached
  [1238/1575] US-xAB historical/MRI-ESM2-0:fixed_lma: cached
  [1239/1575] US-xAB historical/UKESM1-0-LL:fixed_lma: cached
  [1240/1575] US-xAB ssp126/GFDL-ESM4:fixed_lma: cached
  [1241/1575] US-xAB ssp126/IPSL-CM6A-LR:fixed_lma: cached
  [1242/1575] US-xAB ssp126/MPI-ESM1-2-HR:fixed_lma: cached
  [1243/1575] US-xAB ssp126/MRI-ESM2-0:fixed_lma: cached
  [1244/1575] US-xAB ssp126/UKESM1-0-LL:fixed_lma: cached
  [1245/1575] US-xAB ssp585/GFDL-ESM4:fixed_lma: cached
  [1246/1575] US-xAB ssp585/IPSL-CM6A-LR:fixed_lma: cached
  [1247/1575] US-xAB ssp585/MPI-ESM1-2-HR:fixed_lma: cached
  [1248/1575] US-xAB ssp585/MRI-ESM2-0:fixed_lma: cached
  [1249/1575] US-xAB ssp585/UKESM1-0-LL:fixed_lma: cached
  [1250/1575] US-xBL era5_land:fixed_lma: cached
  [1251/1575] US-xBL era5_land:fixed_lma_ic: cached
  [1252/1575] US-xBL historical/GFDL-ESM4:fixed_lma: cached
  [1253/1575] US-xBL historical/IPSL-CM6A-LR:fixed_lma: cached
  [1254/1575] US-xBL historical/MPI-ESM1-2-HR:fixed_lma: cached
  [1255/1575] US-xBL historical/MRI-ESM2-0:fixed_lma: cached
  [1256/1575] US-xBL historical/UKESM1-0-LL:fixed_lma: cached
  [1257/1575] US-xBL ssp126/GFDL-ESM4:fixed_lma: cached
  [1258/1575] US-xBL ssp126/IPSL-CM6A-LR:fixed_lma: cached
  [1259/1575] US-xBL ssp126/MPI-ESM1-2-HR:fixed_lma: cached
  [1260/1575] US-xBL ssp126/MRI-ESM2-0:fixed_lma: cached
  [1261/1575] US-xBL ssp126/UKESM1-0-LL:fixed_lma: cached
  [1262/1575] US-xBL ssp585/GFDL-ESM4:fixed_lma: cached
  [1263/1575] US-xBL ssp585/IPSL-CM6A-LR:fixed_lma: cached
  [1264/1575] US-xBL ssp585/MPI-ESM1-2-HR:fixed_lma: cached
  [1265/1575] US-xBL ssp585/MRI-ESM2-0:fixed_lma: cached
  [1266/1575] US-xBL ssp585/UKESM1-0-LL:fixed_lma: cached
  [1267/1575] US-xBR era5_land:fixed_lma: cached
  [1268/1575] US-xBR era5_land:fixed_lma_ic: cached
  [1269/1575] US-xBR historical/GFDL-ESM4:fixed_lma: cached
  [1270/1575] US-xBR historical/IPSL-CM6A-LR:fixed_lma: cached
  [1271/1575] US-xBR historical/MPI-ESM1-2-HR:fixed_lma: cached
  [1272/1575] US-xBR historical/MRI-ESM2-0:fixed_lma: cached
  [1273/1575] US-xBR historical/UKESM1-0-LL:fixed_lma: cached
  [1274/1575] US-xBR ssp126/GFDL-ESM4:fixed_lma: cached
  [1275/1575] US-xBR ssp126/IPSL-CM6A-LR:fixed_lma: cached
  [1276/1575] US-xBR ssp126/MPI-ESM1-2-HR:fixed_lma: cached
  [1277/1575] US-xBR ssp126/MRI-ESM2-0:fixed_lma: cached
  [1278/1575] US-xBR ssp126/UKESM1-0-LL:fixed_lma: cached
  [1279/1575] US-xBR ssp585/GFDL-ESM4:fixed_lma: cached
  [1280/1575] US-xBR ssp585/IPSL-CM6A-LR:fixed_lma: cached
  [1281/1575] US-xBR ssp585/MPI-ESM1-2-HR:fixed_lma: cached
  [1282/1575] US-xBR ssp585/MRI-ESM2-0:fixed_lma: cached
  [1283/1575] US-xBR ssp585/UKESM1-0-LL:fixed_lma: cached
  [1284/1575] US-xGR era5_land:fixed_lma: cached
  [1285/1575] US-xGR era5_land:fixed_lma_ic: cached
  [1286/1575] US-xGR historical/GFDL-ESM4:fixed_lma: cached
  [1287/1575] US-xGR historical/IPSL-CM6A-LR:fixed_lma: cached
  [1288/1575] US-xGR historical/MPI-ESM1-2-HR:fixed_lma: cached
  [1289/1575] US-xGR historical/MRI-ESM2-0:fixed_lma: cached
  [1290/1575] US-xGR historical/UKESM1-0-LL:fixed_lma: cached
  [1291/1575] US-xGR ssp126/GFDL-ESM4:fixed_lma: cached
  [1292/1575] US-xGR ssp126/IPSL-CM6A-LR:fixed_lma: cached
  [1293/1575] US-xGR ssp126/MPI-ESM1-2-HR:fixed_lma: cached
  [1294/1575] US-xGR ssp126/MRI-ESM2-0:fixed_lma: cached
  [1295/1575] US-xGR ssp126/UKESM1-0-LL:fixed_lma: cached
  [1296/1575] US-xGR ssp585/GFDL-ESM4:fixed_lma: cached
  [1297/1575] US-xGR ssp585/IPSL-CM6A-LR:fixed_lma: cached
  [1298/1575] US-xGR ssp585/MPI-ESM1-2-HR:fixed_lma: cached
  [1299/1575] US-xGR ssp585/MRI-ESM2-0:fixed_lma: cached
  [1300/1575] US-xGR ssp585/UKESM1-0-LL:fixed_lma: cached
  [1301/1575] US-xHA era5_land:fixed_lma: cached
  [1302/1575] US-xHA era5_land:fixed_lma_ic: cached
  [1303/1575] US-xHA historical/GFDL-ESM4:fixed_lma: cached
  [1304/1575] US-xHA historical/IPSL-CM6A-LR:fixed_lma: cached
  [1305/1575] US-xHA historical/MPI-ESM1-2-HR:fixed_lma: cached
  [1306/1575] US-xHA historical/MRI-ESM2-0:fixed_lma: cached
  [1307/1575] US-xHA historical/UKESM1-0-LL:fixed_lma: cached
  [1308/1575] US-xHA ssp126/GFDL-ESM4:fixed_lma: cached
  [1309/1575] US-xHA ssp126/IPSL-CM6A-LR:fixed_lma: cached
  [1310/1575] US-xHA ssp126/MPI-ESM1-2-HR:fixed_lma: cached
  [1311/1575] US-xHA ssp126/MRI-ESM2-0:fixed_lma: cached
  [1312/1575] US-xHA ssp126/UKESM1-0-LL:fixed_lma: cached
  [1313/1575] US-xHA ssp585/GFDL-ESM4:fixed_lma: cached
  [1314/1575] US-xHA ssp585/IPSL-CM6A-LR:fixed_lma: cached
  [1315/1575] US-xHA ssp585/MPI-ESM1-2-HR:fixed_lma: cached
  [1316/1575] US-xHA ssp585/MRI-ESM2-0:fixed_lma: cached
  [1317/1575] US-xHA ssp585/UKESM1-0-LL:fixed_lma: cached
  [1318/1575] US-xJE era5_land:fixed_lma: cached
  [1319/1575] US-xJE era5_land:fixed_lma_ic: cached
  [1320/1575] US-xJE historical/GFDL-ESM4:fixed_lma: cached
  [1321/1575] US-xJE historical/IPSL-CM6A-LR:fixed_lma: cached
  [1322/1575] US-xJE historical/MPI-ESM1-2-HR:fixed_lma: cached
  [1323/1575] US-xJE historical/MRI-ESM2-0:fixed_lma: cached
  [1324/1575] US-xJE historical/UKESM1-0-LL:fixed_lma: cached
  [1325/1575] US-xJE ssp126/GFDL-ESM4:fixed_lma: cached
  [1326/1575] US-xJE ssp126/IPSL-CM6A-LR:fixed_lma: cached
  [1327/1575] US-xJE ssp126/MPI-ESM1-2-HR:fixed_lma: cached
  [1328/1575] US-xJE ssp126/MRI-ESM2-0:fixed_lma: cached
  [1329/1575] US-xJE ssp126/UKESM1-0-LL:fixed_lma: cached
  [1330/1575] US-xJE ssp585/GFDL-ESM4:fixed_lma: cached
  [1331/1575] US-xJE ssp585/IPSL-CM6A-LR:fixed_lma: cached
  [1332/1575] US-xJE ssp585/MPI-ESM1-2-HR:fixed_lma: cached
  [1333/1575] US-xJE ssp585/MRI-ESM2-0:fixed_lma: cached
  [1334/1575] US-xJE ssp585/UKESM1-0-LL:fixed_lma: cached
  [1335/1575] US-xLE era5_land:fixed_lma: cached
  [1336/1575] US-xLE era5_land:fixed_lma_ic: cached
  [1337/1575] US-xML era5_land:fixed_lma: cached
  [1338/1575] US-xML era5_land:fixed_lma_ic: cached
  [1339/1575] US-xML historical/GFDL-ESM4:fixed_lma: cached
  [1340/1575] US-xML historical/IPSL-CM6A-LR:fixed_lma: cached
  [1341/1575] US-xML historical/MPI-ESM1-2-HR:fixed_lma: cached
  [1342/1575] US-xML historical/MRI-ESM2-0:fixed_lma: cached
  [1343/1575] US-xML historical/UKESM1-0-LL:fixed_lma: cached
  [1344/1575] US-xML ssp126/GFDL-ESM4:fixed_lma: cached
  [1345/1575] US-xML ssp126/IPSL-CM6A-LR:fixed_lma: cached
  [1346/1575] US-xML ssp126/MPI-ESM1-2-HR:fixed_lma: cached
  [1347/1575] US-xML ssp126/MRI-ESM2-0:fixed_lma: cached
  [1348/1575] US-xML ssp126/UKESM1-0-LL:fixed_lma: cached
  [1349/1575] US-xML ssp585/GFDL-ESM4:fixed_lma: cached
  [1350/1575] US-xML ssp585/IPSL-CM6A-LR:fixed_lma: cached
  [1351/1575] US-xML ssp585/MPI-ESM1-2-HR:fixed_lma: cached
  [1352/1575] US-xML ssp585/MRI-ESM2-0:fixed_lma: cached
  [1353/1575] US-xML ssp585/UKESM1-0-LL:fixed_lma: cached
  [1354/1575] US-xNW era5_land:fixed_lma: cached
  [1355/1575] US-xNW era5_land:fixed_lma_ic: cached
  [1356/1575] US-xNW historical/GFDL-ESM4:fixed_lma: cached
  [1357/1575] US-xNW historical/IPSL-CM6A-LR:fixed_lma: cached
  [1358/1575] US-xNW historical/MPI-ESM1-2-HR:fixed_lma: cached
  [1359/1575] US-xNW historical/MRI-ESM2-0:fixed_lma: cached
  [1360/1575] US-xNW historical/UKESM1-0-LL:fixed_lma: cached
  [1361/1575] US-xNW ssp126/GFDL-ESM4:fixed_lma: cached
  [1362/1575] US-xNW ssp126/IPSL-CM6A-LR:fixed_lma: cached
  [1363/1575] US-xNW ssp126/MPI-ESM1-2-HR:fixed_lma: cached
  [1364/1575] US-xNW ssp126/MRI-ESM2-0:fixed_lma: cached
  [1365/1575] US-xNW ssp126/UKESM1-0-LL:fixed_lma: cached
  [1366/1575] US-xNW ssp585/GFDL-ESM4:fixed_lma: cached
  [1367/1575] US-xNW ssp585/IPSL-CM6A-LR:fixed_lma: cached
  [1368/1575] US-xNW ssp585/MPI-ESM1-2-HR:fixed_lma: cached
  [1369/1575] US-xNW ssp585/MRI-ESM2-0:fixed_lma: cached
  [1370/1575] US-xNW ssp585/UKESM1-0-LL:fixed_lma: cached
  [1371/1575] US-xRM era5_land:fixed_lma: cached
  [1372/1575] US-xRM era5_land:fixed_lma_ic: cached
  [1373/1575] US-xRM historical/GFDL-ESM4:fixed_lma: cached
  [1374/1575] US-xRM historical/IPSL-CM6A-LR:fixed_lma: cached
  [1375/1575] US-xRM historical/MPI-ESM1-2-HR:fixed_lma: cached
  [1376/1575] US-xRM historical/MRI-ESM2-0:fixed_lma: cached
  [1377/1575] US-xRM historical/UKESM1-0-LL:fixed_lma: cached
  [1378/1575] US-xRM ssp126/GFDL-ESM4:fixed_lma: cached
  [1379/1575] US-xRM ssp126/IPSL-CM6A-LR:fixed_lma: cached
  [1380/1575] US-xRM ssp126/MPI-ESM1-2-HR:fixed_lma: cached
  [1381/1575] US-xRM ssp126/MRI-ESM2-0:fixed_lma: cached
  [1382/1575] US-xRM ssp126/UKESM1-0-LL:fixed_lma: cached
  [1383/1575] US-xRM ssp585/GFDL-ESM4:fixed_lma: cached
  [1384/1575] US-xRM ssp585/IPSL-CM6A-LR:fixed_lma: cached
  [1385/1575] US-xRM ssp585/MPI-ESM1-2-HR:fixed_lma: cached
  [1386/1575] US-xRM ssp585/MRI-ESM2-0:fixed_lma: cached
  [1387/1575] US-xRM ssp585/UKESM1-0-LL:fixed_lma: cached
  [1388/1575] US-xRN era5_land:fixed_lma: cached
  [1389/1575] US-xRN era5_land:fixed_lma_ic: cached
  [1390/1575] US-xRN historical/GFDL-ESM4:fixed_lma: cached
  [1391/1575] US-xRN historical/IPSL-CM6A-LR:fixed_lma: cached
  [1392/1575] US-xRN historical/MPI-ESM1-2-HR:fixed_lma: cached
  [1393/1575] US-xRN historical/MRI-ESM2-0:fixed_lma: cached
  [1394/1575] US-xRN historical/UKESM1-0-LL:fixed_lma: cached
  [1395/1575] US-xRN ssp126/GFDL-ESM4:fixed_lma: cached
  [1396/1575] US-xRN ssp126/IPSL-CM6A-LR:fixed_lma: cached
  [1397/1575] US-xRN ssp126/MPI-ESM1-2-HR:fixed_lma: cached
  [1398/1575] US-xRN ssp126/MRI-ESM2-0:fixed_lma: cached
  [1399/1575] US-xRN ssp126/UKESM1-0-LL:fixed_lma: cached
  [1400/1575] US-xRN ssp585/GFDL-ESM4:fixed_lma: cached
  [1401/1575] US-xRN ssp585/IPSL-CM6A-LR:fixed_lma: cached
  [1402/1575] US-xRN ssp585/MPI-ESM1-2-HR:fixed_lma: cached
  [1403/1575] US-xRN ssp585/MRI-ESM2-0:fixed_lma: cached
  [1404/1575] US-xRN ssp585/UKESM1-0-LL:fixed_lma: cached
  [1405/1575] US-xSB era5_land:fixed_lma: cached
  [1406/1575] US-xSB historical/GFDL-ESM4:fixed_lma: cached
  [1407/1575] US-xSB historical/IPSL-CM6A-LR:fixed_lma: cached
  [1408/1575] US-xSB historical/MPI-ESM1-2-HR:fixed_lma: cached
  [1409/1575] US-xSB historical/MRI-ESM2-0:fixed_lma: cached
  [1410/1575] US-xSB historical/UKESM1-0-LL:fixed_lma: cached
  [1411/1575] US-xSB ssp126/GFDL-ESM4:fixed_lma: cached
  [1412/1575] US-xSB ssp126/IPSL-CM6A-LR:fixed_lma: cached
  [1413/1575] US-xSB ssp126/MPI-ESM1-2-HR:fixed_lma: cached
  [1414/1575] US-xSB ssp126/MRI-ESM2-0:fixed_lma: cached
  [1415/1575] US-xSB ssp126/UKESM1-0-LL:fixed_lma: cached
  [1416/1575] US-xSB ssp585/GFDL-ESM4:fixed_lma: cached
  [1417/1575] US-xSB ssp585/IPSL-CM6A-LR:fixed_lma: cached
  [1418/1575] US-xSB ssp585/MPI-ESM1-2-HR:fixed_lma: cached
  [1419/1575] US-xSB ssp585/MRI-ESM2-0:fixed_lma: cached
  [1420/1575] US-xSB ssp585/UKESM1-0-LL:fixed_lma: cached
  [1421/1575] US-xSC era5_land:fixed_lma: cached
  [1422/1575] US-xSC era5_land:fixed_lma_ic: cached
  [1423/1575] US-xSC historical/GFDL-ESM4:fixed_lma: cached
  [1424/1575] US-xSC historical/IPSL-CM6A-LR:fixed_lma: cached
  [1425/1575] US-xSC historical/MPI-ESM1-2-HR:fixed_lma: cached
  [1426/1575] US-xSC historical/MRI-ESM2-0:fixed_lma: cached
  [1427/1575] US-xSC historical/UKESM1-0-LL:fixed_lma: cached
  [1428/1575] US-xSC ssp126/GFDL-ESM4:fixed_lma: cached
  [1429/1575] US-xSC ssp126/IPSL-CM6A-LR:fixed_lma: cached
  [1430/1575] US-xSC ssp126/MPI-ESM1-2-HR:fixed_lma: cached
  [1431/1575] US-xSC ssp126/MRI-ESM2-0:fixed_lma: cached
  [1432/1575] US-xSC ssp126/UKESM1-0-LL:fixed_lma: cached
  [1433/1575] US-xSC ssp585/GFDL-ESM4:fixed_lma: cached
  [1434/1575] US-xSC ssp585/IPSL-CM6A-LR:fixed_lma: cached
  [1435/1575] US-xSC ssp585/MPI-ESM1-2-HR:fixed_lma: cached
  [1436/1575] US-xSC ssp585/MRI-ESM2-0:fixed_lma: cached
  [1437/1575] US-xSC ssp585/UKESM1-0-LL:fixed_lma: cached
  [1438/1575] US-xSE era5_land:fixed_lma: cached
  [1439/1575] US-xSE era5_land:fixed_lma_ic: cached
  [1440/1575] US-xSE historical/GFDL-ESM4:fixed_lma: cached
  [1441/1575] US-xSE historical/IPSL-CM6A-LR:fixed_lma: cached
  [1442/1575] US-xSE historical/MPI-ESM1-2-HR:fixed_lma: cached
  [1443/1575] US-xSE historical/MRI-ESM2-0:fixed_lma: cached
  [1444/1575] US-xSE historical/UKESM1-0-LL:fixed_lma: cached
  [1445/1575] US-xSE ssp126/GFDL-ESM4:fixed_lma: cached
  [1446/1575] US-xSE ssp126/IPSL-CM6A-LR:fixed_lma: cached
  [1447/1575] US-xSE ssp126/MPI-ESM1-2-HR:fixed_lma: cached
  [1448/1575] US-xSE ssp126/MRI-ESM2-0:fixed_lma: cached
  [1449/1575] US-xSE ssp126/UKESM1-0-LL:fixed_lma: cached
  [1450/1575] US-xSE ssp585/GFDL-ESM4:fixed_lma: cached
  [1451/1575] US-xSE ssp585/IPSL-CM6A-LR:fixed_lma: cached
  [1452/1575] US-xSE ssp585/MPI-ESM1-2-HR:fixed_lma: cached
  [1453/1575] US-xSE ssp585/MRI-ESM2-0:fixed_lma: cached
  [1454/1575] US-xSE ssp585/UKESM1-0-LL:fixed_lma: cached
  [1455/1575] US-xSP era5_land:fixed_lma: cached
  [1456/1575] US-xSP era5_land:fixed_lma_ic: cached
  [1457/1575] US-xSP historical/GFDL-ESM4:fixed_lma: cached
  [1458/1575] US-xSP historical/IPSL-CM6A-LR:fixed_lma: cached
  [1459/1575] US-xSP historical/MPI-ESM1-2-HR:fixed_lma: cached
  [1460/1575] US-xSP historical/MRI-ESM2-0:fixed_lma: cached
  [1461/1575] US-xSP historical/UKESM1-0-LL:fixed_lma: cached
  [1462/1575] US-xSP ssp126/GFDL-ESM4:fixed_lma: cached
  [1463/1575] US-xSP ssp126/IPSL-CM6A-LR:fixed_lma: cached
  [1464/1575] US-xSP ssp126/MPI-ESM1-2-HR:fixed_lma: cached
  [1465/1575] US-xSP ssp126/MRI-ESM2-0:fixed_lma: cached
  [1466/1575] US-xSP ssp126/UKESM1-0-LL:fixed_lma: cached
  [1467/1575] US-xSP ssp585/GFDL-ESM4:fixed_lma: cached
  [1468/1575] US-xSP ssp585/IPSL-CM6A-LR:fixed_lma: cached
  [1469/1575] US-xSP ssp585/MPI-ESM1-2-HR:fixed_lma: cached
  [1470/1575] US-xSP ssp585/MRI-ESM2-0:fixed_lma: cached
  [1471/1575] US-xSP ssp585/UKESM1-0-LL:fixed_lma: cached
  [1472/1575] US-xST era5_land:fixed_lma: cached
  [1473/1575] US-xST era5_land:fixed_lma_ic: cached
  [1474/1575] US-xST historical/GFDL-ESM4:fixed_lma: cached
  [1475/1575] US-xST historical/IPSL-CM6A-LR:fixed_lma: cached
  [1476/1575] US-xST historical/MPI-ESM1-2-HR:fixed_lma: cached
  [1477/1575] US-xST historical/MRI-ESM2-0:fixed_lma: cached
  [1478/1575] US-xST historical/UKESM1-0-LL:fixed_lma: cached
  [1479/1575] US-xST ssp126/GFDL-ESM4:fixed_lma: cached
  [1480/1575] US-xST ssp126/IPSL-CM6A-LR:fixed_lma: cached
  [1481/1575] US-xST ssp126/MPI-ESM1-2-HR:fixed_lma: cached
  [1482/1575] US-xST ssp126/MRI-ESM2-0:fixed_lma: cached
  [1483/1575] US-xST ssp126/UKESM1-0-LL:fixed_lma: cached
  [1484/1575] US-xST ssp585/GFDL-ESM4:fixed_lma: cached
  [1485/1575] US-xST ssp585/IPSL-CM6A-LR:fixed_lma: cached
  [1486/1575] US-xST ssp585/MPI-ESM1-2-HR:fixed_lma: cached
  [1487/1575] US-xST ssp585/MRI-ESM2-0:fixed_lma: cached
  [1488/1575] US-xST ssp585/UKESM1-0-LL:fixed_lma: cached
  [1489/1575] US-xTA era5_land:fixed_lma: cached
  [1490/1575] US-xTA era5_land:fixed_lma_ic: cached
  [1491/1575] US-xTA historical/GFDL-ESM4:fixed_lma: cached
  [1492/1575] US-xTA historical/IPSL-CM6A-LR:fixed_lma: cached
  [1493/1575] US-xTA historical/MPI-ESM1-2-HR:fixed_lma: cached
  [1494/1575] US-xTA historical/MRI-ESM2-0:fixed_lma: cached
  [1495/1575] US-xTA historical/UKESM1-0-LL:fixed_lma: cached
  [1496/1575] US-xTA ssp126/GFDL-ESM4:fixed_lma: cached
  [1497/1575] US-xTA ssp126/IPSL-CM6A-LR:fixed_lma: cached
  [1498/1575] US-xTA ssp126/MPI-ESM1-2-HR:fixed_lma: cached
  [1499/1575] US-xTA ssp126/MRI-ESM2-0:fixed_lma: cached
  [1500/1575] US-xTA ssp126/UKESM1-0-LL:fixed_lma: cached
  [1501/1575] US-xTA ssp585/GFDL-ESM4:fixed_lma: cached
  [1502/1575] US-xTA ssp585/IPSL-CM6A-LR:fixed_lma: cached
  [1503/1575] US-xTA ssp585/MPI-ESM1-2-HR:fixed_lma: cached
  [1504/1575] US-xTA ssp585/MRI-ESM2-0:fixed_lma: cached
  [1505/1575] US-xTA ssp585/UKESM1-0-LL:fixed_lma: cached
  [1506/1575] US-xTE era5_land:fixed_lma: cached
  [1507/1575] US-xTE era5_land:fixed_lma_ic: cached
  [1508/1575] US-xTE historical/GFDL-ESM4:fixed_lma: cached
  [1509/1575] US-xTE historical/IPSL-CM6A-LR:fixed_lma: cached
  [1510/1575] US-xTE historical/MPI-ESM1-2-HR:fixed_lma: cached
  [1511/1575] US-xTE historical/MRI-ESM2-0:fixed_lma: cached
  [1512/1575] US-xTE historical/UKESM1-0-LL:fixed_lma: cached
  [1513/1575] US-xTE ssp126/GFDL-ESM4:fixed_lma: cached
  [1514/1575] US-xTE ssp126/IPSL-CM6A-LR:fixed_lma: cached
  [1515/1575] US-xTE ssp126/MPI-ESM1-2-HR:fixed_lma: cached
  [1516/1575] US-xTE ssp126/MRI-ESM2-0:fixed_lma: cached
  [1517/1575] US-xTE ssp126/UKESM1-0-LL:fixed_lma: cached
  [1518/1575] US-xTE ssp585/GFDL-ESM4:fixed_lma: cached
  [1519/1575] US-xTE ssp585/IPSL-CM6A-LR:fixed_lma: cached
  [1520/1575] US-xTE ssp585/MPI-ESM1-2-HR:fixed_lma: cached
  [1521/1575] US-xTE ssp585/MRI-ESM2-0:fixed_lma: cached
  [1522/1575] US-xTE ssp585/UKESM1-0-LL:fixed_lma: cached
  [1523/1575] US-xTR era5_land:fixed_lma: cached
  [1524/1575] US-xTR era5_land:fixed_lma_ic: cached
  [1525/1575] US-xTR historical/GFDL-ESM4:fixed_lma: cached
  [1526/1575] US-xTR historical/IPSL-CM6A-LR:fixed_lma: cached
  [1527/1575] US-xTR historical/MPI-ESM1-2-HR:fixed_lma: cached
  [1528/1575] US-xTR historical/MRI-ESM2-0:fixed_lma: cached
  [1529/1575] US-xTR historical/UKESM1-0-LL:fixed_lma: cached
  [1530/1575] US-xTR ssp126/GFDL-ESM4:fixed_lma: cached
  [1531/1575] US-xTR ssp126/IPSL-CM6A-LR:fixed_lma: cached
  [1532/1575] US-xTR ssp126/MPI-ESM1-2-HR:fixed_lma: cached
  [1533/1575] US-xTR ssp126/MRI-ESM2-0:fixed_lma: cached
  [1534/1575] US-xTR ssp126/UKESM1-0-LL:fixed_lma: cached
  [1535/1575] US-xTR ssp585/GFDL-ESM4:fixed_lma: cached
  [1536/1575] US-xTR ssp585/IPSL-CM6A-LR:fixed_lma: cached
  [1537/1575] US-xTR ssp585/MPI-ESM1-2-HR:fixed_lma: cached
  [1538/1575] US-xTR ssp585/MRI-ESM2-0:fixed_lma: cached
  [1539/1575] US-xTR ssp585/UKESM1-0-LL:fixed_lma: cached
  [1540/1575] US-xUK era5_land:fixed_lma: cached
  [1541/1575] US-xUK era5_land:fixed_lma_ic: cached
  [1542/1575] US-xUK historical/GFDL-ESM4:fixed_lma: cached
  [1543/1575] US-xUK historical/IPSL-CM6A-LR:fixed_lma: cached
  [1544/1575] US-xUK historical/MPI-ESM1-2-HR:fixed_lma: cached
  [1545/1575] US-xUK historical/MRI-ESM2-0:fixed_lma: cached
  [1546/1575] US-xUK historical/UKESM1-0-LL:fixed_lma: cached
  [1547/1575] US-xUK ssp126/GFDL-ESM4:fixed_lma: cached
  [1548/1575] US-xUK ssp126/IPSL-CM6A-LR:fixed_lma: cached
  [1549/1575] US-xUK ssp126/MPI-ESM1-2-HR:fixed_lma: cached
  [1550/1575] US-xUK ssp126/MRI-ESM2-0:fixed_lma: cached
  [1551/1575] US-xUK ssp126/UKESM1-0-LL:fixed_lma: cached
  [1552/1575] US-xUK ssp585/GFDL-ESM4:fixed_lma: cached
  [1553/1575] US-xUK ssp585/IPSL-CM6A-LR:fixed_lma: cached
  [1554/1575] US-xUK ssp585/MPI-ESM1-2-HR:fixed_lma: cached
  [1555/1575] US-xUK ssp585/MRI-ESM2-0:fixed_lma: cached
  [1556/1575] US-xUK ssp585/UKESM1-0-LL:fixed_lma: cached
  [1557/1575] US-xWR era5_land:fixed_lma: cached
  [1558/1575] US-xWR era5_land:fixed_lma_ic: cached
  [1559/1575] US-xWR historical/GFDL-ESM4:fixed_lma: cached
  [1560/1575] US-xWR historical/IPSL-CM6A-LR:fixed_lma: cached
  [1561/1575] US-xWR historical/MPI-ESM1-2-HR:fixed_lma: cached
  [1562/1575] US-xWR historical/MRI-ESM2-0:fixed_lma: cached
  [1563/1575] US-xWR historical/UKESM1-0-LL:fixed_lma: cached
  [1564/1575] US-xWR ssp126/GFDL-ESM4:fixed_lma: cached
  [1565/1575] US-xWR ssp126/IPSL-CM6A-LR:fixed_lma: cached
  [1566/1575] US-xWR ssp126/MPI-ESM1-2-HR:fixed_lma: cached
  [1567/1575] US-xWR ssp126/MRI-ESM2-0:fixed_lma: cached
  [1568/1575] US-xWR ssp126/UKESM1-0-LL:fixed_lma: cached
  [1569/1575] US-xWR ssp585/GFDL-ESM4:fixed_lma: cached
  [1570/1575] US-xWR ssp585/IPSL-CM6A-LR:fixed_lma: cached
  [1571/1575] US-xWR ssp585/MPI-ESM1-2-HR:fixed_lma: cached
  [1572/1575] US-xWR ssp585/MRI-ESM2-0:fixed_lma: cached
  [1573/1575] US-xWR ssp585/UKESM1-0-LL:fixed_lma: cached
  [1574/1575] US-xYE era5_land:fixed_lma: cached
  [1575/1575] US-xYE era5_land:fixed_lma_ic: cached

cache now holds 1575 station file(s)
next: python analyze_lma_effect.py --report

cache holds: 1575 station file(s)

reports    :
  /vol_efthymios/NFS07/dd1136/T_and_C/result_summary/lma_effect_era5_land_ic_report.md
  /vol_efthymios/NFS07/dd1136/T_and_C/result_summary/lma_effect_historical_report.md
  /vol_efthymios/NFS07/dd1136/T_and_C/result_summary/lma_effect_ssp126_report.md
  /vol_efthymios/NFS07/dd1136/T_and_C/result_summary/lma_effect_ssp585_report.md
  copy them down with:
    scp -P 22 dd1136@soenfs1.hpc.rutgers.edu:/vol_efthymios/NFS07/dd1136/T_and_C/result_summary/lma_effect_*.{md,csv} .
finished   : 2026-08-28T04:45:26Z
exit status: 0
