job        : 38699  task 60
node       : soeepyc07
cluster    : soe   partition: SOE_main
results    : /vol_efthymios/NFS07/dd1136/T_and_C/result_summary
started    : 2026-08-26T06:11:47Z
model_run  : /vol_efthymios/NFS07/dd1136/T_and_C/model_run
cache      : /vol_efthymios/NFS07/dd1136/T_and_C/input_data/lma_effect

model_run : /vol_efthymios/NFS07/dd1136/T_and_C/model_run
cache     : /vol_efthymios/NFS07/dd1136/T_and_C/input_data/lma_effect
site list : 118 stations, 101 present in model_run

pairs     : 5

  [1/5] US-SHC historical/GFDL-ESM4:fixed_lma: incomplete
  [2/5] US-SHC historical/IPSL-CM6A-LR:fixed_lma: incomplete
  [3/5] US-SHC historical/MPI-ESM1-2-HR:fixed_lma: incomplete
  [4/5] US-SHC historical/MRI-ESM2-0:fixed_lma: incomplete
  [5/5] US-SHC historical/UKESM1-0-LL:fixed_lma: incomplete

cache now holds 471 station file(s)
next: python analyze_lma_effect.py --report

cache holds: 472 station file(s)

report     : /vol_efthymios/NFS07/dd1136/T_and_C/input_data/lma_effect/lma_effect_report.md
  copy it down with:
    scp -P 22 dd1136@soenfs1.hpc.rutgers.edu:/vol_efthymios/NFS07/dd1136/T_and_C/input_data/lma_effect/lma_effect_*.{md,csv} .
finished   : 2026-08-26T06:12:44Z
exit status: 0
