job        : 38765  task 38
node       : soeepyc07
cluster    : soe   partition: SOE_main
results    : /vol_efthymios/NFS07/dd1136/T_and_C/result_summary
started    : 2026-08-26T06:28:18Z
model_run  : /vol_efthymios/NFS07/dd1136/T_and_C/model_run
cache      : /vol_efthymios/NFS07/dd1136/T_and_C/input_data/lma_effect

model_run : /vol_efthymios/NFS07/dd1136/T_and_C/model_run
cache     : /vol_efthymios/NFS07/dd1136/T_and_C/input_data/lma_effect
site list : 118 stations, 101 present in model_run

pairs     : 7

  [1/7] US-MtB era5_land:fixed_lma: ok
  [2/7] US-MtB era5_land:fixed_lma_ic: cached
  [3/7] US-MtB historical/GFDL-ESM4:fixed_lma: cached
  [4/7] US-MtB historical/IPSL-CM6A-LR:fixed_lma: cached
  [5/7] US-MtB historical/MPI-ESM1-2-HR:fixed_lma: cached
  [6/7] US-MtB historical/MRI-ESM2-0:fixed_lma: cached
  [7/7] US-MtB historical/UKESM1-0-LL:fixed_lma: cached

cache now holds 897 station file(s)
next: python analyze_lma_effect.py --report

cache holds: 897 station file(s)

report     : /vol_efthymios/NFS07/dd1136/T_and_C/input_data/lma_effect/lma_effect_report.md
  copy it down with:
    scp -P 22 dd1136@soenfs1.hpc.rutgers.edu:/vol_efthymios/NFS07/dd1136/T_and_C/input_data/lma_effect/lma_effect_*.{md,csv} .
finished   : 2026-08-26T06:28:34Z
exit status: 0
