job        : 38802  task 75
node       : soeepyc07
cluster    : soe   partition: SOE_main
results    : /vol_efthymios/NFS07/dd1136/T_and_C/result_summary
started    : 2026-08-26T06:46:06Z
model_run  : /vol_efthymios/NFS07/dd1136/T_and_C/model_run
cache      : /vol_efthymios/NFS07/dd1136/T_and_C/input_data/lma_effect

model_run : /vol_efthymios/NFS07/dd1136/T_and_C/model_run
cache     : /vol_efthymios/NFS07/dd1136/T_and_C/input_data/lma_effect
site list : 118 stations, 101 present in model_run

pairs     : 16

  [1/16] US-Wi1 era5_land:fixed_lma: incomplete
  [2/16] US-Wi1 historical/GFDL-ESM4:fixed_lma: cached
  [3/16] US-Wi1 historical/IPSL-CM6A-LR:fixed_lma: cached
  [4/16] US-Wi1 historical/MPI-ESM1-2-HR:fixed_lma: cached
  [5/16] US-Wi1 historical/MRI-ESM2-0:fixed_lma: cached
  [6/16] US-Wi1 historical/UKESM1-0-LL:fixed_lma: cached
  [7/16] US-Wi1 ssp126/GFDL-ESM4:fixed_lma: incomplete
  [8/16] US-Wi1 ssp126/IPSL-CM6A-LR:fixed_lma: incomplete
  [9/16] US-Wi1 ssp126/MPI-ESM1-2-HR:fixed_lma: incomplete
  [10/16] US-Wi1 ssp126/MRI-ESM2-0:fixed_lma: incomplete
  [11/16] US-Wi1 ssp126/UKESM1-0-LL:fixed_lma: incomplete
  [12/16] US-Wi1 ssp585/GFDL-ESM4:fixed_lma: incomplete
  [13/16] US-Wi1 ssp585/IPSL-CM6A-LR:fixed_lma: incomplete
  [14/16] US-Wi1 ssp585/MPI-ESM1-2-HR:fixed_lma: incomplete
  [15/16] US-Wi1 ssp585/MRI-ESM2-0:fixed_lma: incomplete
  [16/16] US-Wi1 ssp585/UKESM1-0-LL:fixed_lma: incomplete

cache now holds 1271 station file(s)
next: python analyze_lma_effect.py --report

cache holds: 1271 station file(s)

report     : /vol_efthymios/NFS07/dd1136/T_and_C/input_data/lma_effect/lma_effect_report.md
  copy it down with:
    scp -P 22 dd1136@soenfs1.hpc.rutgers.edu:/vol_efthymios/NFS07/dd1136/T_and_C/input_data/lma_effect/lma_effect_*.{md,csv} .
finished   : 2026-08-26T06:46:07Z
exit status: 0
