job        : 40378
node       : soenode78
cluster    : soe   partition: SOE_legacy
results    : /vol_efthymios/NFS07/dd1136/T_and_C/result_summary
started    : 2026-08-28T06:36:08Z
model_run  : /vol_efthymios/NFS07/dd1136/T_and_C/model_run
cache      : /vol_efthymios/NFS07/dd1136/T_and_C/input_data/lma_effect

model_run : /vol_efthymios/NFS07/dd1136/T_and_C/model_run
cache     : /vol_efthymios/NFS07/dd1136/T_and_C/input_data/lma_effect
site list : 118 stations, 101 present in model_run


report  -> /vol_efthymios/NFS07/dd1136/T_and_C/result_summary/lma_effect_all_report.md
metrics -> /vol_efthymios/NFS07/dd1136/T_and_C/result_summary/lma_effect_all_metrics.csv
input   -> /vol_efthymios/NFS07/dd1136/T_and_C/result_summary/lma_effect_all_input_quality.csv
annual  -> /vol_efthymios/NFS07/dd1136/T_and_C/result_summary/lma_effect_all_annual.csv

1429 stations assessed, 146 not

cache holds: 1575 station file(s)

reports    :
  /vol_efthymios/NFS07/dd1136/T_and_C/result_summary/lma_effect_all_report.md
  /vol_efthymios/NFS07/dd1136/T_and_C/result_summary/lma_effect_era5_land_ic_report.md
  /vol_efthymios/NFS07/dd1136/T_and_C/result_summary/lma_effect_historical_report.md
  /vol_efthymios/NFS07/dd1136/T_and_C/result_summary/lma_effect_ssp126_report.md
  /vol_efthymios/NFS07/dd1136/T_and_C/result_summary/lma_effect_ssp585_report.md
  copy them down with:
    scp -P 22 dd1136@soenfs1.hpc.rutgers.edu:/vol_efthymios/NFS07/dd1136/T_and_C/result_summary/lma_effect_*.{md,csv} .
finished   : 2026-08-28T06:38:10Z
exit status: 0
