job        : 38771  task 44
node       : soeepyc07
cluster    : soe   partition: SOE_main
results    : /vol_efthymios/NFS07/dd1136/T_and_C/result_summary
started    : 2026-08-26T06:31:36Z
model_run  : /vol_efthymios/NFS07/dd1136/T_and_C/model_run
cache      : /vol_efthymios/NFS07/dd1136/T_and_C/input_data/lma_effect

model_run : /vol_efthymios/NFS07/dd1136/T_and_C/model_run
cache     : /vol_efthymios/NFS07/dd1136/T_and_C/input_data/lma_effect
site list : 118 stations, 101 present in model_run

pairs     : 2

  [1/2] US-Oho era5_land:fixed_lma: ok
  [2/2] US-Oho era5_land:fixed_lma_ic: cached

cache now holds 978 station file(s)
next: python analyze_lma_effect.py --report

cache holds: 978 station file(s)

report     : /vol_efthymios/NFS07/dd1136/T_and_C/input_data/lma_effect/lma_effect_report.md
  copy it down with:
    scp -P 22 dd1136@soenfs1.hpc.rutgers.edu:/vol_efthymios/NFS07/dd1136/T_and_C/input_data/lma_effect/lma_effect_*.{md,csv} .
finished   : 2026-08-26T06:31:53Z
exit status: 0
