job        : 39562
node       : soenode78
cluster    : soe   partition: SOE_legacy
results    : /vol_efthymios/NFS07/dd1136/T_and_C/result_summary
started    : 2026-08-26T19:02:06Z
model_run  : /vol_efthymios/NFS07/dd1136/T_and_C/model_run
cache      : /vol_efthymios/NFS07/dd1136/T_and_C/input_data/lma_effect

model_run : /vol_efthymios/NFS07/dd1136/T_and_C/model_run
cache     : /vol_efthymios/NFS07/dd1136/T_and_C/input_data/lma_effect
site list : 118 stations, 101 present in model_run


report  -> /vol_efthymios/NFS07/dd1136/T_and_C/result_summary/lma_effect_report.md
metrics -> /vol_efthymios/NFS07/dd1136/T_and_C/result_summary/lma_effect_metrics.csv
input   -> /vol_efthymios/NFS07/dd1136/T_and_C/result_summary/lma_effect_input_quality.csv
annual  -> /vol_efthymios/NFS07/dd1136/T_and_C/result_summary/lma_effect_annual.csv

410 stations assessed, 50 not

cache holds: 1575 station file(s)

report     : /vol_efthymios/NFS07/dd1136/T_and_C/result_summary/lma_effect_report.md
  copy it down with:
    scp -P 22 dd1136@soenfs1.hpc.rutgers.edu:/vol_efthymios/NFS07/dd1136/T_and_C/result_summary/lma_effect_*.{md,csv} .
finished   : 2026-08-26T19:02:41Z
exit status: 0
