job        : 35682
node       : soeepyc10
started    : 2026-08-09T04:12:03Z
era5       : /vol_efthymios/NFS07/dd1136/T_and_C/input_data/era5_land
ameriflux  : /vol_efthymios/NFS07/dd1136/T_and_C/input_data/ameriflux
meteo out  : /vol_efthymios/NFS07/dd1136/T_and_C/input_data/meteo
partition  : /vol_efthymios/NFS07/dd1136/T_and_C/T_and_C_dynamic_LMA/T&C/Diogo

=== stage 1: netCDF -> raw .mat ===
era5     : /vol_efthymios/NFS07/dd1136/T_and_C/input_data/era5_land
out      : /vol_efthymios/NFS07/dd1136/T_and_C/input_data/meteo
CO2      : /vol_efthymios/NFS07/dd1136/T_and_C/T_and_C_dynamic_LMA/T&C/TeC_Source_Code-master/Inputs/Ca_Data.mat
ameriflux: /vol_efthymios/NFS07/dd1136/T_and_C/input_data/ameriflux
Zbas     : 118 station(s) (badm_values 110, site_registry 8)
stations : 2   years 1985-2020

  US-HBK   Zbas    367 m (badm_values)   315576 h  1985-2020  Ta  -34.3..34.2  Pre  920.0..994.8  mbar  Rswmax  996.1  P 1245.6 mm/yr
           ssrd already hourly (within-day decrease on 60/60 days), raw max 3.58592e+06; tp already hourly (within-day decrease on 60/60 days)
           peak at 17Z, solar noon 16.78Z -> hour H covers (H-1,H], t_bef/t_aft = 1/0
  US-Ha2   Zbas    360 m (badm_values)   315576 h  1985-2020  Ta  -28.2..38.0  Pre  933.0..1011.3 mbar  Rswmax 1003.3  P 1120.1 mm/yr
           ssrd already hourly (within-day decrease on 60/60 days), raw max 3.61177e+06; tp already hourly (within-day decrease on 59/60 days)
           peak at 17Z, solar noon 16.81Z -> hour H covers (H-1,H], t_bef/t_aft = 1/0

2/2 stations written to /vol_efthymios/NFS07/dd1136/T_and_C/input_data/meteo

Next: MATLAB finish_meteo.m fills SAB/SAD/PAR/N via C_Automatic_Radiation_Partition and writes the final Meteo_*.mat
stage 1 exit: 0

=== stage 2: radiation partition (MATLAB) ===
2 raw file(s) in /vol_efthymios/NFS07/dd1136/T_and_C/input_data/meteo

  ! US_HBK     bands do not close: max |SAB+SAD - Rsw| = 40.7 W/m2
  US_HBK      315576 h  N 0.00-1.00  PARBmax  333.4  bands close to 4.1e+01  -> Meteo_US_HBK_1985_2020.mat
  ! US_Ha2     bands do not close: max |SAB+SAD - Rsw| = 41.5 W/m2
  US_Ha2      315576 h  N 0.00-1.00  PARBmax  339.2  bands close to 4.2e+01  -> Meteo_US_Ha2_1985_2020.mat

2/2 written to /vol_efthymios/NFS07/dd1136/T_and_C/input_data/meteo

finished   : 2026-08-09T04:18:52Z
exit status: stage1=0 stage2=0
-rw-r--r-- 1 dd1136 dd1136 25M Aug  9 00:18 /vol_efthymios/NFS07/dd1136/T_and_C/input_data/meteo/Meteo_US_HBK_1985_2020.mat
-rw-r--r-- 1 dd1136 dd1136 25M Aug  9 00:18 /vol_efthymios/NFS07/dd1136/T_and_C/input_data/meteo/Meteo_US_Ha2_1985_2020.mat
82M	/vol_efthymios/NFS07/dd1136/T_and_C/input_data/meteo
