job        : 38870
node       : soeepyc05
cluster    : soe   partition: SOE_main
results    : /vol_efthymios/NFS07/dd1136/T_and_C/result_summary
started    : 2026-08-26T16:40:05Z
model_run  : /vol_efthymios/NFS07/dd1136/T_and_C/model_run

model_run : /vol_efthymios/NFS07/dd1136/T_and_C/model_run
freq      : monthly
pair      : historical/*:*
stations  : 98

SKIPPED -- 40 pair(s):
  ! US-DPP    historical/GFDL-ESM4:fixed_lmaTypeError: expected str, bytes or os.PathLike object, not NoneType
  ! US-DPP    historical/IPSL-CM6A-LR:fixed_lmaTypeError: expected str, bytes or os.PathLike object, not NoneType
  ! US-DPP    historical/MPI-ESM1-2-HR:fixed_lmaTypeError: expected str, bytes or os.PathLike object, not NoneType
  ! US-DPP    historical/MRI-ESM2-0:fixed_lmaTypeError: expected str, bytes or os.PathLike object, not NoneType
  ! US-DPP    historical/UKESM1-0-LL:fixed_lmaTypeError: expected str, bytes or os.PathLike object, not NoneType
  ! US-MtB    historical/GFDL-ESM4:fixed_lmaTypeError: expected str, bytes or os.PathLike object, not NoneType
  ! US-MtB    historical/IPSL-CM6A-LR:fixed_lmaTypeError: expected str, bytes or os.PathLike object, not NoneType
  ! US-MtB    historical/MPI-ESM1-2-HR:fixed_lmaTypeError: expected str, bytes or os.PathLike object, not NoneType
  ! US-MtB    historical/MRI-ESM2-0:fixed_lmaTypeError: expected str, bytes or os.PathLike object, not NoneType
  ! US-MtB    historical/UKESM1-0-LL:fixed_lmaTypeError: expected str, bytes or os.PathLike object, not NoneType
  ! US-NMj    historical/GFDL-ESM4:fixed_lmaTypeError: expected str, bytes or os.PathLike object, not NoneType
  ! US-NMj    historical/IPSL-CM6A-LR:fixed_lmaTypeError: expected str, bytes or os.PathLike object, not NoneType
  ! US-NMj    historical/MPI-ESM1-2-HR:fixed_lmaTypeError: expected str, bytes or os.PathLike object, not NoneType
  ! US-NMj    historical/MRI-ESM2-0:fixed_lmaTypeError: expected str, bytes or os.PathLike object, not NoneType
  ! US-NMj    historical/UKESM1-0-LL:fixed_lmaTypeError: expected str, bytes or os.PathLike object, not NoneType
  ! US-SHC    historical/GFDL-ESM4:fixed_lmaTypeError: expected str, bytes or os.PathLike object, not NoneType
  ! US-SHC    historical/IPSL-CM6A-LR:fixed_lmaTypeError: expected str, bytes or os.PathLike object, not NoneType
  ! US-SHC    historical/MPI-ESM1-2-HR:fixed_lmaTypeError: expected str, bytes or os.PathLike object, not NoneType
  ! US-SHC    historical/MRI-ESM2-0:fixed_lmaTypeError: expected str, bytes or os.PathLike object, not NoneType
  ! US-SHC    historical/UKESM1-0-LL:fixed_lmaTypeError: expected str, bytes or os.PathLike object, not NoneType
  ... and 20 more

variable         1        2        3        4        5        6        7        8        9       10       11       12
LAI_H        0.73%    0.75%    1.09%    2.01%    3.61%    5.47%    6.09%    6.09%    5.67%    4.77%    2.77%    0.76%
GPP          0.02%    0.03%    0.33%    0.89%    3.06%    4.28%    3.74%    2.75%    1.56%    0.94%    0.41%    0.09%
NPP          0.09%    0.11%    0.41%    1.05%    3.45%    4.87%    4.40%    3.33%    1.95%    1.10%    0.45%    0.13%
ET           0.29%    0.29%    0.64%    1.36%    1.87%    2.63%    2.89%    2.30%    1.65%    1.08%    0.49%    0.32%
T            0.04%    0.05%    0.39%    1.06%    3.03%    4.08%    4.24%    3.32%    2.42%    1.48%    0.46%    0.08%
EG           0.19%    0.40%    1.84%    4.88%    5.84%    4.90%    3.58%    2.44%    1.90%    1.62%    0.90%    0.27%
EIn          0.15%    0.15%    0.55%    1.38%    3.57%    5.17%    4.71%    4.37%    3.48%    2.39%    1.46%    0.40%
Lk           0.56%    0.44%    0.45%    0.84%    2.01%    1.48%    0.74%    0.43%    0.30%    0.31%    0.46%    0.65%
QE           0.23%    0.24%    0.54%    1.31%    1.83%    2.68%    2.84%    2.26%    1.68%    1.03%    0.42%    0.26%
H            0.21%    0.27%    0.61%    1.13%    1.30%    1.88%    2.01%    1.60%    1.23%    0.76%    0.37%    0.23%
Rn           0.05%    0.04%    0.09%    0.13%    0.14%    0.14%    0.15%    0.13%    0.11%    0.08%    0.06%    0.06%
Tfrac        0.05%    0.04%    0.27%    0.51%    1.05%    0.56%    0.29%    0.28%    0.37%    0.52%    0.66%    0.24%
Bowen        1.58%    1.54%    2.86%    2.59%    1.59%    1.27%    1.15%    1.13%    1.29%    1.46%    1.61%    1.37%
WUE          0.10%    0.07%    0.32%    0.47%    1.18%    0.83%    0.46%    0.45%    0.51%    0.66%    1.23%    0.55%

425 pair(s), 2141916 row(s) -> /vol_efthymios/NFS07/dd1136/T_and_C/result_summary/gcm_monthly_historical.csv

finished   : 2026-08-26T17:04:50Z
exit status: 1  (1 = at least one pair was skipped; read the list above)
