job        : 39648
node       : soenode76
cluster    : soe   partition: SOE_legacy
results    : /vol_efthymios/NFS07/dd1136/T_and_C/result_summary
started    : 2026-08-27T00:35:06Z
model_run  : /vol_efthymios/NFS07/dd1136/T_and_C/model_run

model_run : /vol_efthymios/NFS07/dd1136/T_and_C/model_run
freq      : annual
pair      : ssp585/*:*
stations  : 98

SKIPPED -- 50 pair(s):
  ! US-CPk    ssp585/GFDL-ESM4:fixed_lma  one arm has no RES
  ! US-CPk    ssp585/IPSL-CM6A-LR:fixed_lmaone arm has no RES
  ! US-CPk    ssp585/MPI-ESM1-2-HR:fixed_lmaone arm has no RES
  ! US-CPk    ssp585/MRI-ESM2-0:fixed_lma one arm has no RES
  ! US-CPk    ssp585/UKESM1-0-LL:fixed_lmaone arm has no RES
  ! US-CZ2    ssp585/GFDL-ESM4:fixed_lma  one arm has no RES
  ! US-CZ2    ssp585/IPSL-CM6A-LR:fixed_lmaone arm has no RES
  ! US-CZ2    ssp585/MPI-ESM1-2-HR:fixed_lmaone arm has no RES
  ! US-CZ2    ssp585/MRI-ESM2-0:fixed_lma one arm has no RES
  ! US-CZ2    ssp585/UKESM1-0-LL:fixed_lmaone arm has no RES
  ! US-DPP    ssp585/GFDL-ESM4:fixed_lma  one arm has no RES
  ! US-DPP    ssp585/IPSL-CM6A-LR:fixed_lmaone arm has no RES
  ! US-DPP    ssp585/MPI-ESM1-2-HR:fixed_lmaone arm has no RES
  ! US-DPP    ssp585/MRI-ESM2-0:fixed_lma one arm has no RES
  ! US-DPP    ssp585/UKESM1-0-LL:fixed_lmaone arm has no RES
  ! US-NMj    ssp585/GFDL-ESM4:fixed_lma  one arm has no RES
  ! US-NMj    ssp585/IPSL-CM6A-LR:fixed_lmaone arm has no RES
  ! US-NMj    ssp585/MPI-ESM1-2-HR:fixed_lmaone arm has no RES
  ! US-NMj    ssp585/MRI-ESM2-0:fixed_lma one arm has no RES
  ! US-NMj    ssp585/UKESM1-0-LL:fixed_lmaone arm has no RES
  ... and 30 more

variable       ANN
LAI_H        6.68%
GPP          1.29%
NPP          1.55%
ET           1.39%
T            1.90%
EG           4.04%
EIn          4.61%
Lk           2.58%
QE           1.34%
H            1.19%
Rn           0.12%
Tfrac        0.61%
Bowen        4.67%
WUE          1.36%
Ta           0.00%
Pr           0.00%

410 pair(s), 564160 row(s) -> /vol_efthymios/NFS07/dd1136/T_and_C/result_summary/gcm_annual_ssp585.csv

finished   : 2026-08-27T01:27:07Z
exit status: 1  (1 = at least one pair was skipped; read the list above)
