job        : 38874
node       : soeepyc07
cluster    : soe   partition: SOE_main
results    : /vol_efthymios/NFS07/dd1136/T_and_C/result_summary
started    : 2026-08-26T16:40:05Z
model_run  : /vol_efthymios/NFS07/dd1136/T_and_C/model_run

model_run : /vol_efthymios/NFS07/dd1136/T_and_C/model_run
freq      : seasonal
pair      : historical/*:*
stations  : 98

SKIPPED -- 40 pair(s):
  ! US-DPP    historical/GFDL-ESM4:fixed_lmaTypeError: expected str, bytes or os.PathLike object, not NoneType
  ! US-DPP    historical/IPSL-CM6A-LR:fixed_lmaTypeError: expected str, bytes or os.PathLike object, not NoneType
  ! US-DPP    historical/MPI-ESM1-2-HR:fixed_lmaTypeError: expected str, bytes or os.PathLike object, not NoneType
  ! US-DPP    historical/MRI-ESM2-0:fixed_lmaTypeError: expected str, bytes or os.PathLike object, not NoneType
  ! US-DPP    historical/UKESM1-0-LL:fixed_lmaTypeError: expected str, bytes or os.PathLike object, not NoneType
  ! US-MtB    historical/GFDL-ESM4:fixed_lmaTypeError: expected str, bytes or os.PathLike object, not NoneType
  ! US-MtB    historical/IPSL-CM6A-LR:fixed_lmaTypeError: expected str, bytes or os.PathLike object, not NoneType
  ! US-MtB    historical/MPI-ESM1-2-HR:fixed_lmaTypeError: expected str, bytes or os.PathLike object, not NoneType
  ! US-MtB    historical/MRI-ESM2-0:fixed_lmaTypeError: expected str, bytes or os.PathLike object, not NoneType
  ! US-MtB    historical/UKESM1-0-LL:fixed_lmaTypeError: expected str, bytes or os.PathLike object, not NoneType
  ! US-NMj    historical/GFDL-ESM4:fixed_lmaTypeError: expected str, bytes or os.PathLike object, not NoneType
  ! US-NMj    historical/IPSL-CM6A-LR:fixed_lmaTypeError: expected str, bytes or os.PathLike object, not NoneType
  ! US-NMj    historical/MPI-ESM1-2-HR:fixed_lmaTypeError: expected str, bytes or os.PathLike object, not NoneType
  ! US-NMj    historical/MRI-ESM2-0:fixed_lmaTypeError: expected str, bytes or os.PathLike object, not NoneType
  ! US-NMj    historical/UKESM1-0-LL:fixed_lmaTypeError: expected str, bytes or os.PathLike object, not NoneType
  ! US-SHC    historical/GFDL-ESM4:fixed_lmaTypeError: expected str, bytes or os.PathLike object, not NoneType
  ! US-SHC    historical/IPSL-CM6A-LR:fixed_lmaTypeError: expected str, bytes or os.PathLike object, not NoneType
  ! US-SHC    historical/MPI-ESM1-2-HR:fixed_lmaTypeError: expected str, bytes or os.PathLike object, not NoneType
  ! US-SHC    historical/MRI-ESM2-0:fixed_lmaTypeError: expected str, bytes or os.PathLike object, not NoneType
  ! US-SHC    historical/UKESM1-0-LL:fixed_lmaTypeError: expected str, bytes or os.PathLike object, not NoneType
  ... and 20 more

variable       DJF      MAM      JJA      SON
LAI_H        0.59%    2.42%    5.98%    4.72%
GPP          0.06%    1.59%    2.88%    0.98%
NPP          0.09%    1.80%    3.66%    1.19%
ET           0.26%    1.20%    2.38%    1.06%
T            0.06%    1.64%    3.49%    1.47%
EG           0.33%    3.94%    4.21%    1.63%
EIn          0.29%    2.26%    5.32%    2.87%
Lk           0.84%    1.81%    1.31%    0.66%
QE           0.23%    1.13%    2.37%    1.04%
H            0.22%    0.93%    1.67%    0.77%
Rn           0.07%    0.14%    0.14%    0.08%
Tfrac        0.18%    0.88%    0.37%    0.48%
Bowen        2.00%    2.84%    1.26%    1.67%
WUE          0.37%    1.06%    0.73%    0.90%

425 pair(s), 719950 row(s) -> /vol_efthymios/NFS07/dd1136/T_and_C/result_summary/gcm_seasonal_historical.csv

finished   : 2026-08-26T17:04:38Z
exit status: 1  (1 = at least one pair was skipped; read the list above)
