job        : 38876
node       : soeepyc07
cluster    : soe   partition: SOE_main
results    : /vol_efthymios/NFS07/dd1136/T_and_C/result_summary
started    : 2026-08-26T16:40:05Z
model_run  : /vol_efthymios/NFS07/dd1136/T_and_C/model_run

model_run : /vol_efthymios/NFS07/dd1136/T_and_C/model_run
freq      : seasonal
pair      : ssp585/*:*
stations  : 98

SKIPPED -- 50 pair(s):
  ! US-CPk    ssp585/GFDL-ESM4:fixed_lma  TypeError: expected str, bytes or os.PathLike object, not NoneType
  ! US-CPk    ssp585/IPSL-CM6A-LR:fixed_lmaTypeError: expected str, bytes or os.PathLike object, not NoneType
  ! US-CPk    ssp585/MPI-ESM1-2-HR:fixed_lmaTypeError: expected str, bytes or os.PathLike object, not NoneType
  ! US-CPk    ssp585/MRI-ESM2-0:fixed_lma TypeError: expected str, bytes or os.PathLike object, not NoneType
  ! US-CPk    ssp585/UKESM1-0-LL:fixed_lmaTypeError: expected str, bytes or os.PathLike object, not NoneType
  ! US-CZ2    ssp585/GFDL-ESM4:fixed_lma  TypeError: expected str, bytes or os.PathLike object, not NoneType
  ! US-CZ2    ssp585/IPSL-CM6A-LR:fixed_lmaTypeError: expected str, bytes or os.PathLike object, not NoneType
  ! US-CZ2    ssp585/MPI-ESM1-2-HR:fixed_lmaTypeError: expected str, bytes or os.PathLike object, not NoneType
  ! US-CZ2    ssp585/MRI-ESM2-0:fixed_lma TypeError: expected str, bytes or os.PathLike object, not NoneType
  ! US-CZ2    ssp585/UKESM1-0-LL:fixed_lmaTypeError: expected str, bytes or os.PathLike object, not NoneType
  ! US-DPP    ssp585/GFDL-ESM4:fixed_lma  TypeError: expected str, bytes or os.PathLike object, not NoneType
  ! US-DPP    ssp585/IPSL-CM6A-LR:fixed_lmaTypeError: expected str, bytes or os.PathLike object, not NoneType
  ! US-DPP    ssp585/MPI-ESM1-2-HR:fixed_lmaTypeError: expected str, bytes or os.PathLike object, not NoneType
  ! US-DPP    ssp585/MRI-ESM2-0:fixed_lma TypeError: expected str, bytes or os.PathLike object, not NoneType
  ! US-DPP    ssp585/UKESM1-0-LL:fixed_lmaTypeError: expected str, bytes or os.PathLike object, not NoneType
  ! US-NMj    ssp585/GFDL-ESM4:fixed_lma  TypeError: expected str, bytes or os.PathLike object, not NoneType
  ! US-NMj    ssp585/IPSL-CM6A-LR:fixed_lmaTypeError: expected str, bytes or os.PathLike object, not NoneType
  ! US-NMj    ssp585/MPI-ESM1-2-HR:fixed_lmaTypeError: expected str, bytes or os.PathLike object, not NoneType
  ! US-NMj    ssp585/MRI-ESM2-0:fixed_lma TypeError: expected str, bytes or os.PathLike object, not NoneType
  ! US-NMj    ssp585/UKESM1-0-LL:fixed_lmaTypeError: expected str, bytes or os.PathLike object, not NoneType
  ... and 30 more

variable       DJF      MAM      JJA      SON
LAI_H        1.18%    4.60%    9.19%    6.87%
GPP          0.13%    2.52%    3.22%    1.00%
NPP          0.17%    2.94%    4.11%    1.31%
ET           0.42%    1.88%    3.33%    1.50%
T            0.15%    2.95%    5.10%    2.10%
EG           0.81%    5.91%    6.04%    2.19%
EIn          0.63%    4.04%    6.97%    3.78%
Lk           1.62%    2.34%    1.52%    0.65%
QE           0.36%    1.82%    3.31%    1.49%
H            0.37%    1.57%    2.81%    1.23%
Rn           0.08%    0.17%    0.21%    0.14%
Tfrac        0.36%    1.36%    0.56%    0.62%
Bowen        3.02%    3.56%    2.53%    3.02%
WUE          0.84%    1.73%    1.39%    1.98%

410 pair(s), 1980300 row(s) -> /vol_efthymios/NFS07/dd1136/T_and_C/result_summary/gcm_seasonal_ssp585.csv

finished   : 2026-08-26T17:29:23Z
exit status: 1  (1 = at least one pair was skipped; read the list above)
