job        : 38872
node       : soeepyc05
cluster    : soe   partition: SOE_main
results    : /vol_efthymios/NFS07/dd1136/T_and_C/result_summary
started    : 2026-08-26T16:40:05Z
model_run  : /vol_efthymios/NFS07/dd1136/T_and_C/model_run

model_run : /vol_efthymios/NFS07/dd1136/T_and_C/model_run
freq      : monthly
pair      : ssp585/*:*
stations  : 98

SKIPPED -- 50 pair(s):
  ! US-CPk    ssp585/GFDL-ESM4:fixed_lma  TypeError: expected str, bytes or os.PathLike object, not NoneType
  ! US-CPk    ssp585/IPSL-CM6A-LR:fixed_lmaTypeError: expected str, bytes or os.PathLike object, not NoneType
  ! US-CPk    ssp585/MPI-ESM1-2-HR:fixed_lmaTypeError: expected str, bytes or os.PathLike object, not NoneType
  ! US-CPk    ssp585/MRI-ESM2-0:fixed_lma TypeError: expected str, bytes or os.PathLike object, not NoneType
  ! US-CPk    ssp585/UKESM1-0-LL:fixed_lmaTypeError: expected str, bytes or os.PathLike object, not NoneType
  ! US-CZ2    ssp585/GFDL-ESM4:fixed_lma  TypeError: expected str, bytes or os.PathLike object, not NoneType
  ! US-CZ2    ssp585/IPSL-CM6A-LR:fixed_lmaTypeError: expected str, bytes or os.PathLike object, not NoneType
  ! US-CZ2    ssp585/MPI-ESM1-2-HR:fixed_lmaTypeError: expected str, bytes or os.PathLike object, not NoneType
  ! US-CZ2    ssp585/MRI-ESM2-0:fixed_lma TypeError: expected str, bytes or os.PathLike object, not NoneType
  ! US-CZ2    ssp585/UKESM1-0-LL:fixed_lmaTypeError: expected str, bytes or os.PathLike object, not NoneType
  ! US-DPP    ssp585/GFDL-ESM4:fixed_lma  TypeError: expected str, bytes or os.PathLike object, not NoneType
  ! US-DPP    ssp585/IPSL-CM6A-LR:fixed_lmaTypeError: expected str, bytes or os.PathLike object, not NoneType
  ! US-DPP    ssp585/MPI-ESM1-2-HR:fixed_lmaTypeError: expected str, bytes or os.PathLike object, not NoneType
  ! US-DPP    ssp585/MRI-ESM2-0:fixed_lma TypeError: expected str, bytes or os.PathLike object, not NoneType
  ! US-DPP    ssp585/UKESM1-0-LL:fixed_lmaTypeError: expected str, bytes or os.PathLike object, not NoneType
  ! US-NMj    ssp585/GFDL-ESM4:fixed_lma  TypeError: expected str, bytes or os.PathLike object, not NoneType
  ! US-NMj    ssp585/IPSL-CM6A-LR:fixed_lmaTypeError: expected str, bytes or os.PathLike object, not NoneType
  ! US-NMj    ssp585/MPI-ESM1-2-HR:fixed_lmaTypeError: expected str, bytes or os.PathLike object, not NoneType
  ! US-NMj    ssp585/MRI-ESM2-0:fixed_lma TypeError: expected str, bytes or os.PathLike object, not NoneType
  ! US-NMj    ssp585/UKESM1-0-LL:fixed_lmaTypeError: expected str, bytes or os.PathLike object, not NoneType
  ... and 30 more

variable         1        2        3        4        5        6        7        8        9       10       11       12
LAI_H        1.09%    1.12%    1.99%    4.08%    6.64%    8.69%    9.39%    9.37%    8.60%    6.90%    4.04%    1.47%
GPP          0.06%    0.05%    0.60%    1.81%    4.61%    5.10%    4.08%    2.80%    1.53%    0.92%    0.49%    0.17%
NPP          0.16%    0.19%    0.73%    2.11%    5.22%    5.84%    4.80%    3.53%    1.99%    1.19%    0.58%    0.22%
ET           0.51%    0.50%    1.11%    1.90%    3.20%    4.26%    4.35%    3.30%    2.30%    1.60%    0.81%    0.44%
T            0.10%    0.11%    0.83%    2.44%    5.36%    6.71%    6.70%    5.09%    3.48%    2.26%    0.73%    0.19%
EG           0.68%    1.03%    3.62%    6.84%    8.20%    7.27%    4.96%    3.31%    2.49%    2.05%    1.40%    0.65%
EIn          0.25%    0.22%    1.17%    2.86%    5.90%    6.76%    6.58%    6.02%    4.63%    3.15%    2.34%    0.87%
Lk           0.91%    0.82%    1.11%    1.90%    2.37%    1.64%    0.93%    0.56%    0.36%    0.30%    0.42%    0.82%
QE           0.41%    0.43%    1.00%    1.87%    3.15%    4.33%    4.28%    3.25%    2.34%    1.57%    0.73%    0.36%
H            0.41%    0.48%    1.07%    1.75%    2.49%    3.55%    3.54%    2.82%    2.02%    1.25%    0.64%    0.36%
Rn           0.08%    0.06%    0.13%    0.18%    0.23%    0.24%    0.25%    0.22%    0.18%    0.14%    0.10%    0.07%
Tfrac        0.16%    0.09%    0.60%    1.36%    1.47%    0.83%    0.48%    0.50%    0.57%    0.68%    0.79%    0.45%
Bowen        2.56%    2.70%    3.72%    3.04%    2.53%    2.21%    1.98%    2.05%    2.35%    2.37%    2.25%    1.76%
WUE          0.39%    0.15%    0.79%    1.41%    1.79%    1.16%    1.07%    1.46%    1.67%    1.73%    1.80%    1.23%

410 pair(s), 5923173 row(s) -> /vol_efthymios/NFS07/dd1136/T_and_C/result_summary/gcm_monthly_ssp585.csv

finished   : 2026-08-26T17:29:54Z
exit status: 1  (1 = at least one pair was skipped; read the list above)
