job        : 38854
node       : soeepyc13
cluster    : soe   partition: SOE_main
results    : /vol_efthymios/NFS07/dd1136/T_and_C/result_summary
started    : 2026-08-26T15:38:20Z
model_run  : /vol_efthymios/NFS07/dd1136/T_and_C/model_run

model_run : /vol_efthymios/NFS07/dd1136/T_and_C/model_run
freq      : monthly
pair      : ssp126/*:*
stations  : 98

SKIPPED -- 50 pair(s):
  ! US-CPk    ssp126/GFDL-ESM4:fixed_lma  TypeError: expected str, bytes or os.PathLike object, not NoneType
  ! US-CPk    ssp126/IPSL-CM6A-LR:fixed_lmaTypeError: expected str, bytes or os.PathLike object, not NoneType
  ! US-CPk    ssp126/MPI-ESM1-2-HR:fixed_lmaTypeError: expected str, bytes or os.PathLike object, not NoneType
  ! US-CPk    ssp126/MRI-ESM2-0:fixed_lma TypeError: expected str, bytes or os.PathLike object, not NoneType
  ! US-CPk    ssp126/UKESM1-0-LL:fixed_lmaTypeError: expected str, bytes or os.PathLike object, not NoneType
  ! US-CZ2    ssp126/GFDL-ESM4:fixed_lma  TypeError: expected str, bytes or os.PathLike object, not NoneType
  ! US-CZ2    ssp126/IPSL-CM6A-LR:fixed_lmaTypeError: expected str, bytes or os.PathLike object, not NoneType
  ! US-CZ2    ssp126/MPI-ESM1-2-HR:fixed_lmaTypeError: expected str, bytes or os.PathLike object, not NoneType
  ! US-CZ2    ssp126/MRI-ESM2-0:fixed_lma TypeError: expected str, bytes or os.PathLike object, not NoneType
  ! US-CZ2    ssp126/UKESM1-0-LL:fixed_lmaTypeError: expected str, bytes or os.PathLike object, not NoneType
  ! US-DPP    ssp126/GFDL-ESM4:fixed_lma  TypeError: expected str, bytes or os.PathLike object, not NoneType
  ! US-DPP    ssp126/IPSL-CM6A-LR:fixed_lmaTypeError: expected str, bytes or os.PathLike object, not NoneType
  ! US-DPP    ssp126/MPI-ESM1-2-HR:fixed_lmaTypeError: expected str, bytes or os.PathLike object, not NoneType
  ! US-DPP    ssp126/MRI-ESM2-0:fixed_lma TypeError: expected str, bytes or os.PathLike object, not NoneType
  ! US-DPP    ssp126/UKESM1-0-LL:fixed_lmaTypeError: expected str, bytes or os.PathLike object, not NoneType
  ! US-NMj    ssp126/GFDL-ESM4:fixed_lma  TypeError: expected str, bytes or os.PathLike object, not NoneType
  ! US-NMj    ssp126/IPSL-CM6A-LR:fixed_lmaTypeError: expected str, bytes or os.PathLike object, not NoneType
  ! US-NMj    ssp126/MPI-ESM1-2-HR:fixed_lmaTypeError: expected str, bytes or os.PathLike object, not NoneType
  ! US-NMj    ssp126/MRI-ESM2-0:fixed_lma TypeError: expected str, bytes or os.PathLike object, not NoneType
  ! US-NMj    ssp126/UKESM1-0-LL:fixed_lmaTypeError: expected str, bytes or os.PathLike object, not NoneType
  ... and 30 more

variable         1        2        3        4        5        6        7        8        9       10       11       12
LAI_H       11.31%    9.57%   11.34%   20.73%   14.19%   12.34%   12.82%   13.12%   13.89%   17.20%   37.03%   46.77%
GPP        479.03%  976.25%   11.75%   14.95%   11.48%  476.07%   18.34%   27.90%  172.05%  201.35%  151.54%   59.18%
NPP         12.81%   15.08%   21.31%11843399.18%19561484.70%8431143.22%5843049.28%2656530.55%934911.91%833909.57%   21.58%   30.72%
ET           3.77%    3.65%    4.54%    4.26%    3.95%  128.97%    5.87%    5.03%    5.71%    7.22%    4.36%    3.62%
T           27.79%   50.69%   13.53%   14.47%    8.19%    7.33%    8.65%    8.03%    9.47%   12.72%   19.04%  695.20%
EG       648843.19%6310161.30% 5192.81%   15.34%   19.68%   63.10% 7749.81% 1274.74%  131.05%   55.07%   20.51% 5281.67%
EIn         64.03%   18.51%   43.59%  268.27%   86.65%  214.68%   23.57%  725.36% 1830.08%  949.67%  330.55% 2152.55%
Lk       93115340857.42%50242271867.95%20876266357.75%11242156965.90%15522619288.65%19377803140.54%30480859233.54%97325805274.21%132609960042.73%148325735932.04%108722555938.81%93667712498.47%
QE           3.31%    3.23%    4.29%    4.17%    3.92%  129.07%    5.86%    5.02%    5.71%    7.18%    4.07%    3.30%
H           16.92%   10.41%    7.16%    2.89%    2.41%    3.30%    4.24%    4.54%    4.37%    6.00%   23.49%   21.97%
Rn           6.77%    4.77%    1.32%    0.88%    0.69%    0.57%    0.58%    0.61%    0.64%    0.71%    7.11%    8.50%
Tfrac       38.47%  359.84%   10.79%   12.64%    5.69%    3.93%    3.39%    3.41%    3.81%    5.87%   21.02% 2489.23%
Bowen       90.44%   31.43%   26.79%   24.22%   21.85%   18.23%   19.75%   21.42%   23.39%   24.81%   35.05%   48.81%
WUE        271.25%  577.30%   11.75%   13.29%    8.89%   48.09%   10.83%   15.79%   42.69%   29.65%   97.23%  148.86%

410 pair(s), 5923404 row(s) -> /vol_efthymios/NFS07/dd1136/T_and_C/result_summary/gcm_monthly_ssp126.csv

finished   : 2026-08-26T16:27:42Z
exit status: 1  (1 = at least one pair was skipped; read the list above)
