job        : 38869
node       : soeepyc05
cluster    : soe   partition: SOE_main
results    : /vol_efthymios/NFS07/dd1136/T_and_C/result_summary
started    : 2026-08-26T16:40:05Z
model_run  : /vol_efthymios/NFS07/dd1136/T_and_C/model_run

model_run : /vol_efthymios/NFS07/dd1136/T_and_C/model_run
freq      : monthly
pair      : era5_land:*_ic
stations  : 98

variable         1        2        3        4        5        6        7        8        9       10       11       12
LAI_H        1.15%    1.16%    1.60%    3.03%    4.86%    6.50%    7.29%    7.68%    7.38%    6.22%    3.37%    1.04%
GPP          0.07%    0.08%    0.45%    1.25%    3.74%    4.82%    4.67%    3.75%    2.14%    1.27%    0.50%    0.14%
NPP          0.13%    0.16%    0.57%    1.49%    4.28%    5.58%    5.25%    4.21%    2.46%    1.43%    0.54%    0.16%
ET           0.30%    0.29%    0.72%    1.54%    2.41%    3.23%    3.61%    2.77%    1.89%    1.24%    0.53%    0.31%
T            0.11%    0.12%    0.55%    1.57%    3.86%    5.07%    5.65%    4.43%    2.88%    1.83%    0.55%    0.12%
EG           0.01%    0.03%    1.32%    4.48%    6.91%    6.55%    5.50%    3.87%    2.88%    2.49%    0.93%    0.12%
EIn          0.02%    0.01%    0.44%    1.59%    5.08%    5.87%    5.94%    4.90%    3.57%    2.54%    1.08%    0.17%
Lk           0.36%    0.30%    0.53%    1.59%    2.62%    1.93%    0.70%    0.29%    0.18%    0.21%    0.29%    0.41%
QE           0.18%    0.15%    0.41%    1.29%    2.27%    3.28%    3.68%    2.80%    1.95%    1.13%    0.38%    0.21%
H            0.27%    0.26%    0.67%    1.65%    2.33%    3.39%    3.47%    2.74%    1.79%    1.16%    0.49%    0.33%
Rn           0.06%    0.05%    0.14%    0.24%    0.25%    0.23%    0.26%    0.20%    0.15%    0.11%    0.08%    0.08%
Tfrac        0.10%    0.07%    0.35%    0.74%    1.30%    0.80%    0.47%    0.44%    0.52%    0.80%    0.86%    0.32%
Bowen        1.12%    0.97%    2.12%    3.08%    3.26%    2.79%    2.30%    2.12%    2.32%    2.50%    1.82%    1.13%
WUE          0.13%    0.07%    0.35%    0.68%    1.38%    0.86%    0.52%    0.55%    0.76%    0.83%    1.14%    0.50%

92 pair(s), 556390 row(s) -> /vol_efthymios/NFS07/dd1136/T_and_C/result_summary/era5_monthly.csv

finished   : 2026-08-26T16:48:51Z
exit status: 0  (1 = at least one pair was skipped; read the list above)
