job        : 39639
node       : soenode78
cluster    : soe   partition: SOE_legacy
results    : /vol_efthymios/NFS07/dd1136/T_and_C/result_summary
started    : 2026-08-27T00:35:06Z
model_run  : /vol_efthymios/NFS07/dd1136/T_and_C/model_run

model_run : /vol_efthymios/NFS07/dd1136/T_and_C/model_run
freq      : monthly
pair      : ssp126/*:*
stations  : 98

SKIPPED -- 50 pair(s):
  ! US-CPk    ssp126/GFDL-ESM4:fixed_lma  one arm has no RES
  ! US-CPk    ssp126/IPSL-CM6A-LR:fixed_lmaone arm has no RES
  ! US-CPk    ssp126/MPI-ESM1-2-HR:fixed_lmaone arm has no RES
  ! US-CPk    ssp126/MRI-ESM2-0:fixed_lma one arm has no RES
  ! US-CPk    ssp126/UKESM1-0-LL:fixed_lmaone arm has no RES
  ! US-CZ2    ssp126/GFDL-ESM4:fixed_lma  one arm has no RES
  ! US-CZ2    ssp126/IPSL-CM6A-LR:fixed_lmaone arm has no RES
  ! US-CZ2    ssp126/MPI-ESM1-2-HR:fixed_lmaone arm has no RES
  ! US-CZ2    ssp126/MRI-ESM2-0:fixed_lma one arm has no RES
  ! US-CZ2    ssp126/UKESM1-0-LL:fixed_lmaone arm has no RES
  ! US-DPP    ssp126/GFDL-ESM4:fixed_lma  one arm has no RES
  ! US-DPP    ssp126/IPSL-CM6A-LR:fixed_lmaone arm has no RES
  ! US-DPP    ssp126/MPI-ESM1-2-HR:fixed_lmaone arm has no RES
  ! US-DPP    ssp126/MRI-ESM2-0:fixed_lma one arm has no RES
  ! US-DPP    ssp126/UKESM1-0-LL:fixed_lmaone arm has no RES
  ! US-NMj    ssp126/GFDL-ESM4:fixed_lma  one arm has no RES
  ! US-NMj    ssp126/IPSL-CM6A-LR:fixed_lmaone arm has no RES
  ! US-NMj    ssp126/MPI-ESM1-2-HR:fixed_lmaone arm has no RES
  ! US-NMj    ssp126/MRI-ESM2-0:fixed_lma one arm has no RES
  ! US-NMj    ssp126/UKESM1-0-LL:fixed_lmaone arm has no RES
  ... and 30 more

variable         1        2        3        4        5        6        7        8        9       10       11       12
LAI_H        0.85%    0.87%    1.56%    2.98%    5.46%    7.58%    8.50%    8.57%    7.92%    6.45%    3.72%    1.17%
GPP          0.03%    0.03%    0.47%    1.35%    4.36%    5.19%    4.38%    3.14%    1.73%    0.98%    0.48%    0.13%
NPP          0.12%    0.14%    0.57%    1.56%    4.92%    5.85%    5.05%    3.78%    2.15%    1.15%    0.51%    0.16%
ET           0.41%    0.38%    0.94%    1.70%    2.64%    3.62%    3.83%    2.97%    2.16%    1.45%    0.70%    0.39%
T            0.05%    0.06%    0.62%    1.75%    4.35%    5.55%    5.62%    4.40%    3.17%    1.98%    0.64%    0.13%
EG           0.40%    0.70%    3.01%    6.39%    7.51%    6.71%    4.90%    3.39%    2.46%    2.00%    1.25%    0.49%
EIn          0.17%    0.16%    0.86%    2.06%    5.54%    6.79%    6.52%    6.09%    4.37%    3.04%    2.11%    0.65%
Lk           0.91%    0.75%    0.90%    1.85%    2.65%    1.86%    0.96%    0.57%    0.41%    0.39%    0.54%    0.97%
QE           0.32%    0.32%    0.82%    1.67%    2.59%    3.68%    3.76%    2.94%    2.19%    1.41%    0.62%    0.32%
H            0.32%    0.38%    0.90%    1.53%    1.93%    2.83%    2.89%    2.36%    1.78%    1.11%    0.53%    0.32%
Rn           0.06%    0.05%    0.12%    0.16%    0.20%    0.19%    0.21%    0.18%    0.16%    0.11%    0.08%    0.06%
Tfrac        0.08%    0.05%    0.39%    0.95%    1.32%    0.68%    0.39%    0.39%    0.47%    0.63%    0.78%    0.35%
Bowen        2.29%    2.33%    3.81%    2.94%    2.19%    1.82%    1.61%    1.60%    1.92%    2.13%    1.98%    1.81%
WUE          0.20%    0.09%    0.53%    0.84%    1.58%    0.97%    0.65%    0.83%    1.14%    1.18%    1.49%    0.90%
Ta           0.00%    0.00%    0.00%    0.00%    0.00%    0.00%    0.00%    0.00%    0.00%    0.00%    0.00%    0.00%
Pr           0.00%    0.00%    0.00%    0.00%    0.00%    0.00%    0.00%    0.00%    0.00%    0.00%    0.00%    0.00%

410 pair(s), 6769644 row(s) -> /vol_efthymios/NFS07/dd1136/T_and_C/result_summary/gcm_monthly_ssp126.csv

finished   : 2026-08-27T01:28:15Z
exit status: 1  (1 = at least one pair was skipped; read the list above)
