job        : 38852
node       : soeepyc13
cluster    : soe   partition: SOE_main
results    : /vol_efthymios/NFS07/dd1136/T_and_C/result_summary
started    : 2026-08-26T15:38:20Z
model_run  : /vol_efthymios/NFS07/dd1136/T_and_C/model_run

model_run : /vol_efthymios/NFS07/dd1136/T_and_C/model_run
freq      : monthly
pair      : era5_land:*_ic
stations  : 98

variable         1        2        3        4        5        6        7        8        9       10       11       12
LAI_H        8.28%    7.92%    8.78%   11.41%   10.03%    8.04%    7.88%    7.74%    7.49%    7.21%    7.10%    8.07%
GPP        311.95%  285.34%   88.41%   14.05%    8.23%   12.13%    5.06%    9.50%   10.71%   12.45%   10.52%   42.56%
NPP         15.47%   14.49%   11.38%   27.38%    9.79%    5.48%   18.07%   14.51%   17.04%   13.24%   14.80%   19.02%
ET           2.48%    2.31%    2.94%    3.34%    3.21%    3.00%    2.65%    2.60%    2.89%    3.24%    2.43%    2.14%
T         1007.76% 2754.02%   18.35%   11.55%    6.13%    4.10%    3.42%    3.32%    3.97%    4.87%    5.63%   18.74%
EG       10421.63%   17.48%   11.34%  136.64%    8.33%    9.81%   12.96%   13.90%   11.79%   10.24%   90.34%  339.41%
EIn         12.79%    7.60%   15.36%   11.88%   32.83%    8.60%    5.49%    5.69%    6.72%    4.78%    8.81%   24.99%
Lk       158253.89%50465967.14%47987864.03%44196.08%86431.60%4480939.92% 1598.75% 6406.18%  232.59% 2336.73% 2856.19% 1393.69%
QE           1.73%    1.57%    2.25%    3.34%    4.09%    3.41%    2.74%    2.64%    2.87%    3.06%    1.90%    1.63%
H           15.87%    7.74%   10.52%   13.06%    6.86%    3.29%    3.15%    2.95%    2.77%    3.58%   22.47%   10.06%
Rn           7.42%    2.19%    1.83%    1.68%    1.26%    0.45%    0.29%    0.25%    0.23%    0.33%    2.02%    6.22%
Tfrac     1262.25%  764.41%   12.17%    9.32%    3.28%    1.24%    0.86%    0.79%    1.00%    1.50%    2.81%   18.17%
Bowen       17.46%   15.66%   21.29%   14.86%   16.93%    8.84%    6.89%    6.90%    6.95%    8.81%   36.74%   22.12%
WUE        273.08%  279.45%   66.90%   13.04%    6.05%    6.07%    4.00%    7.97%    8.26%   10.21%    8.52%   35.23%

92 pair(s), 556390 row(s) -> /vol_efthymios/NFS07/dd1136/T_and_C/result_summary/era5_monthly.csv

finished   : 2026-08-26T15:47:11Z
exit status: 0  (1 = at least one pair was skipped; read the list above)
