job        : 39647
node       : soenode76
cluster    : soe   partition: SOE_legacy
results    : /vol_efthymios/NFS07/dd1136/T_and_C/result_summary
started    : 2026-08-27T00:35:06Z
model_run  : /vol_efthymios/NFS07/dd1136/T_and_C/model_run

model_run : /vol_efthymios/NFS07/dd1136/T_and_C/model_run
freq      : annual
pair      : ssp126/*:*
stations  : 98

SKIPPED -- 50 pair(s):
  ! US-CPk    ssp126/GFDL-ESM4:fixed_lma  one arm has no RES
  ! US-CPk    ssp126/IPSL-CM6A-LR:fixed_lmaone arm has no RES
  ! US-CPk    ssp126/MPI-ESM1-2-HR:fixed_lmaone arm has no RES
  ! US-CPk    ssp126/MRI-ESM2-0:fixed_lma one arm has no RES
  ! US-CPk    ssp126/UKESM1-0-LL:fixed_lmaone arm has no RES
  ! US-CZ2    ssp126/GFDL-ESM4:fixed_lma  one arm has no RES
  ! US-CZ2    ssp126/IPSL-CM6A-LR:fixed_lmaone arm has no RES
  ! US-CZ2    ssp126/MPI-ESM1-2-HR:fixed_lmaone arm has no RES
  ! US-CZ2    ssp126/MRI-ESM2-0:fixed_lma one arm has no RES
  ! US-CZ2    ssp126/UKESM1-0-LL:fixed_lmaone arm has no RES
  ! US-DPP    ssp126/GFDL-ESM4:fixed_lma  one arm has no RES
  ! US-DPP    ssp126/IPSL-CM6A-LR:fixed_lmaone arm has no RES
  ! US-DPP    ssp126/MPI-ESM1-2-HR:fixed_lmaone arm has no RES
  ! US-DPP    ssp126/MRI-ESM2-0:fixed_lma one arm has no RES
  ! US-DPP    ssp126/UKESM1-0-LL:fixed_lmaone arm has no RES
  ! US-NMj    ssp126/GFDL-ESM4:fixed_lma  one arm has no RES
  ! US-NMj    ssp126/IPSL-CM6A-LR:fixed_lmaone arm has no RES
  ! US-NMj    ssp126/MPI-ESM1-2-HR:fixed_lmaone arm has no RES
  ! US-NMj    ssp126/MRI-ESM2-0:fixed_lma one arm has no RES
  ! US-NMj    ssp126/UKESM1-0-LL:fixed_lmaone arm has no RES
  ... and 30 more

variable       ANN
LAI_H        5.87%
GPP          1.36%
NPP          1.59%
ET           1.32%
T            1.75%
EG           3.59%
EIn          4.44%
Lk           2.36%
QE           1.27%
H            1.12%
Rn           0.10%
Tfrac        0.57%
Bowen        3.96%
WUE          1.09%
Ta           0.00%
Pr           0.00%

410 pair(s), 564160 row(s) -> /vol_efthymios/NFS07/dd1136/T_and_C/result_summary/gcm_annual_ssp126.csv

finished   : 2026-08-27T01:27:02Z
exit status: 1  (1 = at least one pair was skipped; read the list above)
