job        : 35578
node       : soeepyc05
started    : 2026-08-08T18:12:08Z
sources    : badm,ssurgo,polaris,soilgrids
badm dir   : /vol_efthymios/NFS07/dd1136/T_and_C/input_data/ameriflux
root depth : /vol_efthymios/NFS07/dd1136/T_and_C/input_data/root_depth/root_depth_schenk_jackson.csv
output     : /vol_efthymios/NFS07/dd1136/T_and_C/input_data/soil

SDA reachable

stations   : 101 (17 excluded)
sources    : badm,ssurgo,polaris,soilgrids
ZR95 known : 117 station(s) from /vol_efthymios/NFS07/dd1136/T_and_C/input_data/root_depth/root_depth_schenk_jackson.csv
depth      : 1000-5000 mm
output     : /vol_efthymios/NFS07/dd1136/T_and_C/input_data/soil

  US-Bar   ! RuntimeError: SDA query failed after 3 attempts: HTTP Error 400: Bad Request
  US-Blk   ! RuntimeError: SDA query failed after 3 attempts: HTTP Error 400: Bad Request
  US-CPF   ! RuntimeError: SDA query failed after 3 attempts: HTTP Error 400: Bad Request
  US-CPk   ! RuntimeError: SDA query failed after 3 attempts: HTTP Error 400: Bad Request
  US-CRK   ! RuntimeError: SDA query failed after 3 attempts: HTTP Error 400: Bad Request
  US-CS2   ! RuntimeError: SDA query failed after 3 attempts: HTTP Error 400: Bad Request
  US-CZ2   ! RuntimeError: SDA query failed after 3 attempts: HTTP Error 400: Bad Request
  US-CZ3   ! RuntimeError: SDA query failed after 3 attempts: HTTP Error 400: Bad Request
  US-CZ4   ! RuntimeError: SDA query failed after 3 attempts: HTTP Error 400: Bad Request
  US-ChR   ! RuntimeError: SDA query failed after 3 attempts: HTTP Error 400: Bad Request
  US-Cst   ! RuntimeError: SDA query failed after 3 attempts: HTTP Error 400: Bad Request
  US-Cwt   ! RuntimeError: SDA query failed after 3 attempts: HTTP Error 400: Bad Request
  US-DPP   ! RuntimeError: SDA query failed after 3 attempts: HTTP Error 400: Bad Request
  US-Dk2   ! RuntimeError: SDA query failed after 3 attempts: HTTP Error 400: Bad Request
  US-Dk3   ! RuntimeError: SDA query failed after 3 attempts: HTTP Error 400: Bad Request
  US-Fmf   ! RuntimeError: SDA query failed after 3 attempts: HTTP Error 400: Bad Request
  US-Fuf   ! RuntimeError: SDA query failed after 3 attempts: HTTP Error 400: Bad Request
  US-GBT   ! RuntimeError: SDA query failed after 3 attempts: HTTP Error 400: Bad Request
  US-GLE   ! RuntimeError: SDA query failed after 3 attempts: HTTP Error 400: Bad Request
  US-HB2   ! RuntimeError: SDA query failed after 3 attempts: HTTP Error 400: Bad Request
  US-HB3   ! RuntimeError: SDA query failed after 3 attempts: HTTP Error 400: Bad Request
  US-HBK   ! RuntimeError: SDA query failed after 3 attempts: HTTP Error 400: Bad Request
  US-Ha1   ! RuntimeError: SDA query failed after 3 attempts: HTTP Error 400: Bad Request
  US-Ha2   ! RuntimeError: SDA query failed after 3 attempts: HTTP Error 400: Bad Request
  US-Ho1   ! RuntimeError: SDA query failed after 3 attempts: HTTP Error 400: Bad Request
  US-Ho2   ! RuntimeError: SDA query failed after 3 attempts: HTTP Error 400: Bad Request
  US-Ho3   ! RuntimeError: SDA query failed after 3 attempts: HTTP Error 400: Bad Request
  US-LPH   ! RuntimeError: SDA query failed after 3 attempts: HTTP Error 400: Bad Request
  US-MEF   ! RuntimeError: SDA query failed after 3 attempts: HTTP Error 400: Bad Request
  US-MMS   ! RuntimeError: SDA query failed after 3 attempts: HTTP Error 400: Bad Request
  US-MOz   ! RuntimeError: SDA query failed after 3 attempts: HTTP Error 400: Bad Request
  US-MRf   ! RuntimeError: SDA query failed after 3 attempts: HTTP Error 400: Bad Request
  US-Me1   ! RuntimeError: SDA query failed after 3 attempts: HTTP Error 400: Bad Request
  US-Me2   ! RuntimeError: SDA query failed after 3 attempts: HTTP Error 400: Bad Request
  US-Me4   ! RuntimeError: SDA query failed after 3 attempts: HTTP Error 400: Bad Request
  US-Me6   ! RuntimeError: SDA query failed after 3 attempts: HTTP Error 400: Bad Request
  US-Me7   ! RuntimeError: SDA query failed after 3 attempts: HTTP Error 400: Bad Request
  US-MtB   ! RuntimeError: SDA query failed after 3 attempts: HTTP Error 400: Bad Request
  US-NC2   ! RuntimeError: SDA query failed after 3 attempts: HTTP Error 400: Bad Request
  US-NC3   ! RuntimeError: SDA query failed after 3 attempts: HTTP Error 400: Bad Request
  US-NC5   ! RuntimeError: SDA query failed after 3 attempts: HTTP Error 400: Bad Request
  US-NMj   ! RuntimeError: SDA query failed after 3 attempts: HTTP Error 400: Bad Request
  US-NR1   ! RuntimeError: SDA query failed after 3 attempts: HTTP Error 400: Bad Request
  US-Oho   ! RuntimeError: SDA query failed after 3 attempts: HTTP Error 400: Bad Request
  US-PFL   ! RuntimeError: SDA query failed after 3 attempts: HTTP Error 400: Bad Request
  US-PFb   ! RuntimeError: SDA query failed after 3 attempts: HTTP Error 400: Bad Request
  US-PFc   ! RuntimeError: SDA query failed after 3 attempts: HTTP Error 400: Bad Request
  US-PFg   ! RuntimeError: SDA query failed after 3 attempts: HTTP Error 400: Bad Request
  US-PFh   ! RuntimeError: SDA query failed after 3 attempts: HTTP Error 400: Bad Request
  US-PFi   ! RuntimeError: SDA query failed after 3 attempts: HTTP Error 400: Bad Request
  US-PFj   ! RuntimeError: SDA query failed after 3 attempts: HTTP Error 400: Bad Request
  US-PFk   ! RuntimeError: SDA query failed after 3 attempts: HTTP Error 400: Bad Request
  US-PFm   ! RuntimeError: SDA query failed after 3 attempts: HTTP Error 400: Bad Request
  US-PFn   ! RuntimeError: SDA query failed after 3 attempts: HTTP Error 400: Bad Request
  US-PFp   ! RuntimeError: SDA query failed after 3 attempts: HTTP Error 400: Bad Request
  US-PFq   ! RuntimeError: SDA query failed after 3 attempts: HTTP Error 400: Bad Request
  US-PFs   ! RuntimeError: SDA query failed after 3 attempts: HTTP Error 400: Bad Request
  US-PFt   ! RuntimeError: SDA query failed after 3 attempts: HTTP Error 400: Bad Request
  US-SB1   ! RuntimeError: SDA query failed after 3 attempts: HTTP Error 400: Bad Request
  US-SHC   ! RuntimeError: SDA query failed after 3 attempts: HTTP Error 400: Bad Request
  US-SP1   ! RuntimeError: SDA query failed after 3 attempts: HTTP Error 400: Bad Request
  US-SP2   ! RuntimeError: SDA query failed after 3 attempts: HTTP Error 400: Bad Request
  US-SP3   ! RuntimeError: SDA query failed after 3 attempts: HTTP Error 400: Bad Request
  US-SP4   ! RuntimeError: SDA query failed after 3 attempts: HTTP Error 400: Bad Request
  US-SSH   ! RuntimeError: SDA query failed after 3 attempts: HTTP Error 400: Bad Request
  US-Slt   ! RuntimeError: SDA query failed after 3 attempts: HTTP Error 400: Bad Request
  US-TEF   ! RuntimeError: SDA query failed after 3 attempts: HTTP Error 400: Bad Request
  US-UMB   ! RuntimeError: SDA query failed after 3 attempts: HTTP Error 400: Bad Request
  US-UMd   ! RuntimeError: SDA query failed after 3 attempts: HTTP Error 400: Bad Request
  US-Vcm   ! RuntimeError: SDA query failed after 3 attempts: HTTP Error 400: Bad Request
  US-Vcp   ! RuntimeError: SDA query failed after 3 attempts: HTTP Error 400: Bad Request
  US-Vcs   ! RuntimeError: SDA query failed after 3 attempts: HTTP Error 400: Bad Request
  US-WBW   ! RuntimeError: SDA query failed after 3 attempts: HTTP Error 400: Bad Request
  US-WCr   ! RuntimeError: SDA query failed after 3 attempts: HTTP Error 400: Bad Request
  US-Wi1   ! RuntimeError: SDA query failed after 3 attempts: HTTP Error 400: Bad Request
  US-Wi2   ! RuntimeError: SDA query failed after 3 attempts: HTTP Error 400: Bad Request
  US-Wi3   ! RuntimeError: SDA query failed after 3 attempts: HTTP Error 400: Bad Request
  US-Wi4   ! RuntimeError: SDA query failed after 3 attempts: HTTP Error 400: Bad Request
  US-Wrc   ! RuntimeError: SDA query failed after 3 attempts: HTTP Error 400: Bad Request
  US-xAB   ! RuntimeError: SDA query failed after 3 attempts: HTTP Error 400: Bad Request
  US-xBL   ! RuntimeError: SDA query failed after 3 attempts: HTTP Error 400: Bad Request
  US-xBR   ! RuntimeError: SDA query failed after 3 attempts: HTTP Error 400: Bad Request
  US-xGR   ! RuntimeError: SDA query failed after 3 attempts: HTTP Error 400: Bad Request
  US-xHA   ! RuntimeError: SDA query failed after 3 attempts: HTTP Error 400: Bad Request
  US-xJE   ! RuntimeError: SDA query failed after 3 attempts: HTTP Error 400: Bad Request
  US-xLE   ! RuntimeError: SDA query failed after 3 attempts: HTTP Error 400: Bad Request
  US-xML   ! RuntimeError: SDA query failed after 3 attempts: HTTP Error 400: Bad Request
  US-xNW   ! RuntimeError: SDA query failed after 3 attempts: HTTP Error 400: Bad Request
  US-xRM   ! RuntimeError: SDA query failed after 3 attempts: HTTP Error 400: Bad Request
  US-xRN   ! RuntimeError: SDA query failed after 3 attempts: HTTP Error 400: Bad Request
  US-xSB   ! RuntimeError: SDA query failed after 3 attempts: HTTP Error 400: Bad Request
  US-xSC   ! RuntimeError: SDA query failed after 3 attempts: HTTP Error 400: Bad Request
  US-xSE   ! RuntimeError: SDA query failed after 3 attempts: HTTP Error 400: Bad Request
  US-xSP   ! RuntimeError: SDA query failed after 3 attempts: HTTP Error 400: Bad Request
  US-xST   ! RuntimeError: SDA query failed after 3 attempts: HTTP Error 400: Bad Request
  US-xTA   ! RuntimeError: SDA query failed after 3 attempts: HTTP Error 400: Bad Request
  US-xTE   ! RuntimeError: SDA query failed after 3 attempts: HTTP Error 400: Bad Request
  US-xTR   ! RuntimeError: SDA query failed after 3 attempts: HTTP Error 400: Bad Request
  US-xUK   ! RuntimeError: SDA query failed after 3 attempts: HTTP Error 400: Bad Request
  US-xWR   ! RuntimeError: SDA query failed after 3 attempts: HTTP Error 400: Bad Request
  US-xYE   ! RuntimeError: SDA query failed after 3 attempts: HTTP Error 400: Bad Request

finished   : 2026-08-08T18:34:09Z
exit status: 0
512	/vol_efthymios/NFS07/dd1136/T_and_C/input_data/soil
