job        : 40376
node       : soenode78
cluster    : soe   partition: SOE_legacy
results    : /vol_efthymios/NFS07/dd1136/T_and_C/result_summary
started    : 2026-08-28T05:48:08Z

labels era5 : ok
labels gcm  : ok
  labels matched 557600/564160 rows
  ssp126     annual      564160 rows ->   19680 metric rows
  labels matched 6756524/6769644 rows
  ssp126     monthly    6769644 rows ->  255792 metric rows
  labels matched 2250074/2263194 rows
  ssp126     seasonal   2263194 rows ->   78720 metric rows
  note: lma_effect_ssp126_annual.csv has no gcm column; LMA cannot be attributed per model for ssp126
  lma ssp126      1057800 rows ->     7052 unique on ['station', 'year'], 1 model(s)
  ssp126     sens annual     51660 regression rows
  note: lma_effect_ssp126_annual.csv has no gcm column; LMA cannot be attributed per model for ssp126
  lma ssp126      1057800 rows ->     7052 unique on ['station', 'year'], 1 model(s)
  ssp126     sens monthly   619794 regression rows
  note: lma_effect_ssp126_annual.csv has no gcm column; LMA cannot be attributed per model for ssp126
  lma ssp126      1057800 rows ->     7052 unique on ['station', 'year'], 1 model(s)
  ssp126     sens seasonal  206640 regression rows

-> /vol_efthymios/NFS07/dd1136/T_and_C/result_summary/s126_metrics.csv  (354192 rows)
-> /vol_efthymios/NFS07/dd1136/T_and_C/result_summary/s126_sensitivity.csv  (878094 rows)

finished   : 2026-08-28T06:23:10Z
exit status: 0  (1 = an input was missing; read the list above)
