job        : 40384
node       : soenode78
cluster    : soe   partition: SOE_legacy
results    : /vol_efthymios/NFS07/dd1136/T_and_C/result_summary
started    : 2026-08-28T06:47:08Z

labels era5 : ok
labels gcm  : ok
  labels matched 557600/564160 rows
  ssp126     annual      564160 rows ->   19680 metric rows
  labels matched 6756524/6769644 rows
  ssp126     monthly    6769644 rows ->  255792 metric rows
  labels matched 2250074/2263194 rows
  ssp126     seasonal   2263194 rows ->   78720 metric rows
  lma ssp126      1057800 rows ->    35260 unique on ['gcm', 'station', 'year'], 5 model(s)
  ssp126     sens annual     51660 regression rows
  lma ssp126      1057800 rows ->    35260 unique on ['gcm', 'station', 'year'], 5 model(s)
  ssp126     sens monthly   619794 regression rows
  lma ssp126      1057800 rows ->    35260 unique on ['gcm', 'station', 'year'], 5 model(s)
  ssp126     sens seasonal  206640 regression rows

-> /vol_efthymios/NFS07/dd1136/T_and_C/result_summary/s126_metrics.csv  (354192 rows)
-> /vol_efthymios/NFS07/dd1136/T_and_C/result_summary/s126_sensitivity.csv  (878094 rows)

finished   : 2026-08-28T07:27:08Z
exit status: 0  (1 = an input was missing; read the list above)
