job        : 39630
node       : soenode78
cluster    : soe   partition: SOE_legacy
results    : /vol_efthymios/NFS07/dd1136/T_and_C/result_summary
figures    : /vol_efthymios/NFS07/dd1136/T_and_C/figures
towers     : /vol_efthymios/NFS07/dd1136/T_and_C/T_and_C_dynamic_LMA/preprocessing/fluxnet
started    : 2026-08-26T22:25:06Z

  tower: 42 station(s) unusable, e.g. US-Blk: no YY file
  annual: stations per row {'GPP': 17, 'ET': 22, 'QE': 22, 'H': 22}; 33 negative correlation(s) -- axes extended
  -> /vol_efthymios/NFS07/dd1136/T_and_C/figures/taylor_annual.png
  tower: 42 station(s) unusable, e.g. US-Blk: no MM file
  monthly: stations per row {'GPP': 42, 'ET': 51, 'QE': 51, 'H': 51}
  -> /vol_efthymios/NFS07/dd1136/T_and_C/figures/taylor_monthly.png
  tower: 42 station(s) unusable, e.g. US-Blk: no MM file
  DJF: stations per row {'GPP': 17, 'ET': 22, 'QE': 22, 'H': 22}; 61 negative correlation(s) -- axes extended
  -> /vol_efthymios/NFS07/dd1136/T_and_C/figures/taylor_DJF.png
  tower: 42 station(s) unusable, e.g. US-Blk: no MM file
  MAM: stations per row {'GPP': 17, 'ET': 22, 'QE': 22, 'H': 22}; 9 negative correlation(s) -- axes extended
  -> /vol_efthymios/NFS07/dd1136/T_and_C/figures/taylor_MAM.png
  tower: 42 station(s) unusable, e.g. US-Blk: no MM file
  JJA: stations per row {'GPP': 17, 'ET': 22, 'QE': 22, 'H': 22}; 12 negative correlation(s) -- axes extended
  -> /vol_efthymios/NFS07/dd1136/T_and_C/figures/taylor_JJA.png
  tower: 42 station(s) unusable, e.g. US-Blk: no MM file
  SON: stations per row {'GPP': 19, 'ET': 24, 'QE': 24, 'H': 24}; 21 negative correlation(s) -- axes extended
  -> /vol_efthymios/NFS07/dd1136/T_and_C/figures/taylor_SON.png

finished   : 2026-08-26T22:26:36Z
exit status: 0
