job        : 39691
node       : soenode78
cluster    : soe   partition: SOE_legacy
results    : /vol_efthymios/NFS07/dd1136/T_and_C/result_summary
figures    : /vol_efthymios/NFS07/dd1136/T_and_C/figures
towers     : /vol_efthymios/NFS07/dd1136/T_and_C/T_and_C_dynamic_LMA/preprocessing/fluxnet
started    : 2026-08-27T03:27:06Z

  tower: 42 station(s) unusable, e.g. US-Blk: no YY file
  annual: stations per row {'GPP': 20, 'ET': 25, 'QE': 25, 'H': 25}; 52 negative correlation(s) -- axes extended
  -> /vol_efthymios/NFS07/dd1136/T_and_C/figures/taylor_annual.png
  tower: 42 station(s) unusable, e.g. US-Blk: no MM file
  monthly: stations per row {'GPP': 56, 'ET': 64, 'QE': 64, 'H': 64}; 8 negative correlation(s) -- axes extended
  -> /vol_efthymios/NFS07/dd1136/T_and_C/figures/taylor_monthly.png
  tower: 42 station(s) unusable, e.g. US-Blk: no MM file
  DJF: stations per row {'GPP': 23, 'ET': 28, 'QE': 28, 'H': 28}; 108 negative correlation(s) -- axes extended
  -> /vol_efthymios/NFS07/dd1136/T_and_C/figures/taylor_DJF.png
  tower: 42 station(s) unusable, e.g. US-Blk: no MM file
  MAM: stations per row {'GPP': 23, 'ET': 28, 'QE': 28, 'H': 28}; 51 negative correlation(s) -- axes extended
  -> /vol_efthymios/NFS07/dd1136/T_and_C/figures/taylor_MAM.png
  tower: 42 station(s) unusable, e.g. US-Blk: no MM file
  JJA: stations per row {'GPP': 23, 'ET': 28, 'QE': 28, 'H': 28}; 60 negative correlation(s) -- axes extended
  -> /vol_efthymios/NFS07/dd1136/T_and_C/figures/taylor_JJA.png
  tower: 42 station(s) unusable, e.g. US-Blk: no MM file
  SON: stations per row {'GPP': 23, 'ET': 28, 'QE': 28, 'H': 28}; 59 negative correlation(s) -- axes extended
  -> /vol_efthymios/NFS07/dd1136/T_and_C/figures/taylor_SON.png

finished   : 2026-08-27T03:28:34Z
exit status: 0
