MATLAB: <unknown>:0: <unknown>: Assertion `This application failed to start because no Qt platform plugin could be initialized. Reinstalling the application may fix this problem.

Available platform plugins are: linuxfb, minimal, offscreen, vnc, xcb.
' failed.

--------------------------------------------------------------------------------
                Assertion detected at 2026-08-11 01:30:54 -0400
--------------------------------------------------------------------------------

Configuration:
  Crash Decoding           : Disabled - No sandbox or build area path
  Crash Mode               : continue (default)
  Default Encoding         : UTF-8
  Deployed                 : false
  GNU C Library            : 2.36 stable
  Graphics Driver          : Uninitialized software 
  Graphics card 1          : 0x1a03 ( 0x1a03 ) 0x2000 Version 0.0.0.0 (0-0-0)
  MATLAB Architecture      : glnxa64
  MATLAB Entitlement ID    : 872120
  MATLAB Root              : /opt/apps/matlab_2025a
  MATLAB Version           : 25.1.0.2943329 (R2025a)
  OpenGL                   : software
  Operating System         : Linux 6.1.0-45-amd64 #1 SMP PREEMPT_DYNAMIC Debian 6.1.170-1 (2026-04-30) x86_64
  Process ID               : 3823598
  Processor ID             : x86 Family 23 Model 49 Stepping 0, AuthenticAMD
  Session Key              : 1s3oa6xjwzd6tqnonhwd9yeq3
  Window System            : No active display

Fault Count: 1


Assertion:
This application failed to start because no Qt platform plugin could be initialized. Reinstalling the application may fix this problem.

Available platform plugins are: linuxfb, minimal, offscreen, vnc, xcb.


Current Thread: 'MCR 0 interpret' id 22919580006080

Register State (captured):
  RAX = 0000000000000000  RBX = 000014d978843428
  RCX = 0000000000000000  RDX = 000014d97882cd18
  RSP = 000014d8616c9650  RBP = 000014d8616c9a30
  RSI = 000014d978811ab5  RDI = 000014d8616c9660

   R8 = 0000000000000002   R9 = 000014d8616c9940
  R10 = 0000000000000000  R11 = 0000000000000000
  R12 = 000014d978811ab5  R13 = 000014d8616c9aa0
  R14 = 000014d8616c9f00  R15 = 000014d84400dfa8

  RIP = 000014d9787b50ff  EFL = 0000000000000000

   CS = 0000   FS = 0000   GS = 0000

Stack Trace (captured):
[  0] 0x000014d9787aeb93      /opt/apps/matlab_2025a/bin/glnxa64/libmwfl.so+00326547
[  1] 0x000014d9787aeddc      /opt/apps/matlab_2025a/bin/glnxa64/libmwfl.so+00327132 _ZN10foundation4core4diag15stacktrace_base7captureEm+00000028
[  2] 0x000014d9787b0c9a      /opt/apps/matlab_2025a/bin/glnxa64/libmwfl.so+00335002
[  3] 0x000014d9787b18b2      /opt/apps/matlab_2025a/bin/glnxa64/libmwfl.so+00338098
[  4] 0x000014d9787b1937      /opt/apps/matlab_2025a/bin/glnxa64/libmwfl.so+00338231
[  5] 0x000014d8d7cccb1a /opt/apps/matlab_2025a/bin/glnxa64/matlab_startup_plugins/foundation/platform/pf_matlab_integ/../../../../../../bin/glnxa64/libmwpf_internal.so+00355098
[  6] 0x000014d9467293f1 /opt/apps/matlab_2025a/bin/glnxa64/matlab_startup_plugins/cefclient/../../../../bin/glnxa64/libQt5Core.so.5+00693233
[  7] 0x000014d946729496 /opt/apps/matlab_2025a/bin/glnxa64/matlab_startup_plugins/cefclient/../../../../bin/glnxa64/libQt5Core.so.5+00693398
[  8] 0x000014d94671c5cd /opt/apps/matlab_2025a/bin/glnxa64/matlab_startup_plugins/cefclient/../../../../bin/glnxa64/libQt5Core.so.5+00640461 _ZNK14QMessageLogger5fatalEPKcz+00000153
[  9] 0x000014d94629f114 /opt/apps/matlab_2025a/bin/glnxa64/matlab_startup_plugins/cefclient/../../../../bin/glnxa64/libQt5Gui.so.5+01118484 _ZN22QGuiApplicationPrivate25createPlatformIntegrationEv+00003008
[ 10] 0x000014d94629f54b /opt/apps/matlab_2025a/bin/glnxa64/matlab_startup_plugins/cefclient/../../../../bin/glnxa64/libQt5Gui.so.5+01119563 _ZN22QGuiApplicationPrivate21createEventDispatcherEv+00000019
[ 11] 0x000014d9468534d0 /opt/apps/matlab_2025a/bin/glnxa64/matlab_startup_plugins/cefclient/../../../../bin/glnxa64/libQt5Core.so.5+01914064 _ZN23QCoreApplicationPrivate4initEv+00000534
[ 12] 0x000014d9462a047c /opt/apps/matlab_2025a/bin/glnxa64/matlab_startup_plugins/cefclient/../../../../bin/glnxa64/libQt5Gui.so.5+01123452 _ZN22QGuiApplicationPrivate4initEv+00000032
[ 13] 0x000014d945dc112f /opt/apps/matlab_2025a/bin/glnxa64/matlab_startup_plugins/cefclient/../../../../bin/glnxa64/libQt5Widgets.so.5+01532207 _ZN19QApplicationPrivate4initEv+00000009
[ 14] 0x000014d8d7d0399e /opt/apps/matlab_2025a/bin/glnxa64/matlab_startup_plugins/foundation/platform/pf_matlab_integ/../../../../../../bin/glnxa64/libmwpf_internal.so+00579998 _ZN16PFGuiApplicationC2ERiPPc+00000030
[ 15] 0x000014d8d7cca2fb /opt/apps/matlab_2025a/bin/glnxa64/matlab_startup_plugins/foundation/platform/pf_matlab_integ/../../../../../../bin/glnxa64/libmwpf_internal.so+00344827 _ZN9GuiThread3runEv+00001579
[ 16] 0x000014d978bd28c3 /opt/apps/matlab_2025a/bin/glnxa64/../../sys/os/glnxa64/libstdc++.so.6+00903363
[ 17] 0x000014d97897d1f5                    /lib/x86_64-linux-gnu/libc.so.6+00561653
[ 18] 0x000014d9789fd89c                    /lib/x86_64-linux-gnu/libc.so.6+01087644

** This crash report has been saved to disk as /volume/NFS/dd1136/matlab_crash_dump.3823598-1 **



MATLAB is exiting because of fatal error
/var/spool/slurmd/job36241/slurm_script: line 106: 3823598 Killed                  matlab -nodisplay -nosplash -batch "addpath('$REPO_ROOT/preprocessing'); exit(make_figures('$RUNDIR', $FORCE_ARG))"
