job        : 36180  task none
node       : soeepyc06
started    : 2026-08-10T23:58:50Z
station    : US-HBK   arm: fixed_lma
rundir     : /vol_efthymios/NFS07/dd1136/T_and_C/model_run/US-HBK/era5_land/fixed_lma

  loading RES_US_HBK.mat (304 MB)

== MAIN VARIABLES HydrologicalBalanceModel ==
  Precipitation [mm]                                         44840.7352
  Ground Evaporation [mm]                                    6318.7568
  Transpiration High Vegetation [mm]                         5265.1577
  Transpiration Low Vegetation [mm]                          0
  Sublimation/Evaporation Snow [mm]                          1446.3557
  Saturation Excess (Dunne) [mm]                             1.4105e-10
  Infiltration Excess (Horton) [mm]                          -1.0666e-16
  Evaporation from Interception [mm]                         1570.4953
  Evaporation from Urban Soil [mm]                           0
  Evaporation from Rocks [mm]                                0
  Evaporation from Litter [mm]                               0
  Recharge [mm]                                              30210.7278
  Net Lateral Subsurface [mm]                                0
  Soil Water Content Variation [mm]                          -19.8164
  Snowpack Water Content Variation [mm]                      9.0892
  TOTAL BALANCE [mm]                                         -4.5366e-09

== CARBON BALANCE HIGH-VEGETATION - CROWN1 ==
  GPP Gross Primary Productivity [gC/m^2]                    22022.7885
  NPP Net Primary Productivity [gC/m^2]                      14112.6353
  ANPP Net Primary Productivity [gC/m^2]                     10634.6622
  RA Autrophic Respiration [gC/m^2]                          7910.1532
  Rg Growth Respiration [gC/m^2]                             4066.1538
  Rml Leaf Maintenance Respiration [gC/m^2]                  3024.4584
  Rexmy Exudation and Root Export [gC/m^2]                   429.7636
  Rms Sapwood Maintenance Respiration [gC/m^2]               91.2055
  Rms Carbohydrate Maintenance Respiration [gC/m^2]          59.7961
  Rmr Root Maintenance Respiration  [gC/m^2]                 668.5394

== CARBON BALANCE LOW-VEGETATION CROWN1 ==
  GPP Gross Primary Productivity [gC/m^2]                    0
  NPP Net Primary Productivity [gC/m^2]                      0
  ANPP Net Primary Productivity [gC/m^2]                     0
  RA Autrophic Respiration [gC/m^2]                          0
  Rg Growth Respiration [gC/m^2]                             0
  Rml Leaf Maintenance Respiration [gC/m^2]                  0
  Rexmy Exudation and Root Export [gC/m^2]                   0
  Rms Sapwood Maintenance Respiration [gC/m^2]               0
  Rms Carbohydrate Maintenance Respiration [gC/m^2]          0
  Rmr Root Maintenance Respiration  [gC/m^2]                 0

finished   : 2026-08-10T23:59:51Z
exit status: 137  (0 figures written, 2 nothing to do, 1 GRAPH_MOD failed)
png files   : 14
