job        : 36241  task none
node       : soeepyc06
started    : 2026-08-11T05:29:57Z
station    : US-HBK   arm: dyn_lma
rundir     : /vol_efthymios/NFS07/dd1136/T_and_C/model_run/US-HBK/era5_land/dyn_lma

  loading RES_US_HBK.mat (309 MB)

== MAIN VARIABLES HydrologicalBalanceModel ==
  Precipitation [mm]                                         44840.7352
  Ground Evaporation [mm]                                    5976.4031
  Transpiration High Vegetation [mm]                         6722.123
  Transpiration Low Vegetation [mm]                          0
  Sublimation/Evaporation Snow [mm]                          1701.6593
  Saturation Excess (Dunne) [mm]                             1.2917e-10
  Infiltration Excess (Horton) [mm]                          -1.1917e-16
  Evaporation from Interception [mm]                         1742.4484
  Evaporation from Urban Soil [mm]                           0
  Evaporation from Rocks [mm]                                0
  Evaporation from Litter [mm]                               0
  Recharge [mm]                                              28667.3065
  Net Lateral Subsurface [mm]                                0
  Soil Water Content Variation [mm]                          -21.8962
  Snowpack Water Content Variation [mm]                      8.6043
  TOTAL BALANCE [mm]                                         -8.1127e-10

== CARBON BALANCE HIGH-VEGETATION - CROWN1 ==
  GPP Gross Primary Productivity [gC/m^2]                    24749.7032
  NPP Net Primary Productivity [gC/m^2]                      15927.3573
  ANPP Net Primary Productivity [gC/m^2]                     11676.9713
  RA Autrophic Respiration [gC/m^2]                          8822.3459
  Rg Growth Respiration [gC/m^2]                             4566.3311
  Rml Leaf Maintenance Respiration [gC/m^2]                  3361.5834
  Rexmy Exudation and Root Export [gC/m^2]                   523.5204
  Rms Sapwood Maintenance Respiration [gC/m^2]               111.5963
  Rms Carbohydrate Maintenance Respiration [gC/m^2]          69.0498
  Rmr Root Maintenance Respiration  [gC/m^2]                 713.7853

== CARBON BALANCE LOW-VEGETATION CROWN1 ==
  GPP Gross Primary Productivity [gC/m^2]                    0
  NPP Net Primary Productivity [gC/m^2]                      0
  ANPP Net Primary Productivity [gC/m^2]                     0
  RA Autrophic Respiration [gC/m^2]                          0
  Rg Growth Respiration [gC/m^2]                             0
  Rml Leaf Maintenance Respiration [gC/m^2]                  0
  Rexmy Exudation and Root Export [gC/m^2]                   0
  Rms Sapwood Maintenance Respiration [gC/m^2]               0
  Rms Carbohydrate Maintenance Respiration [gC/m^2]          0
  Rmr Root Maintenance Respiration  [gC/m^2]                 0

finished   : 2026-08-11T05:30:54Z
exit status: 137  (0 figures written, 2 nothing to do, 1 GRAPH_MOD failed)
png files   : 14
