job        : 36239
node       : soeepyc06
started    : 2026-08-11T05:29:57Z
model_run  : /vol_efthymios/NFS07/dd1136/T_and_C/model_run

model_run : /vol_efthymios/NFS07/dd1136/T_and_C/model_run
stations  : 1

US-HBK
  Sl_H  fixed=0.025225  dyn(final)=0.023724
  variable verdict       max|diff|   mean|diff| as % of |fixed|
  LAI_H    differs         1.10153                       5.481%
  An_H     differs         3.10655                       2.705%
  B_H      differs         74.2778                       2.496%
  T_H      differs       0.0910773                       3.114%
  EIn_H    differs       0.0945365                       4.659%
  EG       differs        0.299891                       4.000%
  QE       differs         205.086                       2.301%
  H        differs         213.947                       1.911%
  Rn       differs         318.735                       0.335%
  SWE      differs         4.01905                       0.366%
  Lk       differs        0.530382                       5.409%

  OK: the arms differ. LAI_H mean |diff| = 5.48% of the fixed-arm mean.

============================================================
every station's arms differ: the fixed-vs-dynamic treatment is live

finished   : 2026-08-11T05:30:04Z
exit status: 0  (1 = at least one station has NO treatment effect)
