job        : 37713
node       : soeepyc06
cluster    : soe   partition: SOE_main
started    : 2026-08-19T18:30:28Z
model_run  : /vol_efthymios/NFS07/dd1136/T_and_C/model_run

model_run : /vol_efthymios/NFS07/dd1136/T_and_C/model_run
stations  : 1

US-Wrc  era5_land
  Sl_H  fixed=0.014114  dyn(final)=0.014463
  variable verdict       max|diff|   mean|diff| as % of |fixed|
  LAI_H    differs        0.890549                       5.341%
  An_H     differs         5.92266                       2.539%
  B_H      differs         93.8619                       1.003%
  T_H      differs        0.239104                       3.146%
  EIn_H    differs        0.404522                       3.112%
  EG       differs        0.150413                       8.010%
  QE       differs         249.313                       2.852%
  H        differs         641.132                       2.133%
  Rn       differs         799.311                       0.450%
  SWE      differs         19.1651                       0.813%
  Lk       differs        0.962213                       5.864%

  OK: the arms differ. LAI_H mean |diff| = 5.34% of the fixed-arm mean.

US-Wrc  historical/GFDL-ESM4
  Sl_H  fixed=0.014646  dyn(final)=0.012737
  variable verdict       max|diff|   mean|diff| as % of |fixed|
  LAI_H    differs          0.6681                       3.070%
  An_H     differs         5.68562                       1.470%
  B_H      differs          63.779                       0.686%
  T_H      differs       0.0663304                       1.742%
  EIn_H    differs        0.403118                       2.908%
  EG       differs       0.0474444                       3.305%
  QE       differs         259.771                       1.815%
  H        differs          442.18                       1.095%
  Rn       differs         562.034                       0.145%
  SWE      differs         6.20385                       1.525%
  Lk       differs         1.53194                       5.769%

  OK: the arms differ. LAI_H mean |diff| = 3.07% of the fixed-arm mean.

US-Wrc  historical/IPSL-CM6A-LR
  Sl_H  fixed=0.014646  dyn(final)=0.014039
  variable verdict       max|diff|   mean|diff| as % of |fixed|
  LAI_H    differs        0.488404                       3.405%
  An_H     differs         5.00644                       1.747%
  B_H      differs         47.9987                       0.447%
  T_H      differs       0.0927138                       1.985%
  EIn_H    differs        0.417718                       3.080%
  EG       differs       0.0522499                       3.561%
  QE       differs         260.914                       1.995%
  H        differs         602.061                       1.176%
  Rn       differs         559.008                       0.169%
  SWE      differs         10.3953                       2.438%
  Lk       differs         1.88988                       6.796%

  OK: the arms differ. LAI_H mean |diff| = 3.41% of the fixed-arm mean.

US-Wrc  historical/MPI-ESM1-2-HR
  Sl_H  fixed=0.014646  dyn(final)=0.015562
  variable verdict       max|diff|   mean|diff| as % of |fixed|
  LAI_H    differs        0.345077                       3.189%
  An_H     differs         2.68835                       1.534%
  B_H      differs         15.1331                       0.257%
  T_H      differs       0.0861451                       1.806%
  EIn_H    differs        0.397462                       2.999%
  EG       differs        0.125232                       3.936%
  QE       differs         277.121                       1.871%
  H        differs         682.771                       1.160%
  Rn       differs         566.383                       0.116%
  SWE      differs         6.33841                       1.099%
  Lk       differs         4.28817                       7.347%

  OK: the arms differ. LAI_H mean |diff| = 3.19% of the fixed-arm mean.

US-Wrc  historical/MRI-ESM2-0
  Sl_H  fixed=0.014646  dyn(final)=0.013741
  variable verdict       max|diff|   mean|diff| as % of |fixed|
  LAI_H    differs         0.52865                       3.188%
  An_H     differs         4.41536                       1.444%
  B_H      differs         42.7005                       0.502%
  T_H      differs       0.0449477                       1.773%
  EIn_H    differs        0.441678                       3.000%
  EG       differs       0.0998655                       3.687%
  QE       differs         230.938                       1.850%
  H        differs         484.581                       1.087%
  Rn       differs         549.362                       0.119%
  SWE      differs         8.21146                       2.478%
  Lk       differs         4.30153                       7.441%

  OK: the arms differ. LAI_H mean |diff| = 3.19% of the fixed-arm mean.

US-Wrc  historical/UKESM1-0-LL
  Sl_H  fixed=0.014646  dyn(final)=0.014027
  variable verdict       max|diff|   mean|diff| as % of |fixed|
  LAI_H    differs        0.383836                       2.681%
  An_H     differs         7.99784                       1.550%
  B_H      differs         24.9675                       0.377%
  T_H      differs        0.113275                       1.704%
  EIn_H    differs        0.326535                       2.458%
  EG       differs       0.0661734                       3.499%
  QE       differs         280.402                       1.699%
  H        differs         371.375                       0.975%
  Rn       differs         537.904                       0.098%
  SWE      differs         2.68216                       1.197%
  Lk       differs         1.56595                       5.529%

  OK: the arms differ. LAI_H mean |diff| = 2.68% of the fixed-arm mean.

US-Wrc  ssp126/GFDL-ESM4
  Sl_H  fixed=0.014646  dyn(final)=0.015561
  variable verdict       max|diff|   mean|diff| as % of |fixed|
  LAI_H    differs        0.722524                       3.689%
  An_H     differs         6.17388                       1.665%
  B_H      differs         404.977                       1.148%
  T_H      differs         0.20066                       2.091%
  EIn_H    differs        0.427116                       3.207%
  EG       differs        0.162897                       4.005%
  QE       differs          308.44                       2.073%
  H        differs         517.744                       1.148%
  Rn       differs          622.94                       0.089%
  SWE      differs         6.55772                       1.326%
  Lk       differs         3.50084                       3.629%

  OK: the arms differ. LAI_H mean |diff| = 3.69% of the fixed-arm mean.

US-Wrc  ssp126/IPSL-CM6A-LR
  Sl_H  fixed=0.014646  dyn(final)=0.013692
  variable verdict       max|diff|   mean|diff| as % of |fixed|
  LAI_H    differs        0.677025                       3.564%
  An_H     differs         9.38405                       1.838%
  B_H      differs          224.85                       0.892%
  T_H      differs         0.13958                       2.083%
  EIn_H    differs        0.370857                       3.054%
  EG       differs        0.079261                       3.998%
  QE       differs         346.563                       2.085%
  H        differs         618.625                       1.187%
  Rn       differs         534.103                       0.109%
  SWE      differs         18.3159                       2.349%
  Lk       differs         5.13531                       5.037%

  OK: the arms differ. LAI_H mean |diff| = 3.56% of the fixed-arm mean.

US-Wrc  ssp126/MPI-ESM1-2-HR
  Sl_H  fixed=0.014646  dyn(final)=0.014857
  variable verdict       max|diff|   mean|diff| as % of |fixed|
  LAI_H    differs        0.547625                       3.077%
  An_H     differs         8.75459                       1.569%
  B_H      differs         184.056                       0.501%
  T_H      differs        0.129858                       1.812%
  EIn_H    differs        0.424556                       2.634%
  EG       differs        0.146872                       3.577%
  QE       differs         319.594                       1.797%
  H        differs         606.015                       1.016%
  Rn       differs         594.494                       0.095%
  SWE      differs         16.5343                       1.650%
  Lk       differs         5.06004                       5.288%

  OK: the arms differ. LAI_H mean |diff| = 3.08% of the fixed-arm mean.

US-Wrc  ssp126/MRI-ESM2-0
  Sl_H  fixed=0.014646  dyn(final)=0.014448
  variable verdict       max|diff|   mean|diff| as % of |fixed|
  LAI_H    differs        0.527028                       2.703%
  An_H     differs         5.57142                       1.230%
  B_H      differs         115.678                       0.344%
  T_H      differs        0.179733                       1.536%
  EIn_H    differs        0.462408                       2.425%
  EG       differs        0.167148                       3.266%
  QE       differs          314.83                       1.570%
  H        differs         460.648                       0.947%
  Rn       differs         524.963                       0.081%
  SWE      differs          11.387                       1.673%
  Lk       differs         4.78686                       5.081%

  OK: the arms differ. LAI_H mean |diff| = 2.70% of the fixed-arm mean.

US-Wrc  ssp126/UKESM1-0-LL
  Sl_H  fixed=0.014646  dyn(final)=0.012119
  variable verdict       max|diff|   mean|diff| as % of |fixed|
  LAI_H    differs         1.30009                       6.976%
  An_H     differs         11.2396                       4.047%
  B_H      differs         687.047                       3.108%
  T_H      differs        0.221493                       4.257%
  EIn_H    differs        0.370715                       5.568%
  EG       differs        0.117467                       5.889%
  QE       differs         299.547                       3.980%
  H        differs         379.538                       1.918%
  Rn       differs         474.633                       0.129%
  SWE      differs         8.63576                       3.127%
  Lk       differs         8.88025                       2.625%

  OK: the arms differ. LAI_H mean |diff| = 6.98% of the fixed-arm mean.

US-Wrc  ssp585/GFDL-ESM4
  Sl_H  fixed=0.014646  dyn(final)=0.015874
  variable verdict       max|diff|   mean|diff| as % of |fixed|
  LAI_H    differs        0.764305                       3.583%
  An_H     differs         10.7343                       1.584%
  B_H      differs         382.819                       1.040%
  T_H      differs        0.301039                       2.183%
  EIn_H    differs        0.360906                       2.968%
  EG       differs        0.114769                       3.777%
  QE       differs          357.15                       2.097%
  H        differs         532.725                       1.092%
  Rn       differs         580.722                       0.082%
  SWE      differs         13.8439                       2.548%
  Lk       differs         1.98992                       2.689%

  OK: the arms differ. LAI_H mean |diff| = 3.58% of the fixed-arm mean.

US-Wrc  ssp585/IPSL-CM6A-LR
  Sl_H  fixed=0.014646  dyn(final)=0.015943
  variable verdict       max|diff|   mean|diff| as % of |fixed|
  LAI_H    differs        0.719255                       3.666%
  An_H     differs         12.9012                       1.995%
  B_H      differs         179.155                       0.370%
  T_H      differs        0.350014                       2.640%
  EIn_H    differs        0.260032                       3.020%
  EG       differs       0.0852045                       3.765%
  QE       differs         318.079                       2.401%
  H        differs         579.645                       1.267%
  Rn       differs         566.567                       0.110%
  SWE      differs         5.08787                       1.163%
  Lk       differs         1.89768                       3.426%

  OK: the arms differ. LAI_H mean |diff| = 3.67% of the fixed-arm mean.

US-Wrc  ssp585/MPI-ESM1-2-HR
  Sl_H  fixed=0.014646  dyn(final)=0.014574
  variable verdict       max|diff|   mean|diff| as % of |fixed|
  LAI_H    differs        0.645991                       3.183%
  An_H     differs         9.66632                       1.724%
  B_H      differs         53.2457                       0.210%
  T_H      differs        0.211536                       2.044%
  EIn_H    differs        0.523737                       2.700%
  EG       differs        0.105109                       3.320%
  QE       differs         350.047                       1.966%
  H        differs         686.405                       1.003%
  Rn       differs         545.884                       0.082%
  SWE      differs            3.52                       1.309%
  Lk       differs         5.44226                       2.882%

  OK: the arms differ. LAI_H mean |diff| = 3.18% of the fixed-arm mean.

US-Wrc  ssp585/MRI-ESM2-0
  Sl_H  fixed=0.014646  dyn(final)=0.014267
  variable verdict       max|diff|   mean|diff| as % of |fixed|
  LAI_H    differs        0.596134                       2.946%
  An_H     differs         10.0528                       1.281%
  B_H      differs         131.195                       0.376%
  T_H      differs        0.213571                       1.763%
  EIn_H    differs        0.381502                       2.402%
  EG       differs        0.113699                       3.382%
  QE       differs          399.33                       1.692%
  H        differs         550.772                       0.942%
  Rn       differs         528.859                       0.078%
  SWE      differs         7.34189                       1.999%
  Lk       differs         2.65862                       2.772%

  OK: the arms differ. LAI_H mean |diff| = 2.95% of the fixed-arm mean.

US-Wrc  ssp585/UKESM1-0-LL
  Sl_H  fixed=0.014646  dyn(final)=0.012274
  variable verdict       max|diff|   mean|diff| as % of |fixed|
  LAI_H    differs         1.16351                       6.892%
  An_H     differs         21.3703                       3.959%
  B_H      differs         682.097                       3.149%
  T_H      differs        0.335725                       4.984%
  EIn_H    differs        0.335724                       5.415%
  EG       differs       0.0715513                       5.959%
  QE       differs         272.374                       4.414%
  H        differs         366.062                       2.139%
  Rn       differs         539.881                       0.138%
  SWE      differs         4.84258                       3.244%
  Lk       differs         3.83378                       2.349%

  OK: the arms differ. LAI_H mean |diff| = 6.89% of the fixed-arm mean.

============================================================
16 arm pair(s) checked across 1 station(s)
every pair's arms differ: the fixed-vs-dynamic treatment is live

finished   : 2026-08-19T18:30:47Z
exit status: 0  (1 = at least one station has NO treatment effect)
